Component: ARM Compiler 5.06 update 6 (build 750) Tool: armlink [4d35ed]

==============================================================================

Section Cross References

    main.o(.text) refers to misc.o(.text) for NVIC_PriorityGroupConfig
    main.o(.text) refers to delay.o(.text) for delay_init
    main.o(.text) refers to usart.o(.text) for uart_init
    main.o(.text) refers to led.o(.text) for LED_Init
    main.o(.text) refers to memory_manage.o(.text) for my_mem_init
    main.o(.text) refers to matrix.o(.text) for InitMatrix
    main.o(.text) refers to dflt_clz.o(x$fpl$dflt) for __aeabi_i2d
    main.o(.text) refers to ddiv.o(x$fpl$ddiv) for __aeabi_ddiv
    main.o(.text) refers to d2f.o(x$fpl$d2f) for __aeabi_d2f
    main.o(.text) refers to f2d.o(x$fpl$f2d) for __aeabi_f2d
    main.o(.text) refers to daddsub_clz.o(x$fpl$dsub) for __aeabi_dsub
    main.o(.text) refers to hopf_cpg.o(.text) for Coupling
    main.o(.text) refers to motor.o(.text) for AngletoPostion
    main.o(.text) refers to dynamixel.o(.text) for readDxlResult
    system_stm32f4xx.o(.text) refers to system_stm32f4xx.o(.data) for SystemCoreClock
    led.o(.text) refers to stm32f4xx_rcc.o(.text) for RCC_AHB1PeriphClockCmd
    led.o(.text) refers to stm32f4xx_gpio.o(.text) for GPIO_Init
    beep.o(.text) refers to stm32f4xx_rcc.o(.text) for RCC_AHB1PeriphClockCmd
    beep.o(.text) refers to stm32f4xx_gpio.o(.text) for GPIO_Init
    key.o(.text) refers to stm32f4xx_rcc.o(.text) for RCC_AHB1PeriphClockCmd
    key.o(.text) refers to stm32f4xx_gpio.o(.text) for GPIO_Init
    key.o(.text) refers to delay.o(.text) for delay_ms
    key.o(.text) refers to key.o(.data) for key_up
    dynamixel.o(.text) refers to usart.o(.text) for USART1_Send_Data
    dynamixel.o(.text) refers to h1_alloc.o(.text) for malloc
    dynamixel.o(.text) refers to h1_free.o(.text) for free
    dynamixel.o(.text) refers to dynamixel.o(.data) for _error
    motor.o(.text) refers to dmul.o(x$fpl$dmul) for __aeabi_dmul
    motor.o(.text) refers to dfix.o(x$fpl$dfix) for __aeabi_d2iz
    motor.o(.text) refers to dynamixel.o(.text) for setGoalPositionAtSpeed
    delay.o(.text) refers to misc.o(.text) for SysTick_CLKSourceConfig
    delay.o(.text) refers to delay.o(.data) for fac_us
    usart.o(.rev16_text) refers (Special) to use_no_semi_2.o(.text) for __use_no_semihosting
    usart.o(.revsh_text) refers (Special) to use_no_semi_2.o(.text) for __use_no_semihosting
    usart.o(.text) refers (Special) to use_no_semi_2.o(.text) for __use_no_semihosting
    usart.o(.text) refers to stm32f4xx_rcc.o(.text) for RCC_AHB1PeriphClockCmd
    usart.o(.text) refers to stm32f4xx_gpio.o(.text) for GPIO_PinAFConfig
    usart.o(.text) refers to stm32f4xx_usart.o(.text) for USART_Init
    usart.o(.text) refers to misc.o(.text) for NVIC_Init
    usart.o(.text) refers to usart.o(.bss) for USART_RX_BUF
    usart.o(.text) refers to usart.o(.data) for USART_RX_STA
    usart.o(.bss) refers (Special) to use_no_semi_2.o(.text) for __use_no_semihosting
    usart.o(.data) refers (Special) to use_no_semi_2.o(.text) for __use_no_semihosting
    memory_manage.o(.text) refers to memory_manage.o(.constdata) for memtblsize
    memory_manage.o(.text) refers to memory_manage.o(.data) for mallco_dev
    memory_manage.o(.data) refers to memory_manage.o(.text) for my_mem_init
    memory_manage.o(.data) refers to memory_manage.o(.bss) for mem1base
    memory_manage.o(.data) refers to memory_manage.o(.ARM.__AT_0x68000000) for mem2base
    memory_manage.o(.data) refers to memory_manage.o(.ARM.__AT_0x10000000) for mem3base
    memory_manage.o(.data) refers to memory_manage.o(.ARM.__AT_0x680F0000) for mem2mapbase
    memory_manage.o(.data) refers to memory_manage.o(.ARM.__AT_0x1000F000) for mem3mapbase
    startup_stm32f40_41xxx.o(STACK) refers (Special) to heapauxi.o(.text) for __use_two_region_memory
    startup_stm32f40_41xxx.o(HEAP) refers (Special) to heapauxi.o(.text) for __use_two_region_memory
    startup_stm32f40_41xxx.o(RESET) refers (Special) to heapauxi.o(.text) for __use_two_region_memory
    startup_stm32f40_41xxx.o(RESET) refers to startup_stm32f40_41xxx.o(STACK) for __initial_sp
    startup_stm32f40_41xxx.o(RESET) refers to startup_stm32f40_41xxx.o(.text) for Reset_Handler
    startup_stm32f40_41xxx.o(RESET) refers to stm32f4xx_it.o(.text) for NMI_Handler
    startup_stm32f40_41xxx.o(RESET) refers to usart.o(.text) for USART1_IRQHandler
    startup_stm32f40_41xxx.o(.text) refers (Special) to heapauxi.o(.text) for __use_two_region_memory
    startup_stm32f40_41xxx.o(.text) refers to system_stm32f4xx.o(.text) for SystemInit
    startup_stm32f40_41xxx.o(.text) refers to __main.o(!!!main) for __main
    startup_stm32f40_41xxx.o(.text) refers to startup_stm32f40_41xxx.o(HEAP) for Heap_Mem
    startup_stm32f40_41xxx.o(.text) refers to startup_stm32f40_41xxx.o(STACK) for Stack_Mem
    stm32f4xx_gpio.o(.text) refers to stm32f4xx_rcc.o(.text) for RCC_AHB1PeriphResetCmd
[...]
    .ARM.Collect$$libinit$$00000017          0x0800020a   Section        0  libinit2.o(.ARM.Collect$$libinit$$00000017)
    .ARM.Collect$$libinit$$00000019          0x0800020a   Section        0  libinit2.o(.ARM.Collect$$libinit$$00000019)
    .ARM.Collect$$libinit$$0000001B          0x0800020a   Section        0  libinit2.o(.ARM.Collect$$libinit$$0000001B)
    .ARM.Collect$$libinit$$0000001D          0x0800020a   Section        0  libinit2.o(.ARM.Collect$$libinit$$0000001D)
    .ARM.Collect$$libinit$$0000001F          0x0800020a   Section        0  libinit2.o(.ARM.Collect$$libinit$$0000001F)
    .ARM.Collect$$libinit$$00000021          0x0800020a   Section        0  libinit2.o(.ARM.Collect$$libinit$$00000021)
    .ARM.Collect$$libinit$$00000023          0x0800020a   Section        0  libinit2.o(.ARM.Collect$$libinit$$00000023)
    .ARM.Collect$$libinit$$00000025          0x0800020a   Section        0  libinit2.o(.ARM.Collect$$libinit$$00000025)
    .ARM.Collect$$libinit$$0000002C          0x0800020a   Section        0  libinit2.o(.ARM.Collect$$libinit$$0000002C)
    .ARM.Collect$$libinit$$0000002E          0x0800020a   Section        0  libinit2.o(.ARM.Collect$$libinit$$0000002E)
    .ARM.Collect$$libinit$$00000030          0x0800020a   Section        0  libinit2.o(.ARM.Collect$$libinit$$00000030)
    .ARM.Collect$$libinit$$00000032          0x0800020a   Section        0  libinit2.o(.ARM.Collect$$libinit$$00000032)
    .ARM.Collect$$libinit$$00000033          0x0800020a   Section        2  libinit2.o(.ARM.Collect$$libinit$$00000033)
    .ARM.Collect$$libshutdown$$00000000      0x0800020c   Section        2  libshutdown.o(.ARM.Collect$$libshutdown$$00000000)
    .ARM.Collect$$libshutdown$$00000002      0x0800020e   Section        0  libshutdown2.o(.ARM.Collect$$libshutdown$$00000002)
    .ARM.Collect$$libshutdown$$00000004      0x0800020e   Section        0  libshutdown2.o(.ARM.Collect$$libshutdown$$00000004)
    .ARM.Collect$$libshutdown$$00000007      0x0800020e   Section        0  libshutdown2.o(.ARM.Collect$$libshutdown$$00000007)
    .ARM.Collect$$libshutdown$$0000000A      0x0800020e   Section        0  libshutdown2.o(.ARM.Collect$$libshutdown$$0000000A)
    .ARM.Collect$$libshutdown$$0000000C      0x0800020e   Section        0  libshutdown2.o(.ARM.Collect$$libshutdown$$0000000C)
    .ARM.Collect$$libshutdown$$0000000F      0x0800020e   Section        0  libshutdown2.o(.ARM.Collect$$libshutdown$$0000000F)
    .ARM.Collect$$libshutdown$$00000010      0x0800020e   Section        2  libshutdown2.o(.ARM.Collect$$libshutdown$$00000010)
    .ARM.Collect$$rtentry$$00000000          0x08000210   Section        0  __rtentry.o(.ARM.Collect$$rtentry$$00000000)
    .ARM.Collect$$rtentry$$00000002          0x08000210   Section        0  __rtentry2.o(.ARM.Collect$$rtentry$$00000002)
    .ARM.Collect$$rtentry$$00000004          0x08000210   Section        6  __rtentry4.o(.ARM.Collect$$rtentry$$00000004)
    .ARM.Collect$$rtentry$$00000009          0x08000216   Section        0  __rtentry2.o(.ARM.Collect$$rtentry$$00000009)
    .ARM.Collect$$rtentry$$0000000A          0x08000216   Section        4  __rtentry2.o(.ARM.Collect$$rtentry$$0000000A)
    .ARM.Collect$$rtentry$$0000000C          0x0800021a   Section        0  __rtentry2.o(.ARM.Collect$$rtentry$$0000000C)
    .ARM.Collect$$rtentry$$0000000D          0x0800021a   Section        8  __rtentry2.o(.ARM.Collect$$rtentry$$0000000D)
    .ARM.Collect$$rtexit$$00000000           0x08000222   Section        2  rtexit.o(.ARM.Collect$$rtexit$$00000000)
    .ARM.Collect$$rtexit$$00000002           0x08000224   Section        0  rtexit2.o(.ARM.Collect$$rtexit$$00000002)
    .ARM.Collect$$rtexit$$00000003           0x08000224   Section        4  rtexit2.o(.ARM.Collect$$rtexit$$00000003)
    .ARM.Collect$$rtexit$$00000004           0x08000228   Section        6  rtexit2.o(.ARM.Collect$$rtexit$$00000004)
    .emb_text                                0x08000230   Section        0  maybetermalloc1.o(.emb_text)
    .text                                    0x08000230   Section        0  main.o(.text)
    .text                                    0x08000590   Section        0  stm32f4xx_it.o(.text)
    .text                                    0x080005ac   Section        0  system_stm32f4xx.o(.text)
    SetSysClock                              0x080005ad   Thumb Code   220  system_stm32f4xx.o(.text)
    .text                                    0x080007bc   Section        0  led.o(.text)
    .text                                    0x080007fc   Section        0  dynamixel.o(.text)
    .text                                    0x08000fe8   Section        0  motor.o(.text)
    .text                                    0x0800104c   Section        0  delay.o(.text)
    .text                                    0x08001150   Section        0  usart.o(.text)
    .text                                    0x080012f8   Section        0  memory_manage.o(.text)
    .text                                    0x08001524   Section       64  startup_stm32f40_41xxx.o(.text)
    $v0                                      0x08001524   Number         0  startup_stm32f40_41xxx.o(.text)
    .text                                    0x08001564   Section        0  misc.o(.text)
    .text                                    0x08001644   Section        0  stm32f4xx_gpio.o(.text)
    .text                                    0x080018d8   Section        0  stm32f4xx_rcc.o(.text)
    .text                                    0x08001f34   Section        0  stm32f4xx_usart.o(.text)
    .text                                    0x08002388   Section        0  hopf_cpg.o(.text)
    .text                                    0x080027fc   Section        0  matrix.o(.text)
    .text                                    0x080033a6   Section        2  use_no_semi_2.o(.text)
    .text                                    0x080033a8   Section        0  h1_alloc.o(.text)
    .text                                    0x08003406   Section        0  h1_free.o(.text)
    .text                                    0x08003454   Section      100  rt_memcpy_w.o(.text)
    .text                                    0x080034b8   Section       78  rt_memclr_w.o(.text)
    .text                                    0x08003506   Section        0  heapauxi.o(.text)
    .text                                    0x0800350c   Section        2  use_no_semi.o(.text)
    .text                                    0x08003510   Section        8  rt_heap_descriptor_intlibspace.o(.text)
    .text                                    0x08003518   Section        0  hguard.o(.text)
    .text                                    0x0800351c   Section        0  init_alloc.o(.text)
    .text                                    0x080035a6   Section        0  h1_init.o(.text)
    .text                                    0x080035b4   Section        0  _rserrno.o(.text)
    .text                                    0x080035cc   Section        8  libspace.o(.text)
    .text                                    0x080035d4   Section        8  rt_errno_addr_intlibspace.o(.text)
    .text                                    0x080035dc   Section        0  h1_extend.o(.text)
    .text                                    0x08003610   Section        0  defsig_rtmem_outer.o(.text)
    .text                                    0x0800361e   Section       74  sys_stackheap_outer.o(.text)
    .text                                    0x08003668   Section        0  exit.o(.text)
    .text                                    0x0800367a   Section        0  defsig_exit.o(.text)
    .text                                    0x08003684   Section        0  defsig_rtmem_inner.o(.text)
    .text                                    0x080036d4   Section        0  defsig_general.o(.text)
    i.__ARM_fpclassify                       0x08003706   Section        0  fpclassify.o(i.__ARM_fpclassify)
    i.__hardfp_cos                           0x08003738   Section        0  cos.o(i.__hardfp_cos)
    i.__hardfp_fabs                          0x08003800   Section        0  fabs.o(i.__hardfp_fabs)
    i.__hardfp_sin                           0x08003818   Section        0  sin.o(i.__hardfp_sin)
    i.__ieee754_rem_pio2                     0x080038e0   Section        0  rred.o(i.__ieee754_rem_pio2)
    i.__kernel_cos                           0x08003d18   Section        0  cos_i.o(i.__kernel_cos)
    i.__kernel_poly                          0x08003e88   Section        0  poly.o(i.__kernel_poly)
    i.__kernel_sin                           0x08003f80   Section        0  sin_i.o(i.__kernel_sin)
    i.__mathlib_dbl_infnan                   0x080040b0   Section        0  dunder.o(i.__mathlib_dbl_infnan)
    i.__mathlib_dbl_invalid                  0x080040c8   Section        0  dunder.o(i.__mathlib_dbl_invalid)
    i.__mathlib_dbl_underflow                0x080040e8   Section        0  dunder.o(i.__mathlib_dbl_underflow)
    i.fabs                                   0x08004108   Section        0  fabs.o(i.fabs)
    x$fpl$basic                              0x08004120   Section       24  basic.o(x$fpl$basic)
    $v0                                      0x08004120   Number         0  basic.o(x$fpl$basic)
    x$fpl$d2f                                0x08004138   Section       98  d2f.o(x$fpl$d2f)
    $v0                                      0x08004138   Number         0  d2f.o(x$fpl$d2f)
    x$fpl$dadd                               0x0800419c   Section      336  daddsub_clz.o(x$fpl$dadd)
    $v0                                      0x0800419c   Number         0  daddsub_clz.o(x$fpl$dadd)
    _dadd1                                   0x080041ad   Thumb Code     0  daddsub_clz.o(x$fpl$dadd)
    x$fpl$dcmpinf                            0x080042ec   Section       24  dcmpi.o(x$fpl$dcmpinf)
    $v0                                      0x080042ec   Number         0  dcmpi.o(x$fpl$dcmpinf)
    x$fpl$ddiv                               0x08004304   Section      688  ddiv.o(x$fpl$ddiv)
    $v0                                      0x08004304   Number         0  ddiv.o(x$fpl$ddiv)
    ddiv_entry                               0x0800430b   Thumb Code     0  ddiv.o(x$fpl$ddiv)
    x$fpl$deqf                               0x080045b4   Section      120  deqf.o(x$fpl$deqf)
    $v0                                      0x080045b4   Number         0  deqf.o(x$fpl$deqf)
    x$fpl$dfix                               0x0800462c   Section       94  dfix.o(x$fpl$dfix)
    $v0                                      0x0800462c   Number         0  dfix.o(x$fpl$dfix)
    x$fpl$dflt                               0x0800468a   Section       46  dflt_clz.o(x$fpl$dflt)
    $v0                                      0x0800468a   Number         0  dflt_clz.o(x$fpl$dflt)
    x$fpl$dfltu                              0x080046b8   Section       38  dflt_clz.o(x$fpl$dfltu)
    $v0                                      0x080046b8   Number         0  dflt_clz.o(x$fpl$dfltu)
    x$fpl$dleqf                              0x080046e0   Section      120  dleqf.o(x$fpl$dleqf)
    $v0                                      0x080046e0   Number         0  dleqf.o(x$fpl$dleqf)
    x$fpl$dmul                               0x08004758   Section      340  dmul.o(x$fpl$dmul)
    $v0                                      0x08004758   Number         0  dmul.o(x$fpl$dmul)
    x$fpl$dnaninf                            0x080048ac   Section      156  dnaninf.o(x$fpl$dnaninf)
    $v0                                      0x080048ac   Number         0  dnaninf.o(x$fpl$dnaninf)
    x$fpl$dretinf                            0x08004948   Section       12  dretinf.o(x$fpl$dretinf)
    $v0                                      0x08004948   Number         0  dretinf.o(x$fpl$dretinf)
    x$fpl$drleqf                             0x08004954   Section      108  drleqf.o(x$fpl$drleqf)
    $v0                                      0x08004954   Number         0  drleqf.o(x$fpl$drleqf)
    x$fpl$drsb                               0x080049c0   Section       22  daddsub_clz.o(x$fpl$drsb)
    $v0                                      0x080049c0   Number         0  daddsub_clz.o(x$fpl$drsb)
    x$fpl$dsub                               0x080049d8   Section      468  daddsub_clz.o(x$fpl$dsub)
    $v0                                      0x080049d8   Number         0  daddsub_clz.o(x$fpl$dsub)
    _dsub1                                   0x080049e9   Thumb Code     0  daddsub_clz.o(x$fpl$dsub)
    x$fpl$f2d                                0x08004bac   Section       86  f2d.o(x$fpl$f2d)
    $v0                                      0x08004bac   Number         0  f2d.o(x$fpl$f2d)
    x$fpl$fnaninf                            0x08004c02   Section      140  fnaninf.o(x$fpl$fnaninf)
    $v0                                      0x08004c02   Number         0  fnaninf.o(x$fpl$fnaninf)
    x$fpl$fpinit                             0x08004c8e   Section       10  fpinit.o(x$fpl$fpinit)
    $v0                                      0x08004c8e   Number         0  fpinit.o(x$fpl$fpinit)
    x$fpl$fretinf                            0x08004c98   Section       10  fretinf.o(x$fpl$fretinf)
    $v0                                      0x08004c98   Number         0  fretinf.o(x$fpl$fretinf)
    x$fpl$usenofp                            0x08004ca2   Section        0  usenofp.o(x$fpl$usenofp)
    .constdata                               0x08004ca4   Section       36  memory_manage.o(.constdata)
    .constdata                               0x08004cc8   Section       48  cos_i.o(.constdata)
    C                                        0x08004cc8   Data          48  cos_i.o(.constdata)
    .constdata                               0x08004cf8   Section      200  rred.o(.constdata)
    pio2s                                    0x08004cf8   Data          48  rred.o(.constdata)
    twooverpi                                0x08004d28   Data         152  rred.o(.constdata)
    .constdata                               0x08004dc0   Section       40  sin_i.o(.constdata)
    S                                        0x08004dc0   Data          40  sin_i.o(.constdata)
    .ARM.__AT_0x10000000                     0x10000000   Section    61440  memory_manage.o(.ARM.__AT_0x10000000)
    .ARM.__AT_0x1000F000                     0x1000f000   Section     3840  memory_manage.o(.ARM.__AT_0x1000F000)
    .data                                    0x20000000   Section       20  system_stm32f4xx.o(.data)
    .data                                    0x20000014   Section       18  dynamixel.o(.data)
    .data                                    0x20000026   Section        4  delay.o(.data)
    fac_us                                   0x20000026   Data           1  delay.o(.data)
    fac_ms                                   0x20000028   Data           2  delay.o(.data)
    .data                                    0x2000002c   Section        9  usart.o(.data)
    .data                                    0x20000038   Section       36  memory_manage.o(.data)
    .data                                    0x2000005c   Section       16  stm32f4xx_rcc.o(.data)
    APBAHBPrescTable                         0x2000005c   Data          16  stm32f4xx_rcc.o(.data)
    .bss                                     0x2000006c   Section       20  usart.o(.bss)
    .bss                                     0x20000080   Section    108800  memory_manage.o(.bss)
    .bss                                     0x2001a980   Section       96  libspace.o(.bss)
    HEAP                                     0x2001a9e0   Section      512  startup_stm32f40_41xxx.o(HEAP)
    Heap_Mem                                 0x2001a9e0   Data         512  startup_stm32f40_41xxx.o(HEAP)
    STACK                                    0x2001abe0   Section     1024  startup_stm32f40_41xxx.o(STACK)
    Stack_Mem                                0x2001abe0   Data        1024  startup_stm32f40_41xxx.o(STACK)
    __initial_sp                             0x2001afe0   Data           0  startup_stm32f40_41xxx.o(STACK)
    .ARM.__AT_0x68000000                     0x68000000   Section    983040  memory_manage.o(.ARM.__AT_0x68000000)
    .ARM.__AT_0x680F0000                     0x680f0000   Section    61440  memory_manage.o(.ARM.__AT_0x680F0000)

    Global Symbols

    Symbol Name                              Value     Ov Type        Size  Object(Section)

    BuildAttributes$$THM_ISAv4$E$P$D$K$B$S$7EM$VFPi3$EXTD16$VFPS$VFMA$PE$A:L22UL41UL21$X:L11$S22US41US21$IEEE1$IW$USESV6$~STKCKD$USESV7$~SHL$OTIME$ROPI$IEEEX$EBA8$UX$STANDARDLIB$REQ8$PRES8$EABIv2 0x00000000   Number         0  anon$$obj.o ABSOLUTE
    __ARM_use_no_argv                        0x00000000   Number         0  main.o ABSOLUTE
    __ARM_exceptions_init                     - Undefined Weak Reference
    __alloca_initialize                       - Undefined Weak Reference
    __arm_preinit_                            - Undefined Weak Reference
    __cpp_initialize__aeabi_                  - Undefined Weak Reference
    __cxa_finalize                            - Undefined Weak Reference
    __rt_locale                               - Undefined Weak Reference
    __sigvec_lookup                           - Undefined Weak Reference
    __user_heap_extent                        - Undefined Weak Reference
    _atexit_init                              - Undefined Weak Reference
    _call_atexit_fns                          - Undefined Weak Reference
    _clock_init                               - Undefined Weak Reference
    _fp_trap_init                             - Undefined Weak Reference
    _fp_trap_shutdown                         - Undefined Weak Reference
    _get_lc_collate                           - Undefined Weak Reference
    _get_lc_ctype                             - Undefined Weak Reference
    _get_lc_monetary                          - Undefined Weak Reference
    _get_lc_numeric                           - Undefined Weak Reference
    _get_lc_time                              - Undefined Weak Reference
    _getenv_init                              - Undefined Weak Reference
    _handle_redirection                       - Undefined Weak Reference
    _initio                                   - Undefined Weak Reference
    _mutex_acquire                            - Undefined Weak Reference
    _mutex_free                               - Undefined Weak Reference
    _mutex_release                            - Undefined Weak Reference
    _rand_init                                - Undefined Weak Reference
    _signal_finish                            - Undefined Weak Reference
    _signal_init                              - Undefined Weak Reference
    _terminateio                              - Undefined Weak Reference
    __Vectors_Size                           0x00000188   Number         0  startup_stm32f40_41xxx.o ABSOLUTE
    __Vectors                                0x08000000   Data           4  startup_stm32f40_41xxx.o(RESET)
    __Vectors_End                            0x08000188   Data           0  startup_stm32f40_41xxx.o(RESET)
    __main                                   0x08000189   Thumb Code     8  __main.o(!!!main)
    __scatterload                            0x08000191   Thumb Code     0  __scatter.o(!!!scatter)
    __scatterload_rt2                        0x08000191   Thumb Code    44  __scatter.o(!!!scatter)
    __scatterload_rt2_thumb_only             0x08000191   Thumb Code     0  __scatter.o(!!!scatter)
    __scatterload_null                       0x0800019f   Thumb Code     0  __scatter.o(!!!scatter)
    __scatterload_copy                       0x080001c5   Thumb Code    26  __scatter_copy.o(!!handler_copy)
    __scatterload_zeroinit                   0x080001e1   Thumb Code    28  __scatter_zi.o(!!handler_zi)
    __rt_lib_init                            0x080001fd   Thumb Code     0  libinit.o(.ARM.Collect$$libinit$$00000000)
    __rt_lib_init_fp_1                       0x080001ff   Thumb Code     0  libinit2.o(.ARM.Collect$$libinit$$00000001)
    __rt_lib_init_heap_2                     0x08000203   Thumb Code     0  libinit2.o(.ARM.Collect$$libinit$$00000005)
    __rt_lib_init_preinit_1                  0x08000203   Thumb Code     0  libinit2.o(.ARM.Collect$$libinit$$00000004)
    __rt_lib_init_alloca_1                   0x0800020b   Thumb Code     0  libinit2.o(.ARM.Collect$$libinit$$0000002E)
    __rt_lib_init_argv_1                     0x0800020b   Thumb Code     0  libinit2.o(.ARM.Collect$$libinit$$0000002C)
    __rt_lib_init_atexit_1                   0x0800020b   Thumb Code     0  libinit2.o(.ARM.Collect$$libinit$$0000001B)
    __rt_lib_init_clock_1                    0x0800020b   Thumb Code     0  libinit2.o(.ARM.Collect$$libinit$$00000021)
    __rt_lib_init_cpp_1                      0x0800020b   Thumb Code     0  libinit2.o(.ARM.Collect$$libinit$$00000032)
    __rt_lib_init_exceptions_1               0x0800020b   Thumb Code     0  libinit2.o(.ARM.Collect$$libinit$$00000030)
    __rt_lib_init_fp_trap_1                  0x0800020b   Thumb Code     0  libinit2.o(.ARM.Collect$$libinit$$0000001F)
    __rt_lib_init_getenv_1                   0x0800020b   Thumb Code     0  libinit2.o(.ARM.Collect$$libinit$$00000023)
    __rt_lib_init_heap_1                     0x0800020b   Thumb Code     0  libinit2.o(.ARM.Collect$$libinit$$0000000A)
    __rt_lib_init_lc_collate_1               0x0800020b   Thumb Code     0  libinit2.o(.ARM.Collect$$libinit$$00000011)
    __rt_lib_init_lc_ctype_1                 0x0800020b   Thumb Code     0  libinit2.o(.ARM.Collect$$libinit$$00000013)
    __rt_lib_init_lc_monetary_1              0x0800020b   Thumb Code     0  libinit2.o(.ARM.Collect$$libinit$$00000015)
    __rt_lib_init_lc_numeric_1               0x0800020b   Thumb Code     0  libinit2.o(.ARM.Collect$$libinit$$00000017)
    __rt_lib_init_lc_time_1                  0x0800020b   Thumb Code     0  libinit2.o(.ARM.Collect$$libinit$$00000019)
    __rt_lib_init_rand_1                     0x0800020b   Thumb Code     0  libinit2.o(.ARM.Collect$$libinit$$0000000E)
    __rt_lib_init_return                     0x0800020b   Thumb Code     0  libinit2.o(.ARM.Collect$$libinit$$00000033)
    __rt_lib_init_signal_1                   0x0800020b   Thumb Code     0  libinit2.o(.ARM.Collect$$libinit$$0000001D)
    __rt_lib_init_stdio_1                    0x0800020b   Thumb Code     0  libinit2.o(.ARM.Collect$$libinit$$00000025)
    __rt_lib_init_user_alloc_1               0x0800020b   Thumb Code     0  libinit2.o(.ARM.Collect$$libinit$$0000000C)
    __rt_lib_shutdown                        0x0800020d   Thumb Code     0  libshutdown.o(.ARM.Collect$$libshutdown$$00000000)
    __rt_lib_shutdown_cpp_1                  0x0800020f   Thumb Code     0  libshutdown2.o(.ARM.Collect$$libshutdown$$00000002)
    __rt_lib_shutdown_fp_trap_1              0x0800020f   Thumb Code     0  libshutdown2.o(.ARM.Collect$$libshutdown$$00000007)
    __rt_lib_shutdown_heap_1                 0x0800020f   Thumb Code     0  libshutdown2.o(.ARM.Collect$$libshutdown$$0000000F)
    __rt_lib_shutdown_return                 0x0800020f   Thumb Code     0  libshutdown2.o(.ARM.Collect$$libshutdown$$00000010)
    __rt_lib_shutdown_signal_1               0x0800020f   Thumb Code     0  libshutdown2.o(.ARM.Collect$$libshutdown$$0000000A)
    __rt_lib_shutdown_stdio_1                0x0800020f   Thumb Code     0  libshutdown2.o(.ARM.Collect$$libshutdown$$00000004)
    __rt_lib_shutdown_user_alloc_1           0x0800020f   Thumb Code     0  libshutdown2.o(.ARM.Collect$$libshutdown$$0000000C)
    __rt_entry                               0x08000211   Thumb Code     0  __rtentry.o(.ARM.Collect$$rtentry$$00000000)
    __rt_entry_presh_1                       0x08000211   Thumb Code     0  __rtentry2.o(.ARM.Collect$$rtentry$$00000002)
    __rt_entry_sh                            0x08000211   Thumb Code     0  __rtentry4.o(.ARM.Collect$$rtentry$$00000004)
    __rt_entry_li                            0x08000217   Thumb Code     0  __rtentry2.o(.ARM.Collect$$rtentry$$0000000A)
    __rt_entry_postsh_1                      0x08000217   Thumb Code     0  __rtentry2.o(.ARM.Collect$$rtentry$$00000009)
    __rt_entry_main                          0x0800021b   Thumb Code     0  __rtentry2.o(.ARM.Collect$$rtentry$$0000000D)
    __rt_entry_postli_1                      0x0800021b   Thumb Code     0  __rtentry2.o(.ARM.Collect$$rtentry$$0000000C)
    __rt_exit                                0x08000223   Thumb Code     0  rtexit.o(.ARM.Collect$$rtexit$$00000000)
    __rt_exit_ls                             0x08000225   Thumb Code     0  rtexit2.o(.ARM.Collect$$rtexit$$00000003)
    __rt_exit_prels_1                        0x08000225   Thumb Code     0  rtexit2.o(.ARM.Collect$$rtexit$$00000002)
    __rt_exit_exit                           0x08000229   Thumb Code     0  rtexit2.o(.ARM.Collect$$rtexit$$00000004)
    _maybe_terminate_alloc                   0x08000231   Thumb Code     0  maybetermalloc1.o(.emb_text)
    main                                     0x08000231   Thumb Code   812  main.o(.text)
    NMI_Handler                              0x08000591   Thumb Code     2  stm32f4xx_it.o(.text)
    HardFault_Handler                        0x08000593   Thumb Code     4  stm32f4xx_it.o(.text)
    MemManage_Handler                        0x08000597   Thumb Code     4  stm32f4xx_it.o(.text)
    BusFault_Handler                         0x0800059b   Thumb Code     4  stm32f4xx_it.o(.text)
    UsageFault_Handler                       0x0800059f   Thumb Code     4  stm32f4xx_it.o(.text)
    SVC_Handler                              0x080005a3   Thumb Code     2  stm32f4xx_it.o(.text)
    DebugMon_Handler                         0x080005a5   Thumb Code     2  stm32f4xx_it.o(.text)
    PendSV_Handler                           0x080005a7   Thumb Code     2  stm32f4xx_it.o(.text)
    SysTick_Handler                          0x080005a9   Thumb Code     2  stm32f4xx_it.o(.text)
    SystemInit                               0x08000689   Thumb Code    88  system_stm32f4xx.o(.text)
    SystemCoreClockUpdate                    0x080006e1   Thumb Code   174  system_stm32f4xx.o(.text)
    LED_Init                                 0x080007bd   Thumb Code    60  led.o(.text)
    writeRaw                                 0x080007fd   Thumb Code    48  dynamixel.o(.text)
    sendDxlCommand                           0x0800082d   Thumb Code    88  dynamixel.o(.text)
    ping                                     0x08000885   Thumb Code    14  dynamixel.o(.text)
    action                                   0x08000893   Thumb Code    14  dynamixel.o(.text)
    reset                                    0x080008a1   Thumb Code    14  dynamixel.o(.text)
    rebootMotor                              0x080008af   Thumb Code    14  dynamixel.o(.text)
    sendDxlWrite                             0x080008bd   Thumb Code   182  dynamixel.o(.text)
    setCWComplianceMargin                    0x08000973   Thumb Code    18  dynamixel.o(.text)
    sendDxlRead                              0x08000985   Thumb Code    92  dynamixel.o(.text)
    readCWComplianceMargin                   0x080009e1   Thumb Code    16  dynamixel.o(.text)
    setCCWComplianceMargin                   0x080009f1   Thumb Code    18  dynamixel.o(.text)
    readCCWComplianceMargin                  0x08000a03   Thumb Code    16  dynamixel.o(.text)
    setCWComplianceSlope                     0x08000a13   Thumb Code    18  dynamixel.o(.text)
    readCWComplianceSlope                    0x08000a25   Thumb Code    16  dynamixel.o(.text)
    setCCWComplianceSlope                    0x08000a35   Thumb Code    18  dynamixel.o(.text)
    readCCWComplianceSlope                   0x08000a47   Thumb Code    16  dynamixel.o(.text)
    readModelNumber                          0x08000a57   Thumb Code    16  dynamixel.o(.text)
    readFirmware                             0x08000a67   Thumb Code    16  dynamixel.o(.text)
    setId                                    0x08000a77   Thumb Code    18  dynamixel.o(.text)
    readId                                   0x08000a89   Thumb Code    16  dynamixel.o(.text)
    setBaudRate                              0x08000a99   Thumb Code    18  dynamixel.o(.text)
    readBaudRate                             0x08000aab   Thumb Code    16  dynamixel.o(.text)
    setReturnDelayTime                       0x08000abb   Thumb Code    18  dynamixel.o(.text)
    readReturnDelayTime                      0x08000acd   Thumb Code    16  dynamixel.o(.text)
    setCWAngleLimit                          0x08000add   Thumb Code    18  dynamixel.o(.text)
    setCCWAngleLimit                         0x08000aef   Thumb Code    18  dynamixel.o(.text)
    readCWAngleLimit                         0x08000b01   Thumb Code    16  dynamixel.o(.text)
    readCCWAngleLimit                        0x08000b11   Thumb Code    16  dynamixel.o(.text)
    setMaxTemperature                        0x08000b21   Thumb Code    18  dynamixel.o(.text)
    readMaxTemperature                       0x08000b33   Thumb Code    16  dynamixel.o(.text)
    setMinVoltage                            0x08000b43   Thumb Code    18  dynamixel.o(.text)
    readMinVoltage                           0x08000b55   Thumb Code    16  dynamixel.o(.text)
    setMaxVoltage                            0x08000b65   Thumb Code    18  dynamixel.o(.text)
    readMaxVoltage                           0x08000b77   Thumb Code    16  dynamixel.o(.text)
    setMaxTorque                             0x08000b87   Thumb Code    18  dynamixel.o(.text)
    readMaxTorque                            0x08000b99   Thumb Code    16  dynamixel.o(.text)
    setStatusReturnLevel                     0x08000ba9   Thumb Code    18  dynamixel.o(.text)
    readStatusReturnLevel                    0x08000bbb   Thumb Code    16  dynamixel.o(.text)
    setAlarmLed                              0x08000bcb   Thumb Code    18  dynamixel.o(.text)
    readAlarmLed                             0x08000bdd   Thumb Code    48  dynamixel.o(.text)
    setAlarmShutdown                         0x08000c0d   Thumb Code    18  dynamixel.o(.text)
    readAlarmShutdown                        0x08000c1f   Thumb Code    16  dynamixel.o(.text)
    setTorqueEnable                          0x08000c2f   Thumb Code    18  dynamixel.o(.text)
    readTorqueEnable                         0x08000c41   Thumb Code    16  dynamixel.o(.text)
    setLedEnable                             0x08000c51   Thumb Code    18  dynamixel.o(.text)
    readLedEnable                            0x08000c63   Thumb Code    16  dynamixel.o(.text)
    setGoalPosition                          0x08000c73   Thumb Code    18  dynamixel.o(.text)
    setGoalPositionAtSpeed                   0x08000c85   Thumb Code    30  dynamixel.o(.text)
    setMovingSpeed                           0x08000ca3   Thumb Code    18  dynamixel.o(.text)
    setTorqueLimit                           0x08000cb5   Thumb Code    18  dynamixel.o(.text)
    readPresentPosition                      0x08000cc7   Thumb Code    16  dynamixel.o(.text)
    readPresentSpeed                         0x08000cd7   Thumb Code    16  dynamixel.o(.text)
    readPresentLoad                          0x08000ce7   Thumb Code    16  dynamixel.o(.text)
    readVoltage                              0x08000cf7   Thumb Code    16  dynamixel.o(.text)
    readTemperature                          0x08000d07   Thumb Code    16  dynamixel.o(.text)
    isRegistered                             0x08000d17   Thumb Code    16  dynamixel.o(.text)
    isMoving                                 0x08000d27   Thumb Code    16  dynamixel.o(.text)
    setEEPROMLock                            0x08000d37   Thumb Code    18  dynamixel.o(.text)
    isEEPROMLock                             0x08000d49   Thumb Code    16  dynamixel.o(.text)
    setPunch                                 0x08000d59   Thumb Code    18  dynamixel.o(.text)
    readPunch                                0x08000d6b   Thumb Code    16  dynamixel.o(.text)
    setDxlReturnDelayTime                    0x08000d7b   Thumb Code     6  dynamixel.o(.text)
    readDxlReturnDelayTime                   0x08000d81   Thumb Code     6  dynamixel.o(.text)
    sendDxlRegData                           0x08000d87   Thumb Code   182  dynamixel.o(.text)
    dxlDataReady                             0x08000e3d   Thumb Code    38  dynamixel.o(.text)
    readDxlData                              0x08000e63   Thumb Code   322  dynamixel.o(.text)
    readDxlResult                            0x08000fa5   Thumb Code    20  dynamixel.o(.text)
    readDxlError                             0x08000fb9   Thumb Code    20  dynamixel.o(.text)
    AngletoPostion                           0x08000fe9   Thumb Code    50  motor.o(.text)
    MotorMove                                0x0800101b   Thumb Code    20  motor.o(.text)
    MotorMoveBySpeed                         0x0800102f   Thumb Code    20  motor.o(.text)
    delay_init                               0x0800104d   Thumb Code    52  delay.o(.text)
    delay_us                                 0x08001081   Thumb Code    72  delay.o(.text)
    delay_xms                                0x080010c9   Thumb Code    72  delay.o(.text)
    delay_ms                                 0x08001111   Thumb Code    56  delay.o(.text)
    _sys_exit                                0x08001151   Thumb Code     4  usart.o(.text)
    _ttywrch                                 0x08001155   Thumb Code     4  usart.o(.text)
    fputc                                    0x08001159   Thumb Code    24  usart.o(.text)
    uart_init                                0x08001171   Thumb Code   202  usart.o(.text)
    USART1_IRQHandler                        0x0800123b   Thumb Code    42  usart.o(.text)
    USART1_Send_Data                         0x08001265   Thumb Code    86  usart.o(.text)
    setnByteToBeRead                         0x080012bb   Thumb Code     6  usart.o(.text)
    USART1_read_Data                         0x080012c1   Thumb Code     4  usart.o(.text)
    available                                0x080012c5   Thumb Code    26  usart.o(.text)
    mymemcpy                                 0x080012f9   Thumb Code    26  memory_manage.o(.text)
    mymemset                                 0x08001313   Thumb Code    20  memory_manage.o(.text)
    my_mem_init                              0x08001327   Thumb Code    54  memory_manage.o(.text)
    my_mem_perused                           0x0800135d   Thumb Code    54  memory_manage.o(.text)
    my_mem_malloc                            0x08001393   Thumb Code   154  memory_manage.o(.text)
    my_mem_free                              0x0800142d   Thumb Code    94  memory_manage.o(.text)
    myfree                                   0x0800148b   Thumb Code    32  memory_manage.o(.text)
    mymalloc                                 0x080014ab   Thumb Code    36  memory_manage.o(.text)
    myrealloc                                0x080014cf   Thumb Code    68  memory_manage.o(.text)
    Reset_Handler                            0x08001525   Thumb Code     8  startup_stm32f40_41xxx.o(.text)
    ADC_IRQHandler                           0x0800153f   Thumb Code     0  startup_stm32f40_41xxx.o(.text)
    CAN1_RX0_IRQHandler                      0x0800153f   Thumb Code     0  startup_stm32f40_41xxx.o(.text)
    CAN1_RX1_IRQHandler                      0x0800153f   Thumb Code     0  startup_stm32f40_41xxx.o(.text)
    CAN1_SCE_IRQHandler                      0x0800153f   Thumb Code     0  startup_stm32f40_41xxx.o(.text)
    CAN1_TX_IRQHandler                       0x0800153f   Thumb Code     0  startup_stm32f40_41xxx.o(.text)
    CAN2_RX0_IRQHandler                      0x0800153f   Thumb Code     0  startup_stm32f40_41xxx.o(.text)
    CAN2_RX1_IRQHandler                      0x0800153f   Thumb Code     0  startup_stm32f40_41xxx.o(.text)
    CAN2_SCE_IRQHandler                      0x0800153f   Thumb Code     0  startup_stm32f40_41xxx.o(.text)
    CAN2_TX_IRQHandler                       0x0800153f   Thumb Code     0  startup_stm32f40_41xxx.o(.text)
    CRYP_IRQHandler                          0x0800153f   Thumb Code     0  startup_stm32f40_41xxx.o(.text)
    DCMI_IRQHandler                          0x0800153f   Thumb Code     0  startup_stm32f40_41xxx.o(.text)
    DMA1_Stream0_IRQHandler                  0x0800153f   Thumb Code     0  startup_stm32f40_41xxx.o(.text)
    DMA1_Stream1_IRQHandler                  0x0800153f   Thumb Code     0  startup_stm32f40_41xxx.o(.text)
    DMA1_Stream2_IRQHandler                  0x0800153f   Thumb Code     0  startup_stm32f40_41xxx.o(.text)
    DMA1_Stream3_IRQHandler                  0x0800153f   Thumb Code     0  startup_stm32f40_41xxx.o(.text)
    DMA1_Stream4_IRQHandler                  0x0800153f   Thumb Code     0  startup_stm32f40_41xxx.o(.text)
    DMA1_Stream5_IRQHandler                  0x0800153f   Thumb Code     0  startup_stm32f40_41xxx.o(.text)
    DMA1_Stream6_IRQHandler                  0x0800153f   Thumb Code     0  startup_stm32f40_41xxx.o(.text)
    DMA1_Stream7_IRQHandler                  0x0800153f   Thumb Code     0  startup_stm32f40_41xxx.o(.text)
    DMA2_Stream0_IRQHandler                  0x0800153f   Thumb Code     0  startup_stm32f40_41xxx.o(.text)
    DMA2_Stream1_IRQHandler                  0x0800153f   Thumb Code     0  startup_stm32f40_41xxx.o(.text)
    DMA2_Stream2_IRQHandler                  0x0800153f   Thumb Code     0  startup_stm32f40_41xxx.o(.text)
    DMA2_Stream3_IRQHandler                  0x0800153f   Thumb Code     0  startup_stm32f40_41xxx.o(.text)
    DMA2_Stream4_IRQHandler                  0x0800153f   Thumb Code     0  startup_stm32f40_41xxx.o(.text)
    DMA2_Stream5_IRQHandler                  0x0800153f   Thumb Code     0  startup_stm32f40_41xxx.o(.text)
    DMA2_Stream6_IRQHandler                  0x0800153f   Thumb Code     0  startup_stm32f40_41xxx.o(.text)
    DMA2_Stream7_IRQHandler                  0x0800153f   Thumb Code     0  startup_stm32f40_41xxx.o(.text)
    ETH_IRQHandler                           0x0800153f   Thumb Code     0  startup_stm32f40_41xxx.o(.text)
    ETH_WKUP_IRQHandler                      0x0800153f   Thumb Code     0  startup_stm32f40_41xxx.o(.text)
    EXTI0_IRQHandler                         0x0800153f   Thumb Code     0  startup_stm32f40_41xxx.o(.text)
    EXTI15_10_IRQHandler                     0x0800153f   Thumb Code     0  startup_stm32f40_41xxx.o(.text)
    EXTI1_IRQHandler                         0x0800153f   Thumb Code     0  startup_stm32f40_41xxx.o(.text)
    EXTI2_IRQHandler                         0x0800153f   Thumb Code     0  startup_stm32f40_41xxx.o(.text)
    EXTI3_IRQHandler                         0x0800153f   Thumb Code     0  startup_stm32f40_41xxx.o(.text)
    EXTI4_IRQHandler                         0x0800153f   Thumb Code     0  startup_stm32f40_41xxx.o(.text)
    EXTI9_5_IRQHandler                       0x0800153f   Thumb Code     0  startup_stm32f40_41xxx.o(.text)
    FLASH_IRQHandler                         0x0800153f   Thumb Code     0  startup_stm32f40_41xxx.o(.text)
    FPU_IRQHandler                           0x0800153f   Thumb Code     0  startup_stm32f40_41xxx.o(.text)
    FSMC_IRQHandler                          0x0800153f   Thumb Code     0  startup_stm32f40_41xxx.o(.text)
    HASH_RNG_IRQHandler                      0x0800153f   Thumb Code     0  startup_stm32f40_41xxx.o(.text)
    I2C1_ER_IRQHandler                       0x0800153f   Thumb Code     0  startup_stm32f40_41xxx.o(.text)
    I2C1_EV_IRQHandler                       0x0800153f   Thumb Code     0  startup_stm32f40_41xxx.o(.text)
    I2C2_ER_IRQHandler                       0x0800153f   Thumb Code     0  startup_stm32f40_41xxx.o(.text)
    I2C2_EV_IRQHandler                       0x0800153f   Thumb Code     0  startup_stm32f40_41xxx.o(.text)
    I2C3_ER_IRQHandler                       0x0800153f   Thumb Code     0  startup_stm32f40_41xxx.o(.text)
    I2C3_EV_IRQHandler                       0x0800153f   Thumb Code     0  startup_stm32f40_41xxx.o(.text)
    OTG_FS_IRQHandler                        0x0800153f   Thumb Code     0  startup_stm32f40_41xxx.o(.text)
    OTG_FS_WKUP_IRQHandler                   0x0800153f   Thumb Code     0  startup_stm32f40_41xxx.o(.text)
    OTG_HS_EP1_IN_IRQHandler                 0x0800153f   Thumb Code     0  startup_stm32f40_41xxx.o(.text)
    OTG_HS_EP1_OUT_IRQHandler                0x0800153f   Thumb Code     0  startup_stm32f40_41xxx.o(.text)
    OTG_HS_IRQHandler                        0x0800153f   Thumb Code     0  startup_stm32f40_41xxx.o(.text)
    OTG_HS_WKUP_IRQHandler                   0x0800153f   Thumb Code     0  startup_stm32f40_41xxx.o(.text)
    PVD_IRQHandler                           0x0800153f   Thumb Code     0  startup_stm32f40_41xxx.o(.text)
    RCC_IRQHandler                           0x0800153f   Thumb Code     0  startup_stm32f40_41xxx.o(.text)
    RTC_Alarm_IRQHandler                     0x0800153f   Thumb Code     0  startup_stm32f40_41xxx.o(.text)
    RTC_WKUP_IRQHandler                      0x0800153f   Thumb Code     0  startup_stm32f40_41xxx.o(.text)
    SDIO_IRQHandler                          0x0800153f   Thumb Code     0  startup_stm32f40_41xxx.o(.text)
    SPI1_IRQHandler                          0x0800153f   Thumb Code     0  startup_stm32f40_41xxx.o(.text)
    SPI2_IRQHandler                          0x0800153f   Thumb Code     0  startup_stm32f40_41xxx.o(.text)
    SPI3_IRQHandler                          0x0800153f   Thumb Code     0  startup_stm32f40_41xxx.o(.text)
    TAMP_STAMP_IRQHandler                    0x0800153f   Thumb Code     0  startup_stm32f40_41xxx.o(.text)
    TIM1_BRK_TIM9_IRQHandler                 0x0800153f   Thumb Code     0  startup_stm32f40_41xxx.o(.text)
    TIM1_CC_IRQHandler                       0x0800153f   Thumb Code     0  startup_stm32f40_41xxx.o(.text)
    TIM1_TRG_COM_TIM11_IRQHandler            0x0800153f   Thumb Code     0  startup_stm32f40_41xxx.o(.text)
    TIM1_UP_TIM10_IRQHandler                 0x0800153f   Thumb Code     0  startup_stm32f40_41xxx.o(.text)
    TIM2_IRQHandler                          0x0800153f   Thumb Code     0  startup_stm32f40_41xxx.o(.text)
    TIM3_IRQHandler                          0x0800153f   Thumb Code     0  startup_stm32f40_41xxx.o(.text)
    TIM4_IRQHandler                          0x0800153f   Thumb Code     0  startup_stm32f40_41xxx.o(.text)
    TIM5_IRQHandler                          0x0800153f   Thumb Code     0  startup_stm32f40_41xxx.o(.text)
    TIM6_DAC_IRQHandler                      0x0800153f   Thumb Code     0  startup_stm32f40_41xxx.o(.text)
    TIM7_IRQHandler                          0x0800153f   Thumb Code     0  startup_stm32f40_41xxx.o(.text)
    TIM8_BRK_TIM12_IRQHandler                0x0800153f   Thumb Code     0  startup_stm32f40_41xxx.o(.text)
    TIM8_CC_IRQHandler                       0x0800153f   Thumb Code     0  startup_stm32f40_41xxx.o(.text)
    TIM8_TRG_COM_TIM14_IRQHandler            0x0800153f   Thumb Code     0  startup_stm32f40_41xxx.o(.text)
    TIM8_UP_TIM13_IRQHandler                 0x0800153f   Thumb Code     0  startup_stm32f40_41xxx.o(.text)
    UART4_IRQHandler                         0x0800153f   Thumb Code     0  startup_stm32f40_41xxx.o(.text)
    UART5_IRQHandler                         0x0800153f   Thumb Code     0  startup_stm32f40_41xxx.o(.text)
    USART2_IRQHandler                        0x0800153f   Thumb Code     0  startup_stm32f40_41xxx.o(.text)
    USART3_IRQHandler                        0x0800153f   Thumb Code     0  startup_stm32f40_41xxx.o(.text)
    USART6_IRQHandler                        0x0800153f   Thumb Code     0  startup_stm32f40_41xxx.o(.text)
    WWDG_IRQHandler                          0x0800153f   Thumb Code     0  startup_stm32f40_41xxx.o(.text)
    __user_initial_stackheap                 0x08001541   Thumb Code     0  startup_stm32f40_41xxx.o(.text)
    NVIC_PriorityGroupConfig                 0x08001565   Thumb Code    10  misc.o(.text)
    NVIC_Init                                0x0800156f   Thumb Code   106  misc.o(.text)
    NVIC_SetVectorTable                      0x080015d9   Thumb Code    14  misc.o(.text)
    NVIC_SystemLPConfig                      0x080015e7   Thumb Code    34  misc.o(.text)
    SysTick_CLKSourceConfig                  0x08001609   Thumb Code    40  misc.o(.text)
    GPIO_DeInit                              0x08001645   Thumb Code   268  stm32f4xx_gpio.o(.text)
    GPIO_Init                                0x08001751   Thumb Code   144  stm32f4xx_gpio.o(.text)
    GPIO_StructInit                          0x080017e1   Thumb Code    18  stm32f4xx_gpio.o(.text)
    GPIO_PinLockConfig                       0x080017f3   Thumb Code    34  stm32f4xx_gpio.o(.text)
    GPIO_ReadInputDataBit                    0x08001815   Thumb Code    18  stm32f4xx_gpio.o(.text)
    GPIO_ReadInputData                       0x08001827   Thumb Code     8  stm32f4xx_gpio.o(.text)
    GPIO_ReadOutputDataBit                   0x0800182f   Thumb Code    18  stm32f4xx_gpio.o(.text)
    GPIO_ReadOutputData                      0x08001841   Thumb Code     8  stm32f4xx_gpio.o(.text)
    GPIO_SetBits                             0x08001849   Thumb Code     4  stm32f4xx_gpio.o(.text)
    GPIO_ResetBits                           0x0800184d   Thumb Code     4  stm32f4xx_gpio.o(.text)
    GPIO_WriteBit                            0x08001851   Thumb Code    10  stm32f4xx_gpio.o(.text)
    GPIO_Write                               0x0800185b   Thumb Code     4  stm32f4xx_gpio.o(.text)
    GPIO_ToggleBits                          0x0800185f   Thumb Code     8  stm32f4xx_gpio.o(.text)
    GPIO_PinAFConfig                         0x08001867   Thumb Code    70  stm32f4xx_gpio.o(.text)
    RCC_DeInit                               0x080018d9   Thumb Code    82  stm32f4xx_rcc.o(.text)
    RCC_HSEConfig                            0x0800192b   Thumb Code    14  stm32f4xx_rcc.o(.text)
    RCC_GetFlagStatus                        0x08001939   Thumb Code    60  stm32f4xx_rcc.o(.text)
    RCC_WaitForHSEStartUp                    0x08001975   Thumb Code    56  stm32f4xx_rcc.o(.text)
    RCC_AdjustHSICalibrationValue            0x080019ad   Thumb Code    20  stm32f4xx_rcc.o(.text)
    RCC_HSICmd                               0x080019c1   Thumb Code     6  stm32f4xx_rcc.o(.text)
    RCC_LSEConfig                            0x080019c7   Thumb Code    46  stm32f4xx_rcc.o(.text)
    RCC_LSICmd                               0x080019f5   Thumb Code     6  stm32f4xx_rcc.o(.text)
    RCC_PLLConfig                            0x080019fb   Thumb Code    32  stm32f4xx_rcc.o(.text)
    RCC_PLLCmd                               0x08001a1b   Thumb Code     6  stm32f4xx_rcc.o(.text)
    RCC_PLLI2SConfig                         0x08001a21   Thumb Code    14  stm32f4xx_rcc.o(.text)
    RCC_PLLI2SCmd                            0x08001a2f   Thumb Code     6  stm32f4xx_rcc.o(.text)
    RCC_PLLSAIConfig                         0x08001a35   Thumb Code    20  stm32f4xx_rcc.o(.text)
    RCC_PLLSAICmd                            0x08001a49   Thumb Code     6  stm32f4xx_rcc.o(.text)
    RCC_ClockSecuritySystemCmd               0x08001a4f   Thumb Code     6  stm32f4xx_rcc.o(.text)
    RCC_MCO1Config                           0x08001a55   Thumb Code    28  stm32f4xx_rcc.o(.text)
    RCC_MCO2Config                           0x08001a71   Thumb Code    28  stm32f4xx_rcc.o(.text)
    RCC_SYSCLKConfig                         0x08001a8d   Thumb Code    20  stm32f4xx_rcc.o(.text)
    RCC_GetSYSCLKSource                      0x08001aa1   Thumb Code    12  stm32f4xx_rcc.o(.text)
    RCC_HCLKConfig                           0x08001aad   Thumb Code    20  stm32f4xx_rcc.o(.text)
    RCC_PCLK1Config                          0x08001ac1   Thumb Code    20  stm32f4xx_rcc.o(.text)
    RCC_PCLK2Config                          0x08001ad5   Thumb Code    22  stm32f4xx_rcc.o(.text)
    RCC_GetClocksFreq                        0x08001aeb   Thumb Code   222  stm32f4xx_rcc.o(.text)
    RCC_RTCCLKConfig                         0x08001bc9   Thumb Code    54  stm32f4xx_rcc.o(.text)
    RCC_RTCCLKCmd                            0x08001bff   Thumb Code     8  stm32f4xx_rcc.o(.text)
    RCC_BackupResetCmd                       0x08001c07   Thumb Code     8  stm32f4xx_rcc.o(.text)
    RCC_I2SCLKConfig                         0x08001c0f   Thumb Code     6  stm32f4xx_rcc.o(.text)
    RCC_SAIPLLI2SClkDivConfig                0x08001c15   Thumb Code    26  stm32f4xx_rcc.o(.text)
    RCC_SAIPLLSAIClkDivConfig                0x08001c2f   Thumb Code    28  stm32f4xx_rcc.o(.text)
    RCC_SAIBlockACLKConfig                   0x08001c4b   Thumb Code    20  stm32f4xx_rcc.o(.text)
    RCC_SAIBlockBCLKConfig                   0x08001c5f   Thumb Code    20  stm32f4xx_rcc.o(.text)
    RCC_LTDCCLKDivConfig                     0x08001c73   Thumb Code    20  stm32f4xx_rcc.o(.text)
    RCC_TIMCLKPresConfig                     0x08001c87   Thumb Code     6  stm32f4xx_rcc.o(.text)
    RCC_AHB1PeriphClockCmd                   0x08001c8d   Thumb Code    34  stm32f4xx_rcc.o(.text)
    RCC_AHB2PeriphClockCmd                   0x08001caf   Thumb Code    78  stm32f4xx_rcc.o(.text)
    RCC_AHB3PeriphClockCmd                   0x08001cfd   Thumb Code    34  stm32f4xx_rcc.o(.text)
    RCC_APB1PeriphClockCmd                   0x08001d1f   Thumb Code    34  stm32f4xx_rcc.o(.text)
    RCC_APB2PeriphClockCmd                   0x08001d41   Thumb Code    34  stm32f4xx_rcc.o(.text)
    RCC_AHB1PeriphResetCmd                   0x08001d63   Thumb Code    34  stm32f4xx_rcc.o(.text)
    RCC_AHB2PeriphResetCmd                   0x08001d85   Thumb Code    34  stm32f4xx_rcc.o(.text)
    RCC_AHB3PeriphResetCmd                   0x08001da7   Thumb Code    34  stm32f4xx_rcc.o(.text)
    RCC_APB1PeriphResetCmd                   0x08001dc9   Thumb Code    34  stm32f4xx_rcc.o(.text)
    RCC_APB2PeriphResetCmd                   0x08001deb   Thumb Code    34  stm32f4xx_rcc.o(.text)
    RCC_AHB1PeriphClockLPModeCmd             0x08001e0d   Thumb Code    34  stm32f4xx_rcc.o(.text)
    RCC_AHB2PeriphClockLPModeCmd             0x08001e2f   Thumb Code    34  stm32f4xx_rcc.o(.text)
    RCC_AHB3PeriphClockLPModeCmd             0x08001e51   Thumb Code    34  stm32f4xx_rcc.o(.text)
    RCC_APB1PeriphClockLPModeCmd             0x08001e73   Thumb Code    34  stm32f4xx_rcc.o(.text)
    RCC_APB2PeriphClockLPModeCmd             0x08001e95   Thumb Code    34  stm32f4xx_rcc.o(.text)
    RCC_LSEModeConfig                        0x08001eb7   Thumb Code    40  stm32f4xx_rcc.o(.text)
    RCC_ITConfig                             0x08001edf   Thumb Code    34  stm32f4xx_rcc.o(.text)
    RCC_ClearFlag                            0x08001f01   Thumb Code    18  stm32f4xx_rcc.o(.text)
    RCC_GetITStatus                          0x08001f13   Thumb Code    22  stm32f4xx_rcc.o(.text)
    RCC_ClearITPendingBit                    0x08001f29   Thumb Code     8  stm32f4xx_rcc.o(.text)
    USART_DeInit                             0x08001f35   Thumb Code   206  stm32f4xx_usart.o(.text)
    USART_Init                               0x08002003   Thumb Code   204  stm32f4xx_usart.o(.text)
    USART_StructInit                         0x080020cf   Thumb Code    24  stm32f4xx_usart.o(.text)
    USART_ClockInit                          0x080020e7   Thumb Code    32  stm32f4xx_usart.o(.text)
    USART_ClockStructInit                    0x08002107   Thumb Code    12  stm32f4xx_usart.o(.text)
    USART_Cmd                                0x08002113   Thumb Code    24  stm32f4xx_usart.o(.text)
    USART_SetPrescaler                       0x0800212b   Thumb Code    16  stm32f4xx_usart.o(.text)
    USART_OverSampling8Cmd                   0x0800213b   Thumb Code    22  stm32f4xx_usart.o(.text)
    USART_OneBitMethodCmd                    0x08002151   Thumb Code    24  stm32f4xx_usart.o(.text)
    USART_SendData                           0x08002169   Thumb Code     8  stm32f4xx_usart.o(.text)
    USART_ReceiveData                        0x08002171   Thumb Code    10  stm32f4xx_usart.o(.text)
    USART_SetAddress                         0x0800217b   Thumb Code    18  stm32f4xx_usart.o(.text)
    USART_ReceiverWakeUpCmd                  0x0800218d   Thumb Code    24  stm32f4xx_usart.o(.text)
    USART_WakeUpConfig                       0x080021a5   Thumb Code    18  stm32f4xx_usart.o(.text)
    USART_LINBreakDetectLengthConfig         0x080021b7   Thumb Code    18  stm32f4xx_usart.o(.text)
    USART_LINCmd                             0x080021c9   Thumb Code    24  stm32f4xx_usart.o(.text)
    USART_SendBreak                          0x080021e1   Thumb Code    10  stm32f4xx_usart.o(.text)
    USART_HalfDuplexCmd                      0x080021eb   Thumb Code    24  stm32f4xx_usart.o(.text)
    USART_SetGuardTime                       0x08002203   Thumb Code    16  stm32f4xx_usart.o(.text)
    USART_SmartCardCmd                       0x08002213   Thumb Code    24  stm32f4xx_usart.o(.text)
    USART_SmartCardNACKCmd                   0x0800222b   Thumb Code    24  stm32f4xx_usart.o(.text)
    USART_IrDAConfig                         0x08002243   Thumb Code    18  stm32f4xx_usart.o(.text)
    USART_IrDACmd                            0x08002255   Thumb Code    24  stm32f4xx_usart.o(.text)
    USART_DMACmd                             0x0800226d   Thumb Code    18  stm32f4xx_usart.o(.text)
    USART_ITConfig                           0x0800227f   Thumb Code    74  stm32f4xx_usart.o(.text)
    USART_GetFlagStatus                      0x080022c9   Thumb Code    26  stm32f4xx_usart.o(.text)
    USART_ClearFlag                          0x080022e3   Thumb Code    18  stm32f4xx_usart.o(.text)
    USART_GetITStatus                        0x080022f5   Thumb Code   118  stm32f4xx_usart.o(.text)
    USART_ClearITPendingBit                  0x0800236b   Thumb Code    30  stm32f4xx_usart.o(.text)
    Hopf                                     0x08002389   Thumb Code   536  hopf_cpg.o(.text)
    Coupling                                 0x080025a1   Thumb Code   594  hopf_cpg.o(.text)
    ZerosMatrix                              0x080027fd   Thumb Code    32  matrix.o(.text)
    InitMatrix                               0x0800281d   Thumb Code    58  matrix.o(.text)
    ValueMatrix                              0x08002857   Thumb Code    28  matrix.o(.text)
    SizeMatrix                               0x08002873   Thumb Code    10  matrix.o(.text)
    FreeMatrix                               0x0800287d   Thumb Code    14  matrix.o(.text)
    CopyMatrix                               0x0800288b   Thumb Code    34  matrix.o(.text)
    PrintMatrix                              0x080028ad   Thumb Code     2  matrix.o(.text)
    GetValue                                 0x080028af   Thumb Code    38  matrix.o(.text)
    ValueOneMatrix                           0x080028d5   Thumb Code    32  matrix.o(.text)
    AddMatrix                                0x080028f5   Thumb Code   148  matrix.o(.text)
    CutMatrix                                0x08002989   Thumb Code   148  matrix.o(.text)
    NumMulMatrix                             0x08002a1d   Thumb Code    76  matrix.o(.text)
    NumAddMatrix                             0x08002a69   Thumb Code    76  matrix.o(.text)
    NumCutMatrix                             0x08002ab5   Thumb Code    76  matrix.o(.text)
    MulMatrix                                0x08002b01   Thumb Code   208  matrix.o(.text)
    TransMatrix                              0x08002bd1   Thumb Code   192  matrix.o(.text)
    OnesMatrix                               0x08002c91   Thumb Code    32  matrix.o(.text)
    XMatrix                                  0x08002cb1   Thumb Code    28  matrix.o(.text)
    IdentityMatrix                           0x08002ccd   Thumb Code    62  matrix.o(.text)
    Inv                                      0x08002d0b   Thumb Code   816  matrix.o(.text)
    cross                                    0x0800303b   Thumb Code   876  matrix.o(.text)
    __use_no_semihosting                     0x080033a7   Thumb Code     2  use_no_semi_2.o(.text)
    malloc                                   0x080033a9   Thumb Code    94  h1_alloc.o(.text)
    free                                     0x08003407   Thumb Code    78  h1_free.o(.text)
    __aeabi_memcpy4                          0x08003455   Thumb Code     0  rt_memcpy_w.o(.text)
    __aeabi_memcpy8                          0x08003455   Thumb Code     0  rt_memcpy_w.o(.text)
    __rt_memcpy_w                            0x08003455   Thumb Code   100  rt_memcpy_w.o(.text)
    _memcpy_lastbytes_aligned                0x0800349d   Thumb Code     0  rt_memcpy_w.o(.text)
    __aeabi_memclr4                          0x080034b9   Thumb Code     0  rt_memclr_w.o(.text)
    __aeabi_memclr8                          0x080034b9   Thumb Code     0  rt_memclr_w.o(.text)
    __rt_memclr_w                            0x080034b9   Thumb Code    78  rt_memclr_w.o(.text)
    _memset_w                                0x080034bd   Thumb Code     0  rt_memclr_w.o(.text)
    __use_two_region_memory                  0x08003507   Thumb Code     2  heapauxi.o(.text)
    __rt_heap_escrow                         0x08003509   Thumb Code     2  heapauxi.o(.text)
    __rt_heap_expand                         0x0800350b   Thumb Code     2  heapauxi.o(.text)
    __I$use$semihosting                      0x0800350d   Thumb Code     0  use_no_semi.o(.text)
    __use_no_semihosting_swi                 0x0800350d   Thumb Code     2  use_no_semi.o(.text)
    __rt_heap_descriptor                     0x08003511   Thumb Code     8  rt_heap_descriptor_intlibspace.o(.text)
    __use_no_heap                            0x08003519   Thumb Code     2  hguard.o(.text)
    __heap$guard                             0x0800351b   Thumb Code     2  hguard.o(.text)
    _terminate_user_alloc                    0x0800351d   Thumb Code     2  init_alloc.o(.text)
    _init_user_alloc                         0x0800351f   Thumb Code     2  init_alloc.o(.text)
    __Heap_Full                              0x08003521   Thumb Code    34  init_alloc.o(.text)
    __Heap_Broken                            0x08003543   Thumb Code     6  init_alloc.o(.text)
    _init_alloc                              0x08003549   Thumb Code    94  init_alloc.o(.text)
    __Heap_Initialize                        0x080035a7   Thumb Code    10  h1_init.o(.text)
    __Heap_DescSize                          0x080035b1   Thumb Code     4  h1_init.o(.text)
    __read_errno                             0x080035b5   Thumb Code    10  _rserrno.o(.text)
    __set_errno                              0x080035bf   Thumb Code    12  _rserrno.o(.text)
    __user_libspace                          0x080035cd   Thumb Code     8  libspace.o(.text)
    __user_perproc_libspace                  0x080035cd   Thumb Code     0  libspace.o(.text)
    __user_perthread_libspace                0x080035cd   Thumb Code     0  libspace.o(.text)
    __aeabi_errno_addr                       0x080035d5   Thumb Code     8  rt_errno_addr_intlibspace.o(.text)
    __errno$intlibspace                      0x080035d5   Thumb Code     0  rt_errno_addr_intlibspace.o(.text)
    __rt_errno_addr$intlibspace              0x080035d5   Thumb Code     0  rt_errno_addr_intlibspace.o(.text)
    __Heap_ProvideMemory                     0x080035dd   Thumb Code    52  h1_extend.o(.text)
    __rt_SIGRTMEM                            0x08003611   Thumb Code    14  defsig_rtmem_outer.o(.text)
    __user_setup_stackheap                   0x0800361f   Thumb Code    74  sys_stackheap_outer.o(.text)
    exit                                     0x08003669   Thumb Code    18  exit.o(.text)
    __sig_exit                               0x0800367b   Thumb Code    10  defsig_exit.o(.text)
    __rt_SIGRTMEM_inner                      0x08003685   Thumb Code    22  defsig_rtmem_inner.o(.text)
    __default_signal_display                 0x080036d5   Thumb Code    50  defsig_general.o(.text)
    __ARM_fpclassify                         0x08003707   Thumb Code    48  fpclassify.o(i.__ARM_fpclassify)
    __hardfp_cos                             0x08003739   Thumb Code   180  cos.o(i.__hardfp_cos)
    __hardfp_fabs                            0x08003801   Thumb Code    20  fabs.o(i.__hardfp_fabs)
    __hardfp_sin                             0x08003819   Thumb Code   180  sin.o(i.__hardfp_sin)
    __ieee754_rem_pio2                       0x080038e1   Thumb Code   938  rred.o(i.__ieee754_rem_pio2)
    __kernel_cos                             0x08003d19   Thumb Code   322  cos_i.o(i.__kernel_cos)
    __kernel_poly                            0x08003e89   Thumb Code   248  poly.o(i.__kernel_poly)
    __kernel_sin                             0x08003f81   Thumb Code   280  sin_i.o(i.__kernel_sin)
    __mathlib_dbl_infnan                     0x080040b1   Thumb Code    20  dunder.o(i.__mathlib_dbl_infnan)
    __mathlib_dbl_invalid                    0x080040c9   Thumb Code    24  dunder.o(i.__mathlib_dbl_invalid)
    __mathlib_dbl_underflow                  0x080040e9   Thumb Code    24  dunder.o(i.__mathlib_dbl_underflow)
    fabs                                     0x08004109   Thumb Code    24  fabs.o(i.fabs)
    __aeabi_dneg                             0x08004121   Thumb Code     0  basic.o(x$fpl$basic)
    _dneg                                    0x08004121   Thumb Code     6  basic.o(x$fpl$basic)
    __aeabi_fneg                             0x08004127   Thumb Code     0  basic.o(x$fpl$basic)
    _fneg                                    0x08004127   Thumb Code     6  basic.o(x$fpl$basic)
    _dabs                                    0x0800412d   Thumb Code     6  basic.o(x$fpl$basic)
    _fabs                                    0x08004133   Thumb Code     6  basic.o(x$fpl$basic)
    __aeabi_d2f                              0x08004139   Thumb Code     0  d2f.o(x$fpl$d2f)
    _d2f                                     0x08004139   Thumb Code    98  d2f.o(x$fpl$d2f)
    __aeabi_dadd                             0x0800419d   Thumb Code     0  daddsub_clz.o(x$fpl$dadd)
    _dadd                                    0x0800419d   Thumb Code   332  daddsub_clz.o(x$fpl$dadd)
    __fpl_dcmp_Inf                           0x080042ed   Thumb Code    24  dcmpi.o(x$fpl$dcmpinf)
    __aeabi_ddiv                             0x08004305   Thumb Code     0  ddiv.o(x$fpl$ddiv)
    _ddiv                                    0x08004305   Thumb Code   552  ddiv.o(x$fpl$ddiv)
    __aeabi_cdcmpeq                          0x080045b5   Thumb Code     0  deqf.o(x$fpl$deqf)
    _dcmpeq                                  0x080045b5   Thumb Code   120  deqf.o(x$fpl$deqf)
    __aeabi_d2iz                             0x0800462d   Thumb Code     0  dfix.o(x$fpl$dfix)
    _dfix                                    0x0800462d   Thumb Code    94  dfix.o(x$fpl$dfix)
    __aeabi_i2d                              0x0800468b   Thumb Code     0  dflt_clz.o(x$fpl$dflt)
    _dflt                                    0x0800468b   Thumb Code    46  dflt_clz.o(x$fpl$dflt)
    __aeabi_ui2d                             0x080046b9   Thumb Code     0  dflt_clz.o(x$fpl$dfltu)
    _dfltu                                   0x080046b9   Thumb Code    38  dflt_clz.o(x$fpl$dfltu)
    __aeabi_cdcmple                          0x080046e1   Thumb Code     0  dleqf.o(x$fpl$dleqf)
    _dcmple                                  0x080046e1   Thumb Code   120  dleqf.o(x$fpl$dleqf)
    __fpl_dcmple_InfNaN                      0x08004743   Thumb Code     0  dleqf.o(x$fpl$dleqf)
    __aeabi_dmul                             0x08004759   Thumb Code     0  dmul.o(x$fpl$dmul)
    _dmul                                    0x08004759   Thumb Code   332  dmul.o(x$fpl$dmul)
    __fpl_dnaninf                            0x080048ad   Thumb Code   156  dnaninf.o(x$fpl$dnaninf)
    __fpl_dretinf                            0x08004949   Thumb Code    12  dretinf.o(x$fpl$dretinf)
    __aeabi_cdrcmple                         0x08004955   Thumb Code     0  drleqf.o(x$fpl$drleqf)
    _drcmple                                 0x08004955   Thumb Code   108  drleqf.o(x$fpl$drleqf)
    __aeabi_drsub                            0x080049c1   Thumb Code     0  daddsub_clz.o(x$fpl$drsb)
    _drsb                                    0x080049c1   Thumb Code    22  daddsub_clz.o(x$fpl$drsb)
    __aeabi_dsub                             0x080049d9   Thumb Code     0  daddsub_clz.o(x$fpl$dsub)
    _dsub                                    0x080049d9   Thumb Code   464  daddsub_clz.o(x$fpl$dsub)
    __aeabi_f2d                              0x08004bad   Thumb Code     0  f2d.o(x$fpl$f2d)
    _f2d                                     0x08004bad   Thumb Code    86  f2d.o(x$fpl$f2d)
    __fpl_fnaninf                            0x08004c03   Thumb Code   140  fnaninf.o(x$fpl$fnaninf)
    _fp_init                                 0x08004c8f   Thumb Code    10  fpinit.o(x$fpl$fpinit)
    __fplib_config_fpu_vfp                   0x08004c97   Thumb Code     0  fpinit.o(x$fpl$fpinit)
    __fplib_config_pureend_doubles           0x08004c97   Thumb Code     0  fpinit.o(x$fpl$fpinit)
    __fpl_fretinf                            0x08004c99   Thumb Code    10  fretinf.o(x$fpl$fretinf)
    __I$use$fp                               0x08004ca2   Number         0  usenofp.o(x$fpl$usenofp)
    memtblsize                               0x08004ca4   Data          12  memory_manage.o(.constdata)
    memblksize                               0x08004cb0   Data          12  memory_manage.o(.constdata)
    memsize                                  0x08004cbc   Data          12  memory_manage.o(.constdata)
    Region$$Table$$Base                      0x08004de8   Number         0  anon$$obj.o(Region$$Table)
    Region$$Table$$Limit                     0x08004e08   Number         0  anon$$obj.o(Region$$Table)
    mem3base                                 0x10000000   Data       61440  memory_manage.o(.ARM.__AT_0x10000000)
    mem3mapbase                              0x1000f000   Data        3840  memory_manage.o(.ARM.__AT_0x1000F000)
    SystemCoreClock                          0x20000000   Data           4  system_stm32f4xx.o(.data)
    AHBPrescTable                            0x20000004   Data          16  system_stm32f4xx.o(.data)
    _error                                   0x20000014   Data           2  dynamixel.o(.data)
    _nByteToBeRead                           0x20000016   Data           1  dynamixel.o(.data)
    _currentId                               0x20000017   Data           1  dynamixel.o(.data)
    _currentTimeout                          0x20000018   Data           4  dynamixel.o(.data)
    _returnDelayTime                         0x2000001c   Data           4  dynamixel.o(.data)
    _currentReturnDelayTime                  0x20000020   Data           4  dynamixel.o(.data)
    _dxlResult                               0x20000024   Data           2  dynamixel.o(.data)
    nByteToBeRead                            0x2000002c   Data           1  usart.o(.data)
    __stdout                                 0x20000030   Data           4  usart.o(.data)
    USART_RX_STA                             0x20000034   Data           1  usart.o(.data)
    mallco_dev                               0x20000038   Data          36  memory_manage.o(.data)
    USART_RX_BUF                             0x2000006c   Data          20  usart.o(.bss)
    mem1base                                 0x20000080   Data       102400  memory_manage.o(.bss)
    mem1mapbase                              0x20019080   Data        6400  memory_manage.o(.bss)
    __libspace_start                         0x2001a980   Data          96  libspace.o(.bss)
    __temporary_stack_top$libspace           0x2001a9e0   Data           0  libspace.o(.bss)
    mem2base                                 0x68000000   Data       983040  memory_manage.o(.ARM.__AT_0x68000000)
    mem2mapbase                              0x680f0000   Data       61440  memory_manage.o(.ARM.__AT_0x680F0000)



==============================================================================

Memory Map of the image

  Image Entry point : 0x08000189

  Load Region LR_IROM1 (Base: 0x08000000, Size: 0x00004e74, Max: 0x00100000, ABSOLUTE)

    Execution Region ER_IROM1 (Exec base: 0x08000000, Load base: 0x08000000, Size: 0x00004e08, Max: 0x00100000, ABSOLUTE)

    Exec Addr    Load Addr    Size         Type   Attr      Idx    E Section Name        Object

    0x08000000   0x08000000   0x00000188   Data   RO          467    RESET               startup_stm32f40_41xxx.o
    0x08000188   0x08000188   0x00000008   Code   RO          692  * !!!main             c_w.l(__main.o)
    0x08000190   0x08000190   0x00000034   Code   RO         1003    !!!scatter          c_w.l(__scatter.o)
    0x080001c4   0x080001c4   0x0000001a   Code   RO         1005    !!handler_copy      c_w.l(__scatter_copy.o)
    0x080001de   0x080001de   0x00000002   PAD
    0x080001e0   0x080001e0   0x0000001c   Code   RO         1007    !!handler_zi        c_w.l(__scatter_zi.o)
    0x080001fc   0x080001fc   0x00000002   Code   RO          946    .ARM.Collect$$libinit$$00000000  c_w.l(libinit.o)
    0x080001fe   0x080001fe   0x00000004   Code   RO          788    .ARM.Collect$$libinit$$00000001  c_w.l(libinit2.o)
    0x08000202   0x08000202   0x00000000   Code   RO          791    .ARM.Collect$$libinit$$00000004  c_w.l(libinit2.o)
    0x08000202   0x08000202   0x00000008   Code   RO          792    .ARM.Collect$$libinit$$00000005  c_w.l(libinit2.o)
    0x0800020a   0x0800020a   0x00000000   Code   RO          794    .ARM.Collect$$libinit$$0000000A  c_w.l(libinit2.o)
    0x0800020a   0x0800020a   0x00000000   Code   RO          796    .ARM.Collect$$libinit$$0000000C  c_w.l(libinit2.o)
    0x0800020a   0x0800020a   0x00000000   Code   RO          798    .ARM.Collect$$libinit$$0000000E  c_w.l(libinit2.o)
    0x0800020a   0x0800020a   0x00000000   Code   RO          801    .ARM.Collect$$libinit$$00000011  c_w.l(libinit2.o)
    0x0800020a   0x0800020a   0x00000000   Code   RO          803    .ARM.Collect$$libinit$$00000013  c_w.l(libinit2.o)
    0x0800020a   0x0800020a   0x00000000   Code   RO          805    .ARM.Collect$$libinit$$00000015  c_w.l(libinit2.o)
    0x0800020a   0x0800020a   0x00000000   Code   RO          807    .ARM.Collect$$libinit$$00000017  c_w.l(libinit2.o)
    0x0800020a   0x0800020a   0x00000000   Code   RO          809    .ARM.Collect$$libinit$$00000019  c_w.l(libinit2.o)
    0x0800020a   0x0800020a   0x00000000   Code   RO          811    .ARM.Collect$$libinit$$0000001B  c_w.l(libinit2.o)
    0x0800020a   0x0800020a   0x00000000   Code   RO          813    .ARM.Collect$$libinit$$0000001D  c_w.l(libinit2.o)
    0x0800020a   0x0800020a   0x00000000   Code   RO          815    .ARM.Collect$$libinit$$0000001F  c_w.l(libinit2.o)
    0x0800020a   0x0800020a   0x00000000   Code   RO          817    .ARM.Collect$$libinit$$00000021  c_w.l(libinit2.o)
    0x0800020a   0x0800020a   0x00000000   Code   RO          819    .ARM.Collect$$libinit$$00000023  c_w.l(libinit2.o)
    0x0800020a   0x0800020a   0x00000000   Code   RO          821    .ARM.Collect$$libinit$$00000025  c_w.l(libinit2.o)
    0x0800020a   0x0800020a   0x00000000   Code   RO          825    .ARM.Collect$$libinit$$0000002C  c_w.l(libinit2.o)
    0x0800020a   0x0800020a   0x00000000   Code   RO          827    .ARM.Collect$$libinit$$0000002E  c_w.l(libinit2.o)
    0x0800020a   0x0800020a   0x00000000   Code   RO          829    .ARM.Collect$$libinit$$00000030  c_w.l(libinit2.o)
    0x0800020a   0x0800020a   0x00000000   Code   RO          831    .ARM.Collect$$libinit$$00000032  c_w.l(libinit2.o)
    0x0800020a   0x0800020a   0x00000002   Code   RO          832    .ARM.Collect$$libinit$$00000033  c_w.l(libinit2.o)
    0x0800020c   0x0800020c   0x00000002   Code   RO         1000    .ARM.Collect$$libshutdown$$00000000  c_w.l(libshutdown.o)
    0x0800020e   0x0800020e   0x00000000   Code   RO          958    .ARM.Collect$$libshutdown$$00000002  c_w.l(libshutdown2.o)
    0x0800020e   0x0800020e   0x00000000   Code   RO          960    .ARM.Collect$$libshutdown$$00000004  c_w.l(libshutdown2.o)
    0x0800020e   0x0800020e   0x00000000   Code   RO          963    .ARM.Collect$$libshutdown$$00000007  c_w.l(libshutdown2.o)
    0x0800020e   0x0800020e   0x00000000   Code   RO          966    .ARM.Collect$$libshutdown$$0000000A  c_w.l(libshutdown2.o)
    0x0800020e   0x0800020e   0x00000000   Code   RO          968    .ARM.Collect$$libshutdown$$0000000C  c_w.l(libshutdown2.o)
    0x0800020e   0x0800020e   0x00000000   Code   RO          971    .ARM.Collect$$libshutdown$$0000000F  c_w.l(libshutdown2.o)
    0x0800020e   0x0800020e   0x00000002   Code   RO          972    .ARM.Collect$$libshutdown$$00000010  c_w.l(libshutdown2.o)
    0x08000210   0x08000210   0x00000000   Code   RO          758    .ARM.Collect$$rtentry$$00000000  c_w.l(__rtentry.o)
    0x08000210   0x08000210   0x00000000   Code   RO          882    .ARM.Collect$$rtentry$$00000002  c_w.l(__rtentry2.o)
    0x08000210   0x08000210   0x00000006   Code   RO          894    .ARM.Collect$$rtentry$$00000004  c_w.l(__rtentry4.o)
    0x08000216   0x08000216   0x00000000   Code   RO          884    .ARM.Collect$$rtentry$$00000009  c_w.l(__rtentry2.o)
    0x08000216   0x08000216   0x00000004   Code   RO          885    .ARM.Collect$$rtentry$$0000000A  c_w.l(__rtentry2.o)
    0x0800021a   0x0800021a   0x00000000   Code   RO          887    .ARM.Collect$$rtentry$$0000000C  c_w.l(__rtentry2.o)
    0x0800021a   0x0800021a   0x00000008   Code   RO          888    .ARM.Collect$$rtentry$$0000000D  c_w.l(__rtentry2.o)
    0x08000222   0x08000222   0x00000002   Code   RO          947    .ARM.Collect$$rtexit$$00000000  c_w.l(rtexit.o)
    0x08000224   0x08000224   0x00000000   Code   RO          974    .ARM.Collect$$rtexit$$00000002  c_w.l(rtexit2.o)
    0x08000224   0x08000224   0x00000004   Code   RO          975    .ARM.Collect$$rtexit$$00000003  c_w.l(rtexit2.o)
    0x08000228   0x08000228   0x00000006   Code   RO          976    .ARM.Collect$$rtexit$$00000004  c_w.l(rtexit2.o)
    0x0800022e   0x0800022e   0x00000002   PAD
    0x08000230   0x08000230   0x00000000   Code   RO          903    .emb_text           c_w.l(maybetermalloc1.o)
    0x08000230   0x08000230   0x00000360   Code   RO            3    .text               main.o
    0x08000590   0x08000590   0x0000001a   Code   RO          182    .text               stm32f4xx_it.o
    0x080005aa   0x080005aa   0x00000002   PAD
    0x080005ac   0x080005ac   0x00000210   Code   RO          231    .text               system_stm32f4xx.o
    0x080007bc   0x080007bc   0x00000040   Code   RO          257    .text               led.o
    0x080007fc   0x080007fc   0x000007ec   Code   RO          318    .text               dynamixel.o
    0x08000fe8   0x08000fe8   0x00000064   Code   RO          341    .text               motor.o
    0x0800104c   0x0800104c   0x00000104   Code   RO          364    .text               delay.o
    0x08001150   0x08001150   0x000001a8   Code   RO          404    .text               usart.o
    0x080012f8   0x080012f8   0x0000022c   Code   RO          435    .text               memory_manage.o
    0x08001524   0x08001524   0x00000040   Code   RO          468    .text               startup_stm32f40_41xxx.o
    0x08001564   0x08001564   0x000000e0   Code   RO          474    .text               misc.o
    0x08001644   0x08001644   0x00000294   Code   RO          494    .text               stm32f4xx_gpio.o
    0x080018d8   0x080018d8   0x0000065c   Code   RO          514    .text               stm32f4xx_rcc.o
    0x08001f34   0x08001f34   0x00000454   Code   RO          556    .text               stm32f4xx_usart.o
    0x08002388   0x08002388   0x00000474   Code   RO          576    .text               hopf_cpg.o
    0x080027fc   0x080027fc   0x00000baa   Code   RO          602    .text               matrix.o
    0x080033a6   0x080033a6   0x00000002   Code   RO          622    .text               c_w.l(use_no_semi_2.o)
    0x080033a8   0x080033a8   0x0000005e   Code   RO          628    .text               c_w.l(h1_alloc.o)
    0x08003406   0x08003406   0x0000004e   Code   RO          630    .text               c_w.l(h1_free.o)
    0x08003454   0x08003454   0x00000064   Code   RO          686    .text               c_w.l(rt_memcpy_w.o)
    0x080034b8   0x080034b8   0x0000004e   Code   RO          688    .text               c_w.l(rt_memclr_w.o)
    0x08003506   0x08003506   0x00000006   Code   RO          690    .text               c_w.l(heapauxi.o)
    0x0800350c   0x0800350c   0x00000002   Code   RO          754    .text               c_w.l(use_no_semi.o)
    0x0800350e   0x0800350e   0x00000002   PAD
    0x08003510   0x08003510   0x00000008   Code   RO          762    .text               c_w.l(rt_heap_descriptor_intlibspace.o)
    0x08003518   0x08003518   0x00000004   Code   RO          764    .text               c_w.l(hguard.o)
    0x0800351c   0x0800351c   0x0000008a   Code   RO          766    .text               c_w.l(init_alloc.o)
    0x080035a6   0x080035a6   0x0000000e   Code   RO          770    .text               c_w.l(h1_init.o)
    0x080035b4   0x080035b4   0x00000016   Code   RO          784    .text               c_w.l(_rserrno.o)
    0x080035ca   0x080035ca   0x00000002   PAD
    0x080035cc   0x080035cc   0x00000008   Code   RO          878    .text               c_w.l(libspace.o)
    0x080035d4   0x080035d4   0x00000008   Code   RO          899    .text               c_w.l(rt_errno_addr_intlibspace.o)
    0x080035dc   0x080035dc   0x00000034   Code   RO          905    .text               c_w.l(h1_extend.o)
    0x08003610   0x08003610   0x0000000e   Code   RO          909    .text               c_w.l(defsig_rtmem_outer.o)
    0x0800361e   0x0800361e   0x0000004a   Code   RO          925    .text               c_w.l(sys_stackheap_outer.o)
    0x08003668   0x08003668   0x00000012   Code   RO          931    .text               c_w.l(exit.o)
    0x0800367a   0x0800367a   0x0000000a   Code   RO          933    .text               c_w.l(defsig_exit.o)
    0x08003684   0x08003684   0x00000050   Code   RO          935    .text               c_w.l(defsig_rtmem_inner.o)
    0x080036d4   0x080036d4   0x00000032   Code   RO          955    .text               c_w.l(defsig_general.o)
    0x08003706   0x08003706   0x00000030   Code   RO          920    i.__ARM_fpclassify  m_wm.l(fpclassify.o)
    0x08003736   0x08003736   0x00000002   PAD
    0x08003738   0x08003738   0x000000c8   Code   RO          724    i.__hardfp_cos      m_wm.l(cos.o)
    0x08003800   0x08003800   0x00000014   Code   RO          736    i.__hardfp_fabs     m_wm.l(fabs.o)
    0x08003814   0x08003814   0x00000004   PAD
    0x08003818   0x08003818   0x000000c8   Code   RO          742    i.__hardfp_sin      m_wm.l(sin.o)
    0x080038e0   0x080038e0   0x00000438   Code   RO          865    i.__ieee754_rem_pio2  m_wm.l(rred.o)
    0x08003d18   0x08003d18   0x00000170   Code   RO          848    i.__kernel_cos      m_wm.l(cos_i.o)
    0x08003e88   0x08003e88   0x000000f8   Code   RO          922    i.__kernel_poly     m_wm.l(poly.o)
    0x08003f80   0x08003f80   0x00000130   Code   RO          870    i.__kernel_sin      m_wm.l(sin_i.o)
    0x080040b0   0x080040b0   0x00000014   Code   RO          852    i.__mathlib_dbl_infnan  m_wm.l(dunder.o)
    0x080040c4   0x080040c4   0x00000004   PAD
    0x080040c8   0x080040c8   0x00000020   Code   RO          854    i.__mathlib_dbl_invalid  m_wm.l(dunder.o)
    0x080040e8   0x080040e8   0x00000020   Code   RO          857    i.__mathlib_dbl_underflow  m_wm.l(dunder.o)
    0x08004108   0x08004108   0x00000018   Code   RO          738    i.fabs              m_wm.l(fabs.o)
    0x08004120   0x08004120   0x00000018   Code   RO          833    x$fpl$basic         fz_wm.l(basic.o)
    0x08004138   0x08004138   0x00000062   Code   RO          694    x$fpl$d2f           fz_wm.l(d2f.o)
    0x0800419a   0x0800419a   0x00000002   PAD
    0x0800419c   0x0800419c   0x00000150   Code   RO          696    x$fpl$dadd          fz_wm.l(daddsub_clz.o)
    0x080042ec   0x080042ec   0x00000018   Code   RO          835    x$fpl$dcmpinf       fz_wm.l(dcmpi.o)
    0x08004304   0x08004304   0x000002b0   Code   RO          703    x$fpl$ddiv          fz_wm.l(ddiv.o)
    0x080045b4   0x080045b4   0x00000078   Code   RO          706    x$fpl$deqf          fz_wm.l(deqf.o)
    0x0800462c   0x0800462c   0x0000005e   Code   RO          708    x$fpl$dfix          fz_wm.l(dfix.o)
    0x0800468a   0x0800468a   0x0000002e   Code   RO          713    x$fpl$dflt          fz_wm.l(dflt_clz.o)
    0x080046b8   0x080046b8   0x00000026   Code   RO          712    x$fpl$dfltu         fz_wm.l(dflt_clz.o)
    0x080046de   0x080046de   0x00000002   PAD
    0x080046e0   0x080046e0   0x00000078   Code   RO          837    x$fpl$dleqf         fz_wm.l(dleqf.o)
    0x08004758   0x08004758   0x00000154   Code   RO          718    x$fpl$dmul          fz_wm.l(dmul.o)
    0x080048ac   0x080048ac   0x0000009c   Code   RO          839    x$fpl$dnaninf       fz_wm.l(dnaninf.o)
    0x08004948   0x08004948   0x0000000c   Code   RO          841    x$fpl$dretinf       fz_wm.l(dretinf.o)
    0x08004954   0x08004954   0x0000006c   Code   RO          720    x$fpl$drleqf        fz_wm.l(drleqf.o)
    0x080049c0   0x080049c0   0x00000016   Code   RO          697    x$fpl$drsb          fz_wm.l(daddsub_clz.o)
    0x080049d6   0x080049d6   0x00000002   PAD
    0x080049d8   0x080049d8   0x000001d4   Code   RO          698    x$fpl$dsub          fz_wm.l(daddsub_clz.o)
    0x08004bac   0x08004bac   0x00000056   Code   RO          722    x$fpl$f2d           fz_wm.l(f2d.o)
    0x08004c02   0x08004c02   0x0000008c   Code   RO          843    x$fpl$fnaninf       fz_wm.l(fnaninf.o)
    0x08004c8e   0x08004c8e   0x0000000a   Code   RO          918    x$fpl$fpinit        fz_wm.l(fpinit.o)
    0x08004c98   0x08004c98   0x0000000a   Code   RO          845    x$fpl$fretinf       fz_wm.l(fretinf.o)
    0x08004ca2   0x08004ca2   0x00000000   Code   RO          847    x$fpl$usenofp       fz_wm.l(usenofp.o)
    0x08004ca2   0x08004ca2   0x00000002   PAD
    0x08004ca4   0x08004ca4   0x00000024   Data   RO          441    .constdata          memory_manage.o
    0x08004cc8   0x08004cc8   0x00000030   Data   RO          849    .constdata          m_wm.l(cos_i.o)
    0x08004cf8   0x08004cf8   0x000000c8   Data   RO          867    .constdata          m_wm.l(rred.o)
    0x08004dc0   0x08004dc0   0x00000028   Data   RO          871    .constdata          m_wm.l(sin_i.o)
    0x08004de8   0x08004de8   0x00000020   Data   RO         1001    Region$$Table       anon$$obj.o


    Execution Region RW_IRAM1 (Exec base: 0x20000000, Load base: 0x08004e08, Size: 0x0001afe0, Max: 0x00020000, ABSOLUTE)

    Exec Addr    Load Addr    Size         Type   Attr      Idx    E Section Name        Object

    0x20000000   0x08004e08   0x00000014   Data   RW          232    .data               system_stm32f4xx.o
    0x20000014   0x08004e1c   0x00000012   Data   RW          319    .data               dynamixel.o
    0x20000026   0x08004e2e   0x00000004   Data   RW          365    .data               delay.o
    0x2000002a   0x08004e32   0x00000002   PAD
    0x2000002c   0x08004e34   0x00000009   Data   RW          406    .data               usart.o
    0x20000035   0x08004e3d   0x00000003   PAD
    0x20000038   0x08004e40   0x00000024   Data   RW          442    .data               memory_manage.o
    0x2000005c   0x08004e64   0x00000010   Data   RW          515    .data               stm32f4xx_rcc.o
    0x2000006c        -       0x00000014   Zero   RW          405    .bss                usart.o
    0x20000080        -       0x0001a900   Zero   RW          440    .bss                memory_manage.o
    0x2001a980        -       0x00000060   Zero   RW          879    .bss                c_w.l(libspace.o)
    0x2001a9e0        -       0x00000200   Zero   RW          466    HEAP                startup_stm32f40_41xxx.o
    0x2001abe0        -       0x00000400   Zero   RW          465    STACK               startup_stm32f40_41xxx.o



  Load Region LR$$.ARM.__AT_0x10000000 (Base: 0x10000000, Size: 0x00000000, Max: 0x0000f000, ABSOLUTE)

    Execution Region ER$$.ARM.__AT_0x10000000 (Exec base: 0x10000000, Load base: 0x10000000, Size: 0x0000f000, Max: 0x0000f000, ABSOLUTE, UNINIT)

    Exec Addr    Load Addr    Size         Type   Attr      Idx    E Section Name        Object

    0x10000000        -       0x0000f000   Zero   RW          436    .ARM.__AT_0x10000000  memory_manage.o



  Load Region LR$$.ARM.__AT_0x1000F000 (Base: 0x1000f000, Size: 0x00000000, Max: 0x00000f00, ABSOLUTE)

    Execution Region ER$$.ARM.__AT_0x1000F000 (Exec base: 0x1000f000, Load base: 0x1000f000, Size: 0x00000f00, Max: 0x00000f00, ABSOLUTE, UNINIT)

    Exec Addr    Load Addr    Size         Type   Attr      Idx    E Section Name        Object

    0x1000f000        -       0x00000f00   Zero   RW          437    .ARM.__AT_0x1000F000  memory_manage.o



  Load Region LR$$.ARM.__AT_0x68000000 (Base: 0x68000000, Size: 0x00000000, Max: 0x000f0000, ABSOLUTE)

    Execution Region ER$$.ARM.__AT_0x68000000 (Exec base: 0x68000000, Load base: 0x68000000, Size: 0x000f0000, Max: 0x000f0000, ABSOLUTE, UNINIT)

    Exec Addr    Load Addr    Size         Type   Attr      Idx    E Section Name        Object

    0x68000000        -       0x000f0000   Zero   RW          438    .ARM.__AT_0x68000000  memory_manage.o



  Load Region LR$$.ARM.__AT_0x680F0000 (Base: 0x680f0000, Size: 0x00000000, Max: 0x0000f000, ABSOLUTE)

    Execution Region ER$$.ARM.__AT_0x680F0000 (Exec base: 0x680f0000, Load base: 0x680f0000, Size: 0x0000f000, Max: 0x0000f000, ABSOLUTE, UNINIT)

    Exec Addr    Load Addr    Size         Type   Attr      Idx    E Section Name        Object

    0x680f0000        -       0x0000f000   Zero   RW          439    .ARM.__AT_0x680F0000  memory_manage.o


==============================================================================

Image component sizes


      Code (inc. data)   RO Data    RW Data    ZI Data      Debug   Object Name

       260          8          0          4          0       1449   delay.o
      2028         60          0         18          0      16117   dynamixel.o
      1140         10          0          0          0       2164   hopf_cpg.o
        64          4          0          0          0        511   led.o
       864         52          0          0          0     264167   main.o
      2986         20          0          0          0       7715   matrix.o
       556         18         36         36    1218560       5049   memory_manage.o
       224         20          0          0          0       1789   misc.o
       100         10          0          0          0       1100   motor.o
        64         26        392          0       1536        820   startup_stm32f40_41xxx.o
       660         44          0          0          0       4129   stm32f4xx_gpio.o
        26          0          0          0          0       1206   stm32f4xx_it.o
      1628         52          0         16          0      12992   stm32f4xx_rcc.o
      1108         34          0          0          0       7852   stm32f4xx_usart.o
       528         46          0         20          0       1735   system_stm32f4xx.o
       424         26          0          9         20       4282   usart.o

    ----------------------------------------------------------------------
     12662        430        460        108    1220116     333077   Object Totals
         0          0         32          0          0          0   (incl. Generated)
         2          0          0          5          0          0   (incl. Padding)

    ----------------------------------------------------------------------

      Code (inc. data)   RO Data    RW Data    ZI Data      Debug   Library Member Name

         8          0          0          0          0         68   __main.o
         0          0          0          0          0          0   __rtentry.o
        12          0          0          0          0          0   __rtentry2.o
         6          0          0          0          0          0   __rtentry4.o
        52          8          0          0          0          0   __scatter.o
        26          0          0          0          0          0   __scatter_copy.o
        28          0          0          0          0          0   __scatter_zi.o
        22          0          0          0          0        100   _rserrno.o
        10          0          0          0          0         68   defsig_exit.o
        50          0          0          0          0         88   defsig_general.o
        80         58          0          0          0         76   defsig_rtmem_inner.o
        14          0          0          0          0         80   defsig_rtmem_outer.o
        18          0          0          0          0         80   exit.o
        94          0          0          0          0         80   h1_alloc.o
        52          0          0          0          0         68   h1_extend.o
        78          0          0          0          0         80   h1_free.o
        14          0          0          0          0         84   h1_init.o
         6          0          0          0          0        152   heapauxi.o
         4          0          0          0          0        136   hguard.o
       138          0          0          0          0        168   init_alloc.o
         2          0          0          0          0          0   libinit.o
        14          0          0          0          0          0   libinit2.o
         2          0          0          0          0          0   libshutdown.o
         2          0          0          0          0          0   libshutdown2.o
         8          4          0          0         96         68   libspace.o
         0          0          0          0          0          0   maybetermalloc1.o
         8          4          0          0          0         68   rt_errno_addr_intlibspace.o
         8          4          0          0          0         68   rt_heap_descriptor_intlibspace.o
        78          0          0          0          0         80   rt_memclr_w.o
       100          0          0          0          0         80   rt_memcpy_w.o
         2          0          0          0          0          0   rtexit.o
        10          0          0          0          0          0   rtexit2.o
        74          0          0          0          0         80   sys_stackheap_outer.o
         2          0          0          0          0         68   use_no_semi.o
         2          0          0          0          0         68   use_no_semi_2.o
        24          0          0          0          0        164   basic.o
        98          4          0          0          0        140   d2f.o
       826         16          0          0          0        492   daddsub_clz.o
        24          0          0          0          0        116   dcmpi.o
       688        140          0          0          0        256   ddiv.o
       120          4          0          0          0        140   deqf.o
        94          4          0          0          0        140   dfix.o
        84          0          0          0          0        232   dflt_clz.o
       120          4          0          0          0        140   dleqf.o
       340         12          0          0          0        152   dmul.o
       156          4          0          0          0        140   dnaninf.o
        12          0          0          0          0        116   dretinf.o
       108          0          0          0          0        128   drleqf.o
        86          4          0          0          0        132   f2d.o
       140          4          0          0          0        132   fnaninf.o
        10          0          0          0          0        116   fpinit.o
        10          0          0          0          0        116   fretinf.o
         0          0          0          0          0          0   usenofp.o
       200         20          0          0          0        164   cos.o
       368         46         48          0          0        200   cos_i.o
        84         16          0          0          0        372   dunder.o
        44          0          0          0          0        248   fabs.o
        48          0          0          0          0        124   fpclassify.o
       248          0          0          0          0        152   poly.o
      1080        142        200          0          0        188   rred.o
       200         20          0          0          0        164   sin.o
       304         24         40          0          0        208   sin_i.o

    ----------------------------------------------------------------------
      6566        542        288          0         96       6580   Library Totals
        26          0          0          0          0          0   (incl. Padding)

    ----------------------------------------------------------------------

      Code (inc. data)   RO Data    RW Data    ZI Data      Debug   Library Name

      1024         78          0          0         96       1908   c_w.l
      2940        196          0          0          0       2852   fz_wm.l
      2576        268        288          0          0       1820   m_wm.l

    ----------------------------------------------------------------------
      6566        542        288          0         96       6580   Library Totals

    ----------------------------------------------------------------------

==============================================================================


      Code (inc. data)   RO Data    RW Data    ZI Data      Debug   

     19228        972        748        108    1220212     332669   Grand Totals
     19228        972        748        108    1220212     332669   ELF Image Totals
     19228        972        748        108          0          0   ROM Totals

==============================================================================

    Total RO  Size (Code + RO Data)                19976 (  19.51kB)
    Total RW  Size (RW Data + ZI Data)           1220320 (1191.72kB)
    Total ROM Size (Code + RO Data + RW Data)      20084 (  19.61kB)

==============================================================================

