<html>
<body>
<pre>
<h1>µVision Build Log</h1>
<h2>Tool Versions:</h2>
IDE-Version: ¦ÌVision V5.31.0.0
Copyright (C) 2020 ARM Ltd and ARM Germany GmbH. All rights reserved.
License Information: y z, tgu, LIC=JHY8T-RL1UE-EC0JK-ZBPFP-WTZ5Q-MS300
 
Tool Versions:
Toolchain:       *** Unknown Product ***  Version: 5.31.0.0
Toolchain Path:  C:\Keil_v5\ARM\ARMCC\Bin
C Compiler:      Armcc.exe V5.06 update 6 (build 750)
Assembler:       Armasm.exe V5.06 update 6 (build 750)
Linker/Locator:  ArmLink.exe V5.06 update 6 (build 750)
Library Manager: ArmAr.exe V5.06 update 6 (build 750)
Hex Converter:   FromElf.exe V5.06 update 6 (build 750)
CPU DLL:         SARMCM3.DLL V5.31.0.0
Dialog DLL:      DCM.DLL V1.17.3.0
Target DLL:      STLink\ST-LINKIII-KEIL_SWO.dll V3.0.7.0
Dialog DLL:      TCM.DLL V1.46.0.0
 
<h2>Project:</h2>
E:\stm32³ÌÐò\Snake_Robot_CPG_STM32\USER\USART.uvproj
Project File Date:  09/17/2020

<h2>Output:</h2>
  
Warning: *** SUPPORT EXPIRED, NEW PRODUCT SERIAL NUMBER REQUIRED ***
         *** Running with Code Size Limit: 32K                   ***
*** Using Compiler 'V5.06 update 6 (build 750)', folder: 'C:\Keil_v5\ARM\ARMCC\Bin'
Rebuild target 'USART'
compiling beep.c...
compiling delay.c...
compiling sys.c...
compiling key.c...
compiling led.c...
compiling usart.c...
compiling stm32f4xx_it.c...
compiling Motor.c...
assembling startup_stm32f40_41xxx.s...
compiling system_stm32f4xx.c...
compiling Dynamixel.c...
compiling main.c...
main.c(107): warning:  #177-D: variable "len"  was declared but never referenced
  	u16 len = 0;
main.c(109): warning:  #177-D: variable "freq"  was declared but never referenced
  			u8 freq = 5;
main.c(110): warning:  #177-D: variable "t"  was declared but never referenced
  	 u8 t=0;
main.c: 3 warnings, 0 errors
compiling Memory_Manage.c...
compiling stm32f4xx_usart.c...
compiling stm32f4xx_gpio.c...
compiling stm32f4xx_rcc.c...
compiling stm32f4xx_syscfg.c...
compiling misc.c...
compiling Hopf_CPG.c...
compiling Matrix.c...
..\MATH\Matrix.c(62): warning:  #223-D: function "printf" declared implicitly
          printf("%lf\t", matrix->data[i]);
..\MATH\Matrix.c: 1 warning, 0 errors
linking...
Program Size: Code=19216 RO-data=924 RW-data=100 ZI-data=1219676  
FromELF: creating hex file...
"..\OBJ\USART.axf" - 0 Error(s), 5 Warning(s).
Build Time Elapsed:  00:00:05
</pre>
</body>
</html>
