Component: ARM Compiler 5.06 update 6 (build 750) Tool: armlink [4d35ed]

==============================================================================

Section Cross References

    main.o(.text) refers to _printf_percent.o(.ARM.Collect$$_printf_percent$$00000000) for _printf_percent
    main.o(.text) refers to _printf_d.o(.ARM.Collect$$_printf_percent$$00000009) for _printf_d
    main.o(.text) refers to _printf_dec.o(.text) for _printf_int_dec
    main.o(.text) refers to misc.o(.text) for NVIC_PriorityGroupConfig
    main.o(.text) refers to delay.o(.text) for delay_init
    main.o(.text) refers to usart.o(.text) for uart_init
    main.o(.text) refers to led.o(.text) for LED_Init
    main.o(.text) refers to memory_manage.o(.text) for my_mem_init
    main.o(.text) refers to matrix.o(.text) for InitMatrix
    main.o(.text) refers to dflt_clz.o(x$fpl$dflt) for __aeabi_i2d
    main.o(.text) refers to ddiv.o(x$fpl$ddiv) for __aeabi_ddiv
    main.o(.text) refers to d2f.o(x$fpl$d2f) for __aeabi_d2f
    main.o(.text) refers to f2d.o(x$fpl$f2d) for __aeabi_f2d
    main.o(.text) refers to noretval__2printf.o(.text) for __2printf
    main.o(.text) refers to daddsub_clz.o(x$fpl$dsub) for __aeabi_dsub
    main.o(.text) refers to hopf_cpg.o(.text) for Coupling
    main.o(.text) refers to motor.o(.text) for AngletoPostion
    main.o(.text) refers to dynamixel.o(.text) for readDxlResult
    system_stm32f4xx.o(.text) refers to system_stm32f4xx.o(.data) for SystemCoreClock
    led.o(.text) refers to stm32f4xx_rcc.o(.text) for RCC_AHB1PeriphClockCmd
    led.o(.text) refers to stm32f4xx_gpio.o(.text) for GPIO_Init
    beep.o(.text) refers to stm32f4xx_rcc.o(.text) for RCC_AHB1PeriphClockCmd
    beep.o(.text) refers to stm32f4xx_gpio.o(.text) for GPIO_Init
    key.o(.text) refers to stm32f4xx_rcc.o(.text) for RCC_AHB1PeriphClockCmd
    key.o(.text) refers to stm32f4xx_gpio.o(.text) for GPIO_Init
    key.o(.text) refers to delay.o(.text) for delay_ms
    key.o(.text) refers to key.o(.data) for key_up
    dynamixel.o(.text) refers to usart.o(.text) for USART1_Send_Data
    dynamixel.o(.text) refers to h1_alloc.o(.text) for malloc
    dynamixel.o(.text) refers to h1_free.o(.text) for free
    dynamixel.o(.text) refers to dynamixel.o(.data) for _error
    motor.o(.text) refers to dmul.o(x$fpl$dmul) for __aeabi_dmul
    motor.o(.text) refers to dfix.o(x$fpl$dfix) for __aeabi_d2iz
    motor.o(.text) refers to dynamixel.o(.text) for setGoalPositionAtSpeed
    delay.o(.text) refers to misc.o(.text) for SysTick_CLKSourceConfig
    delay.o(.text) refers to delay.o(.data) for fac_us
    usart.o(.rev16_text) refers (Special) to use_no_semi_2.o(.text) for __use_no_semihosting
    usart.o(.revsh_text) refers (Special) to use_no_semi_2.o(.text) for __use_no_semihosting
    usart.o(.text) refers (Special) to use_no_semi_2.o(.text) for __use_no_semihosting
    usart.o(.text) refers to stm32f4xx_rcc.o(.text) for RCC_AHB1PeriphClockCmd
    usart.o(.text) refers to stm32f4xx_gpio.o(.text) for GPIO_PinAFConfig
    usart.o(.text) refers to stm32f4xx_usart.o(.text) for USART_Init
    usart.o(.text) refers to misc.o(.text) for NVIC_Init
    usart.o(.text) refers to usart.o(.bss) for USART_RX_BUF
    usart.o(.text) refers to usart.o(.data) for USART_RX_STA
    usart.o(.bss) refers (Special) to use_no_semi_2.o(.text) for __use_no_semihosting
    usart.o(.data) refers (Special) to use_no_semi_2.o(.text) for __use_no_semihosting
    memory_manage.o(.text) refers to memory_manage.o(.constdata) for memtblsize
    memory_manage.o(.text) refers to memory_manage.o(.data) for mallco_dev
    memory_manage.o(.data) refers to memory_manage.o(.text) for my_mem_init
    memory_manage.o(.data) refers to memory_manage.o(.bss) for mem1base
    memory_manage.o(.data) refers to memory_manage.o(.ARM.__AT_0x68000000) for mem2base
    memory_manage.o(.data) refers to memory_manage.o(.ARM.__AT_0x10000000) for mem3base
    memory_manage.o(.data) refers to memory_manage.o(.ARM.__AT_0x680F0000) for mem2mapbase
    memory_manage.o(.data) refers to memory_manage.o(.ARM.__AT_0x1000F000) for mem3mapbase
    startup_stm32f40_41xxx.o(STACK) refers (Special) to heapauxi.o(.text) for __use_two_region_memory
    startup_stm32f40_41xxx.o(HEAP) refers (Special) to heapauxi.o(.text) for __use_two_region_memory
    startup_stm32f40_41xxx.o(RESET) refers (Special) to heapauxi.o(.text) for __use_two_region_memory
    startup_stm32f40_41xxx.o(RESET) refers to startup_stm32f40_41xxx.o(STACK) for __initial_sp
    startup_stm32f40_41xxx.o(RESET) refers to startup_stm32f40_41xxx.o(.text) for Reset_Handler
    startup_stm32f40_41xxx.o(RESET) refers to stm32f4xx_it.o(.text) for NMI_Handler
    startup_stm32f40_41xxx.o(RESET) refers to usart.o(.text) for USART1_IRQHandler
    startup_stm32f40_41xxx.o(.text) refers (Special) to heapauxi.o(.text) for __use_two_region_memory
    startup_stm32f40_41xxx.o(.text) refers to system_stm32f4xx.o(.text) for SystemInit
[...]
    $v0                                      0x080055a0   Number         0  dcmpi.o(x$fpl$dcmpinf)
    x$fpl$ddiv                               0x080055b8   Section      688  ddiv.o(x$fpl$ddiv)
    $v0                                      0x080055b8   Number         0  ddiv.o(x$fpl$ddiv)
    ddiv_entry                               0x080055bf   Thumb Code     0  ddiv.o(x$fpl$ddiv)
    x$fpl$deqf                               0x08005868   Section      120  deqf.o(x$fpl$deqf)
    $v0                                      0x08005868   Number         0  deqf.o(x$fpl$deqf)
    x$fpl$dfix                               0x080058e0   Section       94  dfix.o(x$fpl$dfix)
    $v0                                      0x080058e0   Number         0  dfix.o(x$fpl$dfix)
    x$fpl$dflt                               0x0800593e   Section       46  dflt_clz.o(x$fpl$dflt)
    $v0                                      0x0800593e   Number         0  dflt_clz.o(x$fpl$dflt)
    x$fpl$dfltu                              0x0800596c   Section       38  dflt_clz.o(x$fpl$dfltu)
    $v0                                      0x0800596c   Number         0  dflt_clz.o(x$fpl$dfltu)
    x$fpl$dleqf                              0x08005994   Section      120  dleqf.o(x$fpl$dleqf)
    $v0                                      0x08005994   Number         0  dleqf.o(x$fpl$dleqf)
    x$fpl$dmul                               0x08005a0c   Section      340  dmul.o(x$fpl$dmul)
    $v0                                      0x08005a0c   Number         0  dmul.o(x$fpl$dmul)
    x$fpl$dnaninf                            0x08005b60   Section      156  dnaninf.o(x$fpl$dnaninf)
    $v0                                      0x08005b60   Number         0  dnaninf.o(x$fpl$dnaninf)
    x$fpl$dretinf                            0x08005bfc   Section       12  dretinf.o(x$fpl$dretinf)
    $v0                                      0x08005bfc   Number         0  dretinf.o(x$fpl$dretinf)
    x$fpl$drleqf                             0x08005c08   Section      108  drleqf.o(x$fpl$drleqf)
    $v0                                      0x08005c08   Number         0  drleqf.o(x$fpl$drleqf)
    x$fpl$drsb                               0x08005c74   Section       22  daddsub_clz.o(x$fpl$drsb)
    $v0                                      0x08005c74   Number         0  daddsub_clz.o(x$fpl$drsb)
    x$fpl$dsub                               0x08005c8c   Section      468  daddsub_clz.o(x$fpl$dsub)
    $v0                                      0x08005c8c   Number         0  daddsub_clz.o(x$fpl$dsub)
    _dsub1                                   0x08005c9d   Thumb Code     0  daddsub_clz.o(x$fpl$dsub)
    x$fpl$f2d                                0x08005e60   Section       86  f2d.o(x$fpl$f2d)
    $v0                                      0x08005e60   Number         0  f2d.o(x$fpl$f2d)
    x$fpl$fnaninf                            0x08005eb6   Section      140  fnaninf.o(x$fpl$fnaninf)
    $v0                                      0x08005eb6   Number         0  fnaninf.o(x$fpl$fnaninf)
    x$fpl$fpinit                             0x08005f42   Section       10  fpinit.o(x$fpl$fpinit)
    $v0                                      0x08005f42   Number         0  fpinit.o(x$fpl$fpinit)
    x$fpl$fretinf                            0x08005f4c   Section       10  fretinf.o(x$fpl$fretinf)
    $v0                                      0x08005f4c   Number         0  fretinf.o(x$fpl$fretinf)
    x$fpl$printf1                            0x08005f56   Section        4  printf1.o(x$fpl$printf1)
    $v0                                      0x08005f56   Number         0  printf1.o(x$fpl$printf1)
    x$fpl$usenofp                            0x08005f5a   Section        0  usenofp.o(x$fpl$usenofp)
    .constdata                               0x08005f5c   Section       36  memory_manage.o(.constdata)
    .constdata                               0x08005f80   Section       48  cos_i.o(.constdata)
    C                                        0x08005f80   Data          48  cos_i.o(.constdata)
    .constdata                               0x08005fb0   Section      200  rred.o(.constdata)
    pio2s                                    0x08005fb0   Data          48  rred.o(.constdata)
    twooverpi                                0x08005fe0   Data         152  rred.o(.constdata)
    .constdata                               0x08006078   Section       40  sin_i.o(.constdata)
    S                                        0x08006078   Data          40  sin_i.o(.constdata)
    .constdata                               0x080060a0   Section      148  bigflt0.o(.constdata)
    tenpwrs_x                                0x080060a0   Data          60  bigflt0.o(.constdata)
    tenpwrs_i                                0x080060dc   Data          64  bigflt0.o(.constdata)
    locale$$data                             0x08006154   Section       28  lc_numeric_c.o(locale$$data)
    __lcnum_c_name                           0x08006158   Data           2  lc_numeric_c.o(locale$$data)
    __lcnum_c_start                          0x08006160   Data           0  lc_numeric_c.o(locale$$data)
    __lcnum_c_point                          0x0800616c   Data           0  lc_numeric_c.o(locale$$data)
    __lcnum_c_thousands                      0x0800616e   Data           0  lc_numeric_c.o(locale$$data)
    __lcnum_c_grouping                       0x0800616f   Data           0  lc_numeric_c.o(locale$$data)
    __lcnum_c_end                            0x08006170   Data           0  lc_numeric_c.o(locale$$data)
    .ARM.__AT_0x10000000                     0x10000000   Section    61440  memory_manage.o(.ARM.__AT_0x10000000)
    .ARM.__AT_0x1000F000                     0x1000f000   Section     3840  memory_manage.o(.ARM.__AT_0x1000F000)
    .data                                    0x20000000   Section       20  system_stm32f4xx.o(.data)
    .data                                    0x20000014   Section       18  dynamixel.o(.data)
    .data                                    0x20000026   Section        4  delay.o(.data)
    fac_us                                   0x20000026   Data           1  delay.o(.data)
    fac_ms                                   0x20000028   Data           2  delay.o(.data)
    .data                                    0x2000002c   Section       12  usart.o(.data)
    .data                                    0x20000038   Section       36  memory_manage.o(.data)
    .data                                    0x2000005c   Section       16  stm32f4xx_rcc.o(.data)
    APBAHBPrescTable                         0x2000005c   Data          16  stm32f4xx_rcc.o(.data)
    .bss                                     0x2000006c   Section       40  usart.o(.bss)
    .bss                                     0x200000a0   Section    108800  memory_manage.o(.bss)
    .bss                                     0x2001a9a0   Section       96  libspace.o(.bss)
    HEAP                                     0x2001aa00   Section      512  startup_stm32f40_41xxx.o(HEAP)
    Heap_Mem                                 0x2001aa00   Data         512  startup_stm32f40_41xxx.o(HEAP)
    STACK                                    0x2001ac00   Section     1024  startup_stm32f40_41xxx.o(STACK)
    Stack_Mem                                0x2001ac00   Data        1024  startup_stm32f40_41xxx.o(STACK)
    __initial_sp                             0x2001b000   Data           0  startup_stm32f40_41xxx.o(STACK)
    .ARM.__AT_0x68000000                     0x68000000   Section    983040  memory_manage.o(.ARM.__AT_0x68000000)
    .ARM.__AT_0x680F0000                     0x680f0000   Section    61440  memory_manage.o(.ARM.__AT_0x680F0000)

    Global Symbols

    Symbol Name                              Value     Ov Type        Size  Object(Section)

    BuildAttributes$$THM_ISAv4$E$P$D$K$B$S$7EM$VFPi3$EXTD16$VFPS$VFMA$PE$A:L22UL41UL21$X:L11$S22US41US21$IEEE1$IW$USESV6$~STKCKD$USESV7$~SHL$OTIME$ROPI$IEEEX$EBA8$UX$STANDARDLIB$REQ8$PRES8$EABIv2 0x00000000   Number         0  anon$$obj.o ABSOLUTE
    __ARM_use_no_argv                        0x00000000   Number         0  main.o ABSOLUTE
    _printf_flags                            0x00000000   Number         0  printf_stubs.o ABSOLUTE
    _printf_return_value                     0x00000000   Number         0  printf_stubs.o ABSOLUTE
    _printf_sizespec                         0x00000000   Number         0  printf_stubs.o ABSOLUTE
    _printf_widthprec                        0x00000000   Number         0  printf_stubs.o ABSOLUTE
    __ARM_exceptions_init                     - Undefined Weak Reference
    __alloca_initialize                       - Undefined Weak Reference
    __arm_preinit_                            - Undefined Weak Reference
    __cpp_initialize__aeabi_                  - Undefined Weak Reference
    __cxa_finalize                            - Undefined Weak Reference
    __sigvec_lookup                           - Undefined Weak Reference
    __user_heap_extent                        - Undefined Weak Reference
    _atexit_init                              - Undefined Weak Reference
    _call_atexit_fns                          - Undefined Weak Reference
    _clock_init                               - Undefined Weak Reference
    _fp_trap_init                             - Undefined Weak Reference
    _fp_trap_shutdown                         - Undefined Weak Reference
    _get_lc_collate                           - Undefined Weak Reference
    _get_lc_ctype                             - Undefined Weak Reference
    _get_lc_monetary                          - Undefined Weak Reference
    _get_lc_time                              - Undefined Weak Reference
    _getenv_init                              - Undefined Weak Reference
    _handle_redirection                       - Undefined Weak Reference
    _initio                                   - Undefined Weak Reference
    _mutex_acquire                            - Undefined Weak Reference
    _mutex_free                               - Undefined Weak Reference
    _mutex_release                            - Undefined Weak Reference
    _printf_post_padding                      - Undefined Weak Reference
    _printf_pre_padding                       - Undefined Weak Reference
    _printf_truncate_signed                   - Undefined Weak Reference
    _printf_truncate_unsigned                 - Undefined Weak Reference
    _rand_init                                - Undefined Weak Reference
    _signal_finish                            - Undefined Weak Reference
    _signal_init                              - Undefined Weak Reference
    _terminateio                              - Undefined Weak Reference
    __Vectors_Size                           0x00000188   Number         0  startup_stm32f40_41xxx.o ABSOLUTE
    __Vectors                                0x08000000   Data           4  startup_stm32f40_41xxx.o(RESET)
    __Vectors_End                            0x08000188   Data           0  startup_stm32f40_41xxx.o(RESET)
    __main                                   0x08000189   Thumb Code     8  __main.o(!!!main)
    __scatterload                            0x08000191   Thumb Code     0  __scatter.o(!!!scatter)
    __scatterload_rt2                        0x08000191   Thumb Code    44  __scatter.o(!!!scatter)
    __scatterload_rt2_thumb_only             0x08000191   Thumb Code     0  __scatter.o(!!!scatter)
    __scatterload_null                       0x0800019f   Thumb Code     0  __scatter.o(!!!scatter)
    __scatterload_copy                       0x080001c5   Thumb Code    26  __scatter_copy.o(!!handler_copy)
    __scatterload_zeroinit                   0x080001e1   Thumb Code    28  __scatter_zi.o(!!handler_zi)
    _printf_f                                0x080001fd   Thumb Code     0  _printf_f.o(.ARM.Collect$$_printf_percent$$00000003)
    _printf_percent                          0x080001fd   Thumb Code     0  _printf_percent.o(.ARM.Collect$$_printf_percent$$00000000)
    _printf_d                                0x08000203   Thumb Code     0  _printf_d.o(.ARM.Collect$$_printf_percent$$00000009)
    _printf_percent_end                      0x08000209   Thumb Code     0  _printf_percent_end.o(.ARM.Collect$$_printf_percent$$00000017)
    __rt_lib_init                            0x0800020d   Thumb Code     0  libinit.o(.ARM.Collect$$libinit$$00000000)
    __rt_lib_init_fp_1                       0x0800020f   Thumb Code     0  libinit2.o(.ARM.Collect$$libinit$$00000001)
    __rt_lib_init_heap_2                     0x08000213   Thumb Code     0  libinit2.o(.ARM.Collect$$libinit$$00000005)
    __rt_lib_init_preinit_1                  0x08000213   Thumb Code     0  libinit2.o(.ARM.Collect$$libinit$$00000004)
    __rt_lib_init_heap_1                     0x0800021b   Thumb Code     0  libinit2.o(.ARM.Collect$$libinit$$0000000A)
    __rt_lib_init_lc_common                  0x0800021b   Thumb Code     0  libinit2.o(.ARM.Collect$$libinit$$0000000F)
    __rt_lib_init_rand_1                     0x0800021b   Thumb Code     0  libinit2.o(.ARM.Collect$$libinit$$0000000E)
    __rt_lib_init_user_alloc_1               0x0800021b   Thumb Code     0  libinit2.o(.ARM.Collect$$libinit$$0000000C)
    __rt_lib_init_lc_collate_1               0x08000221   Thumb Code     0  libinit2.o(.ARM.Collect$$libinit$$00000011)
    __rt_lib_init_lc_ctype_1                 0x08000221   Thumb Code     0  libinit2.o(.ARM.Collect$$libinit$$00000013)
    __rt_lib_init_lc_monetary_1              0x08000221   Thumb Code     0  libinit2.o(.ARM.Collect$$libinit$$00000015)
    __rt_lib_init_lc_numeric_2               0x08000221   Thumb Code     0  libinit2.o(.ARM.Collect$$libinit$$00000016)
    __rt_lib_init_alloca_1                   0x0800022b   Thumb Code     0  libinit2.o(.ARM.Collect$$libinit$$0000002E)
    __rt_lib_init_argv_1                     0x0800022b   Thumb Code     0  libinit2.o(.ARM.Collect$$libinit$$0000002C)
    __rt_lib_init_atexit_1                   0x0800022b   Thumb Code     0  libinit2.o(.ARM.Collect$$libinit$$0000001B)
    __rt_lib_init_clock_1                    0x0800022b   Thumb Code     0  libinit2.o(.ARM.Collect$$libinit$$00000021)
    __rt_lib_init_cpp_1                      0x0800022b   Thumb Code     0  libinit2.o(.ARM.Collect$$libinit$$00000032)
    __rt_lib_init_exceptions_1               0x0800022b   Thumb Code     0  libinit2.o(.ARM.Collect$$libinit$$00000030)
    __rt_lib_init_fp_trap_1                  0x0800022b   Thumb Code     0  libinit2.o(.ARM.Collect$$libinit$$0000001F)
    __rt_lib_init_getenv_1                   0x0800022b   Thumb Code     0  libinit2.o(.ARM.Collect$$libinit$$00000023)
    __rt_lib_init_lc_numeric_1               0x0800022b   Thumb Code     0  libinit2.o(.ARM.Collect$$libinit$$00000017)
    __rt_lib_init_lc_time_1                  0x0800022b   Thumb Code     0  libinit2.o(.ARM.Collect$$libinit$$00000019)
    __rt_lib_init_return                     0x0800022b   Thumb Code     0  libinit2.o(.ARM.Collect$$libinit$$00000033)
    __rt_lib_init_signal_1                   0x0800022b   Thumb Code     0  libinit2.o(.ARM.Collect$$libinit$$0000001D)
    __rt_lib_init_stdio_1                    0x0800022b   Thumb Code     0  libinit2.o(.ARM.Collect$$libinit$$00000025)
    __rt_lib_shutdown                        0x0800022d   Thumb Code     0  libshutdown.o(.ARM.Collect$$libshutdown$$00000000)
    __rt_lib_shutdown_cpp_1                  0x0800022f   Thumb Code     0  libshutdown2.o(.ARM.Collect$$libshutdown$$00000002)
    __rt_lib_shutdown_fp_trap_1              0x0800022f   Thumb Code     0  libshutdown2.o(.ARM.Collect$$libshutdown$$00000007)
    __rt_lib_shutdown_heap_1                 0x0800022f   Thumb Code     0  libshutdown2.o(.ARM.Collect$$libshutdown$$0000000F)
    __rt_lib_shutdown_return                 0x0800022f   Thumb Code     0  libshutdown2.o(.ARM.Collect$$libshutdown$$00000010)
    __rt_lib_shutdown_signal_1               0x0800022f   Thumb Code     0  libshutdown2.o(.ARM.Collect$$libshutdown$$0000000A)
    __rt_lib_shutdown_stdio_1                0x0800022f   Thumb Code     0  libshutdown2.o(.ARM.Collect$$libshutdown$$00000004)
    __rt_lib_shutdown_user_alloc_1           0x0800022f   Thumb Code     0  libshutdown2.o(.ARM.Collect$$libshutdown$$0000000C)
    __rt_entry                               0x08000231   Thumb Code     0  __rtentry.o(.ARM.Collect$$rtentry$$00000000)
    __rt_entry_presh_1                       0x08000231   Thumb Code     0  __rtentry2.o(.ARM.Collect$$rtentry$$00000002)
    __rt_entry_sh                            0x08000231   Thumb Code     0  __rtentry4.o(.ARM.Collect$$rtentry$$00000004)
    __rt_entry_li                            0x08000237   Thumb Code     0  __rtentry2.o(.ARM.Collect$$rtentry$$0000000A)
    __rt_entry_postsh_1                      0x08000237   Thumb Code     0  __rtentry2.o(.ARM.Collect$$rtentry$$00000009)
    __rt_entry_main                          0x0800023b   Thumb Code     0  __rtentry2.o(.ARM.Collect$$rtentry$$0000000D)
    __rt_entry_postli_1                      0x0800023b   Thumb Code     0  __rtentry2.o(.ARM.Collect$$rtentry$$0000000C)
    __rt_exit                                0x08000243   Thumb Code     0  rtexit.o(.ARM.Collect$$rtexit$$00000000)
    __rt_exit_ls                             0x08000245   Thumb Code     0  rtexit2.o(.ARM.Collect$$rtexit$$00000003)
    __rt_exit_prels_1                        0x08000245   Thumb Code     0  rtexit2.o(.ARM.Collect$$rtexit$$00000002)
    __rt_exit_exit                           0x08000249   Thumb Code     0  rtexit2.o(.ARM.Collect$$rtexit$$00000004)
    _maybe_terminate_alloc                   0x08000251   Thumb Code     0  maybetermalloc1.o(.emb_text)
    main                                     0x08000251   Thumb Code   894  main.o(.text)
    NMI_Handler                              0x08000619   Thumb Code     2  stm32f4xx_it.o(.text)
    HardFault_Handler                        0x0800061b   Thumb Code     4  stm32f4xx_it.o(.text)
    MemManage_Handler                        0x0800061f   Thumb Code     4  stm32f4xx_it.o(.text)
    BusFault_Handler                         0x08000623   Thumb Code     4  stm32f4xx_it.o(.text)
    UsageFault_Handler                       0x08000627   Thumb Code     4  stm32f4xx_it.o(.text)
    SVC_Handler                              0x0800062b   Thumb Code     2  stm32f4xx_it.o(.text)
    DebugMon_Handler                         0x0800062d   Thumb Code     2  stm32f4xx_it.o(.text)
    PendSV_Handler                           0x0800062f   Thumb Code     2  stm32f4xx_it.o(.text)
    SysTick_Handler                          0x08000631   Thumb Code     2  stm32f4xx_it.o(.text)
    SystemInit                               0x08000711   Thumb Code    88  system_stm32f4xx.o(.text)
    SystemCoreClockUpdate                    0x08000769   Thumb Code   174  system_stm32f4xx.o(.text)
    LED_Init                                 0x08000845   Thumb Code    60  led.o(.text)
    writeRaw                                 0x08000885   Thumb Code    48  dynamixel.o(.text)
    sendDxlCommand                           0x080008b5   Thumb Code    88  dynamixel.o(.text)
    ping                                     0x0800090d   Thumb Code    14  dynamixel.o(.text)
    action                                   0x0800091b   Thumb Code    14  dynamixel.o(.text)
    reset                                    0x08000929   Thumb Code    14  dynamixel.o(.text)
    rebootMotor                              0x08000937   Thumb Code    14  dynamixel.o(.text)
    sendDxlWrite                             0x08000945   Thumb Code   182  dynamixel.o(.text)
    setCWComplianceMargin                    0x080009fb   Thumb Code    18  dynamixel.o(.text)
    sendDxlRead                              0x08000a0d   Thumb Code    92  dynamixel.o(.text)
    readCWComplianceMargin                   0x08000a69   Thumb Code    16  dynamixel.o(.text)
    setCCWComplianceMargin                   0x08000a79   Thumb Code    18  dynamixel.o(.text)
    readCCWComplianceMargin                  0x08000a8b   Thumb Code    16  dynamixel.o(.text)
    setCWComplianceSlope                     0x08000a9b   Thumb Code    18  dynamixel.o(.text)
    readCWComplianceSlope                    0x08000aad   Thumb Code    16  dynamixel.o(.text)
    setCCWComplianceSlope                    0x08000abd   Thumb Code    18  dynamixel.o(.text)
    readCCWComplianceSlope                   0x08000acf   Thumb Code    16  dynamixel.o(.text)
    readModelNumber                          0x08000adf   Thumb Code    16  dynamixel.o(.text)
    readFirmware                             0x08000aef   Thumb Code    16  dynamixel.o(.text)
    setId                                    0x08000aff   Thumb Code    18  dynamixel.o(.text)
    readId                                   0x08000b11   Thumb Code    16  dynamixel.o(.text)
    setBaudRate                              0x08000b21   Thumb Code    18  dynamixel.o(.text)
    readBaudRate                             0x08000b33   Thumb Code    16  dynamixel.o(.text)
    setReturnDelayTime                       0x08000b43   Thumb Code    18  dynamixel.o(.text)
    readReturnDelayTime                      0x08000b55   Thumb Code    16  dynamixel.o(.text)
    setCWAngleLimit                          0x08000b65   Thumb Code    18  dynamixel.o(.text)
    setCCWAngleLimit                         0x08000b77   Thumb Code    18  dynamixel.o(.text)
    readCWAngleLimit                         0x08000b89   Thumb Code    16  dynamixel.o(.text)
    readCCWAngleLimit                        0x08000b99   Thumb Code    16  dynamixel.o(.text)
    setMaxTemperature                        0x08000ba9   Thumb Code    18  dynamixel.o(.text)
    readMaxTemperature                       0x08000bbb   Thumb Code    16  dynamixel.o(.text)
    setMinVoltage                            0x08000bcb   Thumb Code    18  dynamixel.o(.text)
    readMinVoltage                           0x08000bdd   Thumb Code    16  dynamixel.o(.text)
    setMaxVoltage                            0x08000bed   Thumb Code    18  dynamixel.o(.text)
    readMaxVoltage                           0x08000bff   Thumb Code    16  dynamixel.o(.text)
    setMaxTorque                             0x08000c0f   Thumb Code    18  dynamixel.o(.text)
    readMaxTorque                            0x08000c21   Thumb Code    16  dynamixel.o(.text)
    setStatusReturnLevel                     0x08000c31   Thumb Code    18  dynamixel.o(.text)
    readStatusReturnLevel                    0x08000c43   Thumb Code    16  dynamixel.o(.text)
    setAlarmLed                              0x08000c53   Thumb Code    18  dynamixel.o(.text)
    readAlarmLed                             0x08000c65   Thumb Code    48  dynamixel.o(.text)
    setAlarmShutdown                         0x08000c95   Thumb Code    18  dynamixel.o(.text)
    readAlarmShutdown                        0x08000ca7   Thumb Code    16  dynamixel.o(.text)
    setTorqueEnable                          0x08000cb7   Thumb Code    18  dynamixel.o(.text)
    readTorqueEnable                         0x08000cc9   Thumb Code    16  dynamixel.o(.text)
    setLedEnable                             0x08000cd9   Thumb Code    18  dynamixel.o(.text)
    readLedEnable                            0x08000ceb   Thumb Code    16  dynamixel.o(.text)
    setGoalPosition                          0x08000cfb   Thumb Code    18  dynamixel.o(.text)
    setGoalPositionAtSpeed                   0x08000d0d   Thumb Code    30  dynamixel.o(.text)
    setMovingSpeed                           0x08000d2b   Thumb Code    18  dynamixel.o(.text)
    setTorqueLimit                           0x08000d3d   Thumb Code    18  dynamixel.o(.text)
    readPresentPosition                      0x08000d4f   Thumb Code    16  dynamixel.o(.text)
    readPresentSpeed                         0x08000d5f   Thumb Code    16  dynamixel.o(.text)
    readPresentLoad                          0x08000d6f   Thumb Code    16  dynamixel.o(.text)
    readVoltage                              0x08000d7f   Thumb Code    16  dynamixel.o(.text)
    readTemperature                          0x08000d8f   Thumb Code    16  dynamixel.o(.text)
    isRegistered                             0x08000d9f   Thumb Code    16  dynamixel.o(.text)
    isMoving                                 0x08000daf   Thumb Code    16  dynamixel.o(.text)
    setEEPROMLock                            0x08000dbf   Thumb Code    18  dynamixel.o(.text)
    isEEPROMLock                             0x08000dd1   Thumb Code    16  dynamixel.o(.text)
    setPunch                                 0x08000de1   Thumb Code    18  dynamixel.o(.text)
    readPunch                                0x08000df3   Thumb Code    16  dynamixel.o(.text)
    setDxlReturnDelayTime                    0x08000e03   Thumb Code     6  dynamixel.o(.text)
    readDxlReturnDelayTime                   0x08000e09   Thumb Code     6  dynamixel.o(.text)
    sendDxlRegData                           0x08000e0f   Thumb Code   182  dynamixel.o(.text)
    dxlDataReady                             0x08000ec5   Thumb Code    38  dynamixel.o(.text)
    readDxlData                              0x08000eeb   Thumb Code   322  dynamixel.o(.text)
    readDxlResult                            0x0800102d   Thumb Code    20  dynamixel.o(.text)
    readDxlError                             0x08001041   Thumb Code    20  dynamixel.o(.text)
    AngletoPostion                           0x08001071   Thumb Code    50  motor.o(.text)
    MotorMove                                0x080010a3   Thumb Code    20  motor.o(.text)
    MotorMoveBySpeed                         0x080010b7   Thumb Code    20  motor.o(.text)
    delay_init                               0x080010d5   Thumb Code    52  delay.o(.text)
    delay_us                                 0x08001109   Thumb Code    72  delay.o(.text)
    delay_xms                                0x08001151   Thumb Code    72  delay.o(.text)
    delay_ms                                 0x08001199   Thumb Code    56  delay.o(.text)
    _sys_exit                                0x080011d9   Thumb Code     4  usart.o(.text)
    _ttywrch                                 0x080011dd   Thumb Code     4  usart.o(.text)
    fputc                                    0x080011e1   Thumb Code    24  usart.o(.text)
    uart_init                                0x080011f9   Thumb Code   202  usart.o(.text)
    USART1_IRQHandler                        0x080012c3   Thumb Code    42  usart.o(.text)
    USART1_Send_Data                         0x080012ed   Thumb Code    86  usart.o(.text)
    setnByteToBeRead                         0x08001343   Thumb Code     6  usart.o(.text)
    USART1_read_Data                         0x08001349   Thumb Code     4  usart.o(.text)
    available                                0x0800134d   Thumb Code    26  usart.o(.text)
    uart2_init                               0x08001367   Thumb Code   164  usart.o(.text)
    USART2_IRQHandler                        0x0800140b   Thumb Code   122  usart.o(.text)
    USART2_Send_Data                         0x08001485   Thumb Code    42  usart.o(.text)
    mymemcpy                                 0x080014d1   Thumb Code    26  memory_manage.o(.text)
    mymemset                                 0x080014eb   Thumb Code    20  memory_manage.o(.text)
    my_mem_init                              0x080014ff   Thumb Code    54  memory_manage.o(.text)
    my_mem_perused                           0x08001535   Thumb Code    54  memory_manage.o(.text)
    my_mem_malloc                            0x0800156b   Thumb Code   154  memory_manage.o(.text)
    my_mem_free                              0x08001605   Thumb Code    94  memory_manage.o(.text)
    myfree                                   0x08001663   Thumb Code    32  memory_manage.o(.text)
    mymalloc                                 0x08001683   Thumb Code    36  memory_manage.o(.text)
    myrealloc                                0x080016a7   Thumb Code    68  memory_manage.o(.text)
    Reset_Handler                            0x080016fd   Thumb Code     8  startup_stm32f40_41xxx.o(.text)
    ADC_IRQHandler                           0x08001717   Thumb Code     0  startup_stm32f40_41xxx.o(.text)
    CAN1_RX0_IRQHandler                      0x08001717   Thumb Code     0  startup_stm32f40_41xxx.o(.text)
    CAN1_RX1_IRQHandler                      0x08001717   Thumb Code     0  startup_stm32f40_41xxx.o(.text)
    CAN1_SCE_IRQHandler                      0x08001717   Thumb Code     0  startup_stm32f40_41xxx.o(.text)
    CAN1_TX_IRQHandler                       0x08001717   Thumb Code     0  startup_stm32f40_41xxx.o(.text)
    CAN2_RX0_IRQHandler                      0x08001717   Thumb Code     0  startup_stm32f40_41xxx.o(.text)
    CAN2_RX1_IRQHandler                      0x08001717   Thumb Code     0  startup_stm32f40_41xxx.o(.text)
    CAN2_SCE_IRQHandler                      0x08001717   Thumb Code     0  startup_stm32f40_41xxx.o(.text)
    CAN2_TX_IRQHandler                       0x08001717   Thumb Code     0  startup_stm32f40_41xxx.o(.text)
    CRYP_IRQHandler                          0x08001717   Thumb Code     0  startup_stm32f40_41xxx.o(.text)
    DCMI_IRQHandler                          0x08001717   Thumb Code     0  startup_stm32f40_41xxx.o(.text)
    DMA1_Stream0_IRQHandler                  0x08001717   Thumb Code     0  startup_stm32f40_41xxx.o(.text)
    DMA1_Stream1_IRQHandler                  0x08001717   Thumb Code     0  startup_stm32f40_41xxx.o(.text)
    DMA1_Stream2_IRQHandler                  0x08001717   Thumb Code     0  startup_stm32f40_41xxx.o(.text)
    DMA1_Stream3_IRQHandler                  0x08001717   Thumb Code     0  startup_stm32f40_41xxx.o(.text)
    DMA1_Stream4_IRQHandler                  0x08001717   Thumb Code     0  startup_stm32f40_41xxx.o(.text)
    DMA1_Stream5_IRQHandler                  0x08001717   Thumb Code     0  startup_stm32f40_41xxx.o(.text)
    DMA1_Stream6_IRQHandler                  0x08001717   Thumb Code     0  startup_stm32f40_41xxx.o(.text)
    DMA1_Stream7_IRQHandler                  0x08001717   Thumb Code     0  startup_stm32f40_41xxx.o(.text)
    DMA2_Stream0_IRQHandler                  0x08001717   Thumb Code     0  startup_stm32f40_41xxx.o(.text)
    DMA2_Stream1_IRQHandler                  0x08001717   Thumb Code     0  startup_stm32f40_41xxx.o(.text)
    DMA2_Stream2_IRQHandler                  0x08001717   Thumb Code     0  startup_stm32f40_41xxx.o(.text)
    DMA2_Stream3_IRQHandler                  0x08001717   Thumb Code     0  startup_stm32f40_41xxx.o(.text)
    DMA2_Stream4_IRQHandler                  0x08001717   Thumb Code     0  startup_stm32f40_41xxx.o(.text)
    DMA2_Stream5_IRQHandler                  0x08001717   Thumb Code     0  startup_stm32f40_41xxx.o(.text)
    DMA2_Stream6_IRQHandler                  0x08001717   Thumb Code     0  startup_stm32f40_41xxx.o(.text)
    DMA2_Stream7_IRQHandler                  0x08001717   Thumb Code     0  startup_stm32f40_41xxx.o(.text)
    ETH_IRQHandler                           0x08001717   Thumb Code     0  startup_stm32f40_41xxx.o(.text)
    ETH_WKUP_IRQHandler                      0x08001717   Thumb Code     0  startup_stm32f40_41xxx.o(.text)
    EXTI0_IRQHandler                         0x08001717   Thumb Code     0  startup_stm32f40_41xxx.o(.text)
    EXTI15_10_IRQHandler                     0x08001717   Thumb Code     0  startup_stm32f40_41xxx.o(.text)
    EXTI1_IRQHandler                         0x08001717   Thumb Code     0  startup_stm32f40_41xxx.o(.text)
    EXTI2_IRQHandler                         0x08001717   Thumb Code     0  startup_stm32f40_41xxx.o(.text)
    EXTI3_IRQHandler                         0x08001717   Thumb Code     0  startup_stm32f40_41xxx.o(.text)
    EXTI4_IRQHandler                         0x08001717   Thumb Code     0  startup_stm32f40_41xxx.o(.text)
    EXTI9_5_IRQHandler                       0x08001717   Thumb Code     0  startup_stm32f40_41xxx.o(.text)
    FLASH_IRQHandler                         0x08001717   Thumb Code     0  startup_stm32f40_41xxx.o(.text)
    FPU_IRQHandler                           0x08001717   Thumb Code     0  startup_stm32f40_41xxx.o(.text)
    FSMC_IRQHandler                          0x08001717   Thumb Code     0  startup_stm32f40_41xxx.o(.text)
    HASH_RNG_IRQHandler                      0x08001717   Thumb Code     0  startup_stm32f40_41xxx.o(.text)
    I2C1_ER_IRQHandler                       0x08001717   Thumb Code     0  startup_stm32f40_41xxx.o(.text)
    I2C1_EV_IRQHandler                       0x08001717   Thumb Code     0  startup_stm32f40_41xxx.o(.text)
    I2C2_ER_IRQHandler                       0x08001717   Thumb Code     0  startup_stm32f40_41xxx.o(.text)
    I2C2_EV_IRQHandler                       0x08001717   Thumb Code     0  startup_stm32f40_41xxx.o(.text)
    I2C3_ER_IRQHandler                       0x08001717   Thumb Code     0  startup_stm32f40_41xxx.o(.text)
    I2C3_EV_IRQHandler                       0x08001717   Thumb Code     0  startup_stm32f40_41xxx.o(.text)
    OTG_FS_IRQHandler                        0x08001717   Thumb Code     0  startup_stm32f40_41xxx.o(.text)
    OTG_FS_WKUP_IRQHandler                   0x08001717   Thumb Code     0  startup_stm32f40_41xxx.o(.text)
    OTG_HS_EP1_IN_IRQHandler                 0x08001717   Thumb Code     0  startup_stm32f40_41xxx.o(.text)
    OTG_HS_EP1_OUT_IRQHandler                0x08001717   Thumb Code     0  startup_stm32f40_41xxx.o(.text)
    OTG_HS_IRQHandler                        0x08001717   Thumb Code     0  startup_stm32f40_41xxx.o(.text)
    OTG_HS_WKUP_IRQHandler                   0x08001717   Thumb Code     0  startup_stm32f40_41xxx.o(.text)
    PVD_IRQHandler                           0x08001717   Thumb Code     0  startup_stm32f40_41xxx.o(.text)
    RCC_IRQHandler                           0x08001717   Thumb Code     0  startup_stm32f40_41xxx.o(.text)
    RTC_Alarm_IRQHandler                     0x08001717   Thumb Code     0  startup_stm32f40_41xxx.o(.text)
    RTC_WKUP_IRQHandler                      0x08001717   Thumb Code     0  startup_stm32f40_41xxx.o(.text)
    SDIO_IRQHandler                          0x08001717   Thumb Code     0  startup_stm32f40_41xxx.o(.text)
    SPI1_IRQHandler                          0x08001717   Thumb Code     0  startup_stm32f40_41xxx.o(.text)
    SPI2_IRQHandler                          0x08001717   Thumb Code     0  startup_stm32f40_41xxx.o(.text)
    SPI3_IRQHandler                          0x08001717   Thumb Code     0  startup_stm32f40_41xxx.o(.text)
    TAMP_STAMP_IRQHandler                    0x08001717   Thumb Code     0  startup_stm32f40_41xxx.o(.text)
    TIM1_BRK_TIM9_IRQHandler                 0x08001717   Thumb Code     0  startup_stm32f40_41xxx.o(.text)
    TIM1_CC_IRQHandler                       0x08001717   Thumb Code     0  startup_stm32f40_41xxx.o(.text)
    TIM1_TRG_COM_TIM11_IRQHandler            0x08001717   Thumb Code     0  startup_stm32f40_41xxx.o(.text)
    TIM1_UP_TIM10_IRQHandler                 0x08001717   Thumb Code     0  startup_stm32f40_41xxx.o(.text)
    TIM2_IRQHandler                          0x08001717   Thumb Code     0  startup_stm32f40_41xxx.o(.text)
    TIM3_IRQHandler                          0x08001717   Thumb Code     0  startup_stm32f40_41xxx.o(.text)
    TIM4_IRQHandler                          0x08001717   Thumb Code     0  startup_stm32f40_41xxx.o(.text)
    TIM5_IRQHandler                          0x08001717   Thumb Code     0  startup_stm32f40_41xxx.o(.text)
    TIM6_DAC_IRQHandler                      0x08001717   Thumb Code     0  startup_stm32f40_41xxx.o(.text)
    TIM7_IRQHandler                          0x08001717   Thumb Code     0  startup_stm32f40_41xxx.o(.text)
    TIM8_BRK_TIM12_IRQHandler                0x08001717   Thumb Code     0  startup_stm32f40_41xxx.o(.text)
    TIM8_CC_IRQHandler                       0x08001717   Thumb Code     0  startup_stm32f40_41xxx.o(.text)
    TIM8_TRG_COM_TIM14_IRQHandler            0x08001717   Thumb Code     0  startup_stm32f40_41xxx.o(.text)
    TIM8_UP_TIM13_IRQHandler                 0x08001717   Thumb Code     0  startup_stm32f40_41xxx.o(.text)
    UART4_IRQHandler                         0x08001717   Thumb Code     0  startup_stm32f40_41xxx.o(.text)
    UART5_IRQHandler                         0x08001717   Thumb Code     0  startup_stm32f40_41xxx.o(.text)
    USART3_IRQHandler                        0x08001717   Thumb Code     0  startup_stm32f40_41xxx.o(.text)
    USART6_IRQHandler                        0x08001717   Thumb Code     0  startup_stm32f40_41xxx.o(.text)
    WWDG_IRQHandler                          0x08001717   Thumb Code     0  startup_stm32f40_41xxx.o(.text)
    __user_initial_stackheap                 0x08001719   Thumb Code     0  startup_stm32f40_41xxx.o(.text)
    NVIC_PriorityGroupConfig                 0x0800173d   Thumb Code    10  misc.o(.text)
    NVIC_Init                                0x08001747   Thumb Code   106  misc.o(.text)
    NVIC_SetVectorTable                      0x080017b1   Thumb Code    14  misc.o(.text)
    NVIC_SystemLPConfig                      0x080017bf   Thumb Code    34  misc.o(.text)
    SysTick_CLKSourceConfig                  0x080017e1   Thumb Code    40  misc.o(.text)
    GPIO_DeInit                              0x0800181d   Thumb Code   268  stm32f4xx_gpio.o(.text)
    GPIO_Init                                0x08001929   Thumb Code   144  stm32f4xx_gpio.o(.text)
    GPIO_StructInit                          0x080019b9   Thumb Code    18  stm32f4xx_gpio.o(.text)
    GPIO_PinLockConfig                       0x080019cb   Thumb Code    34  stm32f4xx_gpio.o(.text)
    GPIO_ReadInputDataBit                    0x080019ed   Thumb Code    18  stm32f4xx_gpio.o(.text)
    GPIO_ReadInputData                       0x080019ff   Thumb Code     8  stm32f4xx_gpio.o(.text)
    GPIO_ReadOutputDataBit                   0x08001a07   Thumb Code    18  stm32f4xx_gpio.o(.text)
    GPIO_ReadOutputData                      0x08001a19   Thumb Code     8  stm32f4xx_gpio.o(.text)
    GPIO_SetBits                             0x08001a21   Thumb Code     4  stm32f4xx_gpio.o(.text)
    GPIO_ResetBits                           0x08001a25   Thumb Code     4  stm32f4xx_gpio.o(.text)
    GPIO_WriteBit                            0x08001a29   Thumb Code    10  stm32f4xx_gpio.o(.text)
    GPIO_Write                               0x08001a33   Thumb Code     4  stm32f4xx_gpio.o(.text)
    GPIO_ToggleBits                          0x08001a37   Thumb Code     8  stm32f4xx_gpio.o(.text)
    GPIO_PinAFConfig                         0x08001a3f   Thumb Code    70  stm32f4xx_gpio.o(.text)
    RCC_DeInit                               0x08001ab1   Thumb Code    82  stm32f4xx_rcc.o(.text)
    RCC_HSEConfig                            0x08001b03   Thumb Code    14  stm32f4xx_rcc.o(.text)
    RCC_GetFlagStatus                        0x08001b11   Thumb Code    60  stm32f4xx_rcc.o(.text)
    RCC_WaitForHSEStartUp                    0x08001b4d   Thumb Code    56  stm32f4xx_rcc.o(.text)
    RCC_AdjustHSICalibrationValue            0x08001b85   Thumb Code    20  stm32f4xx_rcc.o(.text)
    RCC_HSICmd                               0x08001b99   Thumb Code     6  stm32f4xx_rcc.o(.text)
    RCC_LSEConfig                            0x08001b9f   Thumb Code    46  stm32f4xx_rcc.o(.text)
    RCC_LSICmd                               0x08001bcd   Thumb Code     6  stm32f4xx_rcc.o(.text)
    RCC_PLLConfig                            0x08001bd3   Thumb Code    32  stm32f4xx_rcc.o(.text)
    RCC_PLLCmd                               0x08001bf3   Thumb Code     6  stm32f4xx_rcc.o(.text)
    RCC_PLLI2SConfig                         0x08001bf9   Thumb Code    14  stm32f4xx_rcc.o(.text)
    RCC_PLLI2SCmd                            0x08001c07   Thumb Code     6  stm32f4xx_rcc.o(.text)
    RCC_PLLSAIConfig                         0x08001c0d   Thumb Code    20  stm32f4xx_rcc.o(.text)
    RCC_PLLSAICmd                            0x08001c21   Thumb Code     6  stm32f4xx_rcc.o(.text)
    RCC_ClockSecuritySystemCmd               0x08001c27   Thumb Code     6  stm32f4xx_rcc.o(.text)
    RCC_MCO1Config                           0x08001c2d   Thumb Code    28  stm32f4xx_rcc.o(.text)
    RCC_MCO2Config                           0x08001c49   Thumb Code    28  stm32f4xx_rcc.o(.text)
    RCC_SYSCLKConfig                         0x08001c65   Thumb Code    20  stm32f4xx_rcc.o(.text)
    RCC_GetSYSCLKSource                      0x08001c79   Thumb Code    12  stm32f4xx_rcc.o(.text)
    RCC_HCLKConfig                           0x08001c85   Thumb Code    20  stm32f4xx_rcc.o(.text)
    RCC_PCLK1Config                          0x08001c99   Thumb Code    20  stm32f4xx_rcc.o(.text)
    RCC_PCLK2Config                          0x08001cad   Thumb Code    22  stm32f4xx_rcc.o(.text)
    RCC_GetClocksFreq                        0x08001cc3   Thumb Code   222  stm32f4xx_rcc.o(.text)
    RCC_RTCCLKConfig                         0x08001da1   Thumb Code    54  stm32f4xx_rcc.o(.text)
    RCC_RTCCLKCmd                            0x08001dd7   Thumb Code     8  stm32f4xx_rcc.o(.text)
    RCC_BackupResetCmd                       0x08001ddf   Thumb Code     8  stm32f4xx_rcc.o(.text)
    RCC_I2SCLKConfig                         0x08001de7   Thumb Code     6  stm32f4xx_rcc.o(.text)
    RCC_SAIPLLI2SClkDivConfig                0x08001ded   Thumb Code    26  stm32f4xx_rcc.o(.text)
    RCC_SAIPLLSAIClkDivConfig                0x08001e07   Thumb Code    28  stm32f4xx_rcc.o(.text)
    RCC_SAIBlockACLKConfig                   0x08001e23   Thumb Code    20  stm32f4xx_rcc.o(.text)
    RCC_SAIBlockBCLKConfig                   0x08001e37   Thumb Code    20  stm32f4xx_rcc.o(.text)
    RCC_LTDCCLKDivConfig                     0x08001e4b   Thumb Code    20  stm32f4xx_rcc.o(.text)
    RCC_TIMCLKPresConfig                     0x08001e5f   Thumb Code     6  stm32f4xx_rcc.o(.text)
    RCC_AHB1PeriphClockCmd                   0x08001e65   Thumb Code    34  stm32f4xx_rcc.o(.text)
    RCC_AHB2PeriphClockCmd                   0x08001e87   Thumb Code    78  stm32f4xx_rcc.o(.text)
    RCC_AHB3PeriphClockCmd                   0x08001ed5   Thumb Code    34  stm32f4xx_rcc.o(.text)
    RCC_APB1PeriphClockCmd                   0x08001ef7   Thumb Code    34  stm32f4xx_rcc.o(.text)
    RCC_APB2PeriphClockCmd                   0x08001f19   Thumb Code    34  stm32f4xx_rcc.o(.text)
    RCC_AHB1PeriphResetCmd                   0x08001f3b   Thumb Code    34  stm32f4xx_rcc.o(.text)
    RCC_AHB2PeriphResetCmd                   0x08001f5d   Thumb Code    34  stm32f4xx_rcc.o(.text)
    RCC_AHB3PeriphResetCmd                   0x08001f7f   Thumb Code    34  stm32f4xx_rcc.o(.text)
    RCC_APB1PeriphResetCmd                   0x08001fa1   Thumb Code    34  stm32f4xx_rcc.o(.text)
    RCC_APB2PeriphResetCmd                   0x08001fc3   Thumb Code    34  stm32f4xx_rcc.o(.text)
    RCC_AHB1PeriphClockLPModeCmd             0x08001fe5   Thumb Code    34  stm32f4xx_rcc.o(.text)
    RCC_AHB2PeriphClockLPModeCmd             0x08002007   Thumb Code    34  stm32f4xx_rcc.o(.text)
    RCC_AHB3PeriphClockLPModeCmd             0x08002029   Thumb Code    34  stm32f4xx_rcc.o(.text)
    RCC_APB1PeriphClockLPModeCmd             0x0800204b   Thumb Code    34  stm32f4xx_rcc.o(.text)
    RCC_APB2PeriphClockLPModeCmd             0x0800206d   Thumb Code    34  stm32f4xx_rcc.o(.text)
    RCC_LSEModeConfig                        0x0800208f   Thumb Code    40  stm32f4xx_rcc.o(.text)
    RCC_ITConfig                             0x080020b7   Thumb Code    34  stm32f4xx_rcc.o(.text)
    RCC_ClearFlag                            0x080020d9   Thumb Code    18  stm32f4xx_rcc.o(.text)
    RCC_GetITStatus                          0x080020eb   Thumb Code    22  stm32f4xx_rcc.o(.text)
    RCC_ClearITPendingBit                    0x08002101   Thumb Code     8  stm32f4xx_rcc.o(.text)
    USART_DeInit                             0x0800210d   Thumb Code   206  stm32f4xx_usart.o(.text)
    USART_Init                               0x080021db   Thumb Code   204  stm32f4xx_usart.o(.text)
    USART_StructInit                         0x080022a7   Thumb Code    24  stm32f4xx_usart.o(.text)
    USART_ClockInit                          0x080022bf   Thumb Code    32  stm32f4xx_usart.o(.text)
    USART_ClockStructInit                    0x080022df   Thumb Code    12  stm32f4xx_usart.o(.text)
    USART_Cmd                                0x080022eb   Thumb Code    24  stm32f4xx_usart.o(.text)
    USART_SetPrescaler                       0x08002303   Thumb Code    16  stm32f4xx_usart.o(.text)
    USART_OverSampling8Cmd                   0x08002313   Thumb Code    22  stm32f4xx_usart.o(.text)
    USART_OneBitMethodCmd                    0x08002329   Thumb Code    24  stm32f4xx_usart.o(.text)
    USART_SendData                           0x08002341   Thumb Code     8  stm32f4xx_usart.o(.text)
    USART_ReceiveData                        0x08002349   Thumb Code    10  stm32f4xx_usart.o(.text)
    USART_SetAddress                         0x08002353   Thumb Code    18  stm32f4xx_usart.o(.text)
    USART_ReceiverWakeUpCmd                  0x08002365   Thumb Code    24  stm32f4xx_usart.o(.text)
    USART_WakeUpConfig                       0x0800237d   Thumb Code    18  stm32f4xx_usart.o(.text)
    USART_LINBreakDetectLengthConfig         0x0800238f   Thumb Code    18  stm32f4xx_usart.o(.text)
    USART_LINCmd                             0x080023a1   Thumb Code    24  stm32f4xx_usart.o(.text)
    USART_SendBreak                          0x080023b9   Thumb Code    10  stm32f4xx_usart.o(.text)
    USART_HalfDuplexCmd                      0x080023c3   Thumb Code    24  stm32f4xx_usart.o(.text)
    USART_SetGuardTime                       0x080023db   Thumb Code    16  stm32f4xx_usart.o(.text)
    USART_SmartCardCmd                       0x080023eb   Thumb Code    24  stm32f4xx_usart.o(.text)
    USART_SmartCardNACKCmd                   0x08002403   Thumb Code    24  stm32f4xx_usart.o(.text)
    USART_IrDAConfig                         0x0800241b   Thumb Code    18  stm32f4xx_usart.o(.text)
    USART_IrDACmd                            0x0800242d   Thumb Code    24  stm32f4xx_usart.o(.text)
    USART_DMACmd                             0x08002445   Thumb Code    18  stm32f4xx_usart.o(.text)
    USART_ITConfig                           0x08002457   Thumb Code    74  stm32f4xx_usart.o(.text)
    USART_GetFlagStatus                      0x080024a1   Thumb Code    26  stm32f4xx_usart.o(.text)
    USART_ClearFlag                          0x080024bb   Thumb Code    18  stm32f4xx_usart.o(.text)
    USART_GetITStatus                        0x080024cd   Thumb Code   118  stm32f4xx_usart.o(.text)
    USART_ClearITPendingBit                  0x08002543   Thumb Code    30  stm32f4xx_usart.o(.text)
    Hopf                                     0x08002561   Thumb Code   536  hopf_cpg.o(.text)
    Coupling                                 0x08002779   Thumb Code   626  hopf_cpg.o(.text)
    ZerosMatrix                              0x080029f5   Thumb Code    32  matrix.o(.text)
    InitMatrix                               0x08002a15   Thumb Code    58  matrix.o(.text)
    ValueMatrix                              0x08002a4f   Thumb Code    28  matrix.o(.text)
    SizeMatrix                               0x08002a6b   Thumb Code    10  matrix.o(.text)
    FreeMatrix                               0x08002a75   Thumb Code    22  matrix.o(.text)
    CopyMatrix                               0x08002a8b   Thumb Code    34  matrix.o(.text)
    PrintMatrix                              0x08002aad   Thumb Code    86  matrix.o(.text)
    GetValue                                 0x08002b03   Thumb Code    38  matrix.o(.text)
    ValueOneMatrix                           0x08002b29   Thumb Code    32  matrix.o(.text)
    AddMatrix                                0x08002b49   Thumb Code   148  matrix.o(.text)
    CutMatrix                                0x08002bdd   Thumb Code   148  matrix.o(.text)
    NumMulMatrix                             0x08002c71   Thumb Code    76  matrix.o(.text)
    NumAddMatrix                             0x08002cbd   Thumb Code    76  matrix.o(.text)
    NumCutMatrix                             0x08002d09   Thumb Code    76  matrix.o(.text)
    MulMatrix                                0x08002d55   Thumb Code   230  matrix.o(.text)
    TransMatrix                              0x08002e3b   Thumb Code   194  matrix.o(.text)
    OnesMatrix                               0x08002efd   Thumb Code    32  matrix.o(.text)
    XMatrix                                  0x08002f1d   Thumb Code    28  matrix.o(.text)
    IdentityMatrix                           0x08002f39   Thumb Code    62  matrix.o(.text)
    Inv                                      0x08002f77   Thumb Code   822  matrix.o(.text)
    cross                                    0x080032ad   Thumb Code   874  matrix.o(.text)
    __use_no_semihosting                     0x08003617   Thumb Code     2  use_no_semi_2.o(.text)
    malloc                                   0x08003619   Thumb Code    94  h1_alloc.o(.text)
    free                                     0x08003677   Thumb Code    78  h1_free.o(.text)
    __2printf                                0x080036c5   Thumb Code    20  noretval__2printf.o(.text)
    _printf_int_dec                          0x080036dd   Thumb Code   104  _printf_dec.o(.text)
    __printf                                 0x08003755   Thumb Code   184  __printf_ss.o(.text)
    __aeabi_memclr4                          0x0800380d   Thumb Code     0  rt_memclr_w.o(.text)
    __aeabi_memclr8                          0x0800380d   Thumb Code     0  rt_memclr_w.o(.text)
    __rt_memclr_w                            0x0800380d   Thumb Code    78  rt_memclr_w.o(.text)
    _memset_w                                0x08003811   Thumb Code     0  rt_memclr_w.o(.text)
    __use_two_region_memory                  0x0800385b   Thumb Code     2  heapauxi.o(.text)
    __rt_heap_escrow                         0x0800385d   Thumb Code     2  heapauxi.o(.text)
    __rt_heap_expand                         0x0800385f   Thumb Code     2  heapauxi.o(.text)
    __I$use$semihosting                      0x08003861   Thumb Code     0  use_no_semi.o(.text)
    __use_no_semihosting_swi                 0x08003861   Thumb Code     2  use_no_semi.o(.text)
    __rt_heap_descriptor                     0x08003865   Thumb Code     8  rt_heap_descriptor_intlibspace.o(.text)
    __use_no_heap                            0x0800386d   Thumb Code     2  hguard.o(.text)
    __heap$guard                             0x0800386f   Thumb Code     2  hguard.o(.text)
    _terminate_user_alloc                    0x08003871   Thumb Code     2  init_alloc.o(.text)
    _init_user_alloc                         0x08003873   Thumb Code     2  init_alloc.o(.text)
    __Heap_Full                              0x08003875   Thumb Code    34  init_alloc.o(.text)
    __Heap_Broken                            0x08003897   Thumb Code     6  init_alloc.o(.text)
    _init_alloc                              0x0800389d   Thumb Code    94  init_alloc.o(.text)
    __Heap_Initialize                        0x080038fb   Thumb Code    10  h1_init.o(.text)
    __Heap_DescSize                          0x08003905   Thumb Code     4  h1_init.o(.text)
    __read_errno                             0x08003909   Thumb Code    10  _rserrno.o(.text)
    __set_errno                              0x08003913   Thumb Code    12  _rserrno.o(.text)
    _printf_int_common                       0x0800391f   Thumb Code   178  _printf_intcommon.o(.text)
    __lib_sel_fp_printf                      0x080039d1   Thumb Code     2  _printf_fp_dec.o(.text)
    _printf_fp_dec_real                      0x08003b83   Thumb Code   620  _printf_fp_dec.o(.text)
    _printf_char_file                        0x08003df1   Thumb Code    32  _printf_char_file.o(.text)
    __user_libspace                          0x08003e15   Thumb Code     8  libspace.o(.text)
    __user_perproc_libspace                  0x08003e15   Thumb Code     0  libspace.o(.text)
    __user_perthread_libspace                0x08003e15   Thumb Code     0  libspace.o(.text)
    __rt_locale                              0x08003e1d   Thumb Code     8  rt_locale_intlibspace.o(.text)
    __aeabi_errno_addr                       0x08003e25   Thumb Code     8  rt_errno_addr_intlibspace.o(.text)
    __errno$intlibspace                      0x08003e25   Thumb Code     0  rt_errno_addr_intlibspace.o(.text)
    __rt_errno_addr$intlibspace              0x08003e25   Thumb Code     0  rt_errno_addr_intlibspace.o(.text)
    __Heap_ProvideMemory                     0x08003e2d   Thumb Code    52  h1_extend.o(.text)
    _ll_udiv10                               0x08003e61   Thumb Code   138  lludiv10.o(.text)
    _printf_char_common                      0x08003ef7   Thumb Code    32  _printf_char_common.o(.text)
    _printf_fp_infnan                        0x08003f1d   Thumb Code   112  _printf_fp_infnan.o(.text)
    _btod_etento                             0x08003f9d   Thumb Code   224  bigflt0.o(.text)
    ferror                                   0x08004081   Thumb Code     8  ferror.o(.text)
    __rt_SIGRTMEM                            0x08004089   Thumb Code    14  defsig_rtmem_outer.o(.text)
    __user_setup_stackheap                   0x08004097   Thumb Code    74  sys_stackheap_outer.o(.text)
    exit                                     0x080040e1   Thumb Code    18  exit.o(.text)
    __sig_exit                               0x080040f3   Thumb Code    10  defsig_exit.o(.text)
    __rt_SIGRTMEM_inner                      0x080040fd   Thumb Code    22  defsig_rtmem_inner.o(.text)
    strcmp                                   0x0800414d   Thumb Code   128  strcmpv7m.o(.text)
    __default_signal_display                 0x080041cd   Thumb Code    50  defsig_general.o(.text)
    _btod_d2e                                0x080041ff   Thumb Code    62  btod.o(CL$$btod_d2e)
    _d2e_denorm_low                          0x0800423d   Thumb Code    70  btod.o(CL$$btod_d2e_denorm_low)
    _d2e_norm_op1                            0x08004283   Thumb Code    96  btod.o(CL$$btod_d2e_norm_op1)
    __btod_div_common                        0x080042e3   Thumb Code   696  btod.o(CL$$btod_div_common)
    _e2e                                     0x0800461b   Thumb Code   220  btod.o(CL$$btod_e2e)
    _btod_ediv                               0x080046f7   Thumb Code    42  btod.o(CL$$btod_ediv)
    _btod_emul                               0x08004721   Thumb Code    42  btod.o(CL$$btod_emul)
    __btod_mult_common                       0x0800474b   Thumb Code   580  btod.o(CL$$btod_mult_common)
    __ARM_fpclassify                         0x0800498f   Thumb Code    48  fpclassify.o(i.__ARM_fpclassify)
    __hardfp_cos                             0x080049c1   Thumb Code   180  cos.o(i.__hardfp_cos)
    __hardfp_fabs                            0x08004a89   Thumb Code    20  fabs.o(i.__hardfp_fabs)
    __hardfp_sin                             0x08004aa1   Thumb Code   180  sin.o(i.__hardfp_sin)
    __ieee754_rem_pio2                       0x08004b69   Thumb Code   938  rred.o(i.__ieee754_rem_pio2)
    __kernel_cos                             0x08004fa1   Thumb Code   322  cos_i.o(i.__kernel_cos)
    __kernel_poly                            0x08005111   Thumb Code   248  poly.o(i.__kernel_poly)
    __kernel_sin                             0x08005209   Thumb Code   280  sin_i.o(i.__kernel_sin)
    __mathlib_dbl_infnan                     0x08005339   Thumb Code    20  dunder.o(i.__mathlib_dbl_infnan)
    __mathlib_dbl_invalid                    0x08005351   Thumb Code    24  dunder.o(i.__mathlib_dbl_invalid)
    __mathlib_dbl_underflow                  0x08005371   Thumb Code    24  dunder.o(i.__mathlib_dbl_underflow)
    fabs                                     0x08005391   Thumb Code    24  fabs.o(i.fabs)
    _get_lc_numeric                          0x080053a9   Thumb Code    44  lc_numeric_c.o(locale$$code)
    __aeabi_dneg                             0x080053d5   Thumb Code     0  basic.o(x$fpl$basic)
    _dneg                                    0x080053d5   Thumb Code     6  basic.o(x$fpl$basic)
    __aeabi_fneg                             0x080053db   Thumb Code     0  basic.o(x$fpl$basic)
    _fneg                                    0x080053db   Thumb Code     6  basic.o(x$fpl$basic)
    _dabs                                    0x080053e1   Thumb Code     6  basic.o(x$fpl$basic)
    _fabs                                    0x080053e7   Thumb Code     6  basic.o(x$fpl$basic)
    __aeabi_d2f                              0x080053ed   Thumb Code     0  d2f.o(x$fpl$d2f)
    _d2f                                     0x080053ed   Thumb Code    98  d2f.o(x$fpl$d2f)
    __aeabi_dadd                             0x08005451   Thumb Code     0  daddsub_clz.o(x$fpl$dadd)
    _dadd                                    0x08005451   Thumb Code   332  daddsub_clz.o(x$fpl$dadd)
    __fpl_dcmp_Inf                           0x080055a1   Thumb Code    24  dcmpi.o(x$fpl$dcmpinf)
    __aeabi_ddiv                             0x080055b9   Thumb Code     0  ddiv.o(x$fpl$ddiv)
    _ddiv                                    0x080055b9   Thumb Code   552  ddiv.o(x$fpl$ddiv)
    __aeabi_cdcmpeq                          0x08005869   Thumb Code     0  deqf.o(x$fpl$deqf)
    _dcmpeq                                  0x08005869   Thumb Code   120  deqf.o(x$fpl$deqf)
    __aeabi_d2iz                             0x080058e1   Thumb Code     0  dfix.o(x$fpl$dfix)
    _dfix                                    0x080058e1   Thumb Code    94  dfix.o(x$fpl$dfix)
    __aeabi_i2d                              0x0800593f   Thumb Code     0  dflt_clz.o(x$fpl$dflt)
    _dflt                                    0x0800593f   Thumb Code    46  dflt_clz.o(x$fpl$dflt)
    __aeabi_ui2d                             0x0800596d   Thumb Code     0  dflt_clz.o(x$fpl$dfltu)
    _dfltu                                   0x0800596d   Thumb Code    38  dflt_clz.o(x$fpl$dfltu)
    __aeabi_cdcmple                          0x08005995   Thumb Code     0  dleqf.o(x$fpl$dleqf)
    _dcmple                                  0x08005995   Thumb Code   120  dleqf.o(x$fpl$dleqf)
    __fpl_dcmple_InfNaN                      0x080059f7   Thumb Code     0  dleqf.o(x$fpl$dleqf)
    __aeabi_dmul                             0x08005a0d   Thumb Code     0  dmul.o(x$fpl$dmul)
    _dmul                                    0x08005a0d   Thumb Code   332  dmul.o(x$fpl$dmul)
    __fpl_dnaninf                            0x08005b61   Thumb Code   156  dnaninf.o(x$fpl$dnaninf)
    __fpl_dretinf                            0x08005bfd   Thumb Code    12  dretinf.o(x$fpl$dretinf)
    __aeabi_cdrcmple                         0x08005c09   Thumb Code     0  drleqf.o(x$fpl$drleqf)
    _drcmple                                 0x08005c09   Thumb Code   108  drleqf.o(x$fpl$drleqf)
    __aeabi_drsub                            0x08005c75   Thumb Code     0  daddsub_clz.o(x$fpl$drsb)
    _drsb                                    0x08005c75   Thumb Code    22  daddsub_clz.o(x$fpl$drsb)
    __aeabi_dsub                             0x08005c8d   Thumb Code     0  daddsub_clz.o(x$fpl$dsub)
    _dsub                                    0x08005c8d   Thumb Code   464  daddsub_clz.o(x$fpl$dsub)
    __aeabi_f2d                              0x08005e61   Thumb Code     0  f2d.o(x$fpl$f2d)
    _f2d                                     0x08005e61   Thumb Code    86  f2d.o(x$fpl$f2d)
    __fpl_fnaninf                            0x08005eb7   Thumb Code   140  fnaninf.o(x$fpl$fnaninf)
    _fp_init                                 0x08005f43   Thumb Code    10  fpinit.o(x$fpl$fpinit)
    __fplib_config_fpu_vfp                   0x08005f4b   Thumb Code     0  fpinit.o(x$fpl$fpinit)
    __fplib_config_pureend_doubles           0x08005f4b   Thumb Code     0  fpinit.o(x$fpl$fpinit)
    __fpl_fretinf                            0x08005f4d   Thumb Code    10  fretinf.o(x$fpl$fretinf)
    _printf_fp_dec                           0x08005f57   Thumb Code     4  printf1.o(x$fpl$printf1)
    __I$use$fp                               0x08005f5a   Number         0  usenofp.o(x$fpl$usenofp)
    memtblsize                               0x08005f5c   Data          12  memory_manage.o(.constdata)
    memblksize                               0x08005f68   Data          12  memory_manage.o(.constdata)
    memsize                                  0x08005f74   Data          12  memory_manage.o(.constdata)
    Region$$Table$$Base                      0x08006134   Number         0  anon$$obj.o(Region$$Table)
    Region$$Table$$Limit                     0x08006154   Number         0  anon$$obj.o(Region$$Table)
    mem3base                                 0x10000000   Data       61440  memory_manage.o(.ARM.__AT_0x10000000)
    mem3mapbase                              0x1000f000   Data        3840  memory_manage.o(.ARM.__AT_0x1000F000)
    SystemCoreClock                          0x20000000   Data           4  system_stm32f4xx.o(.data)
    AHBPrescTable                            0x20000004   Data          16  system_stm32f4xx.o(.data)
    _error                                   0x20000014   Data           2  dynamixel.o(.data)
    _nByteToBeRead                           0x20000016   Data           1  dynamixel.o(.data)
    _currentId                               0x20000017   Data           1  dynamixel.o(.data)
    _currentTimeout                          0x20000018   Data           4  dynamixel.o(.data)
    _returnDelayTime                         0x2000001c   Data           4  dynamixel.o(.data)
    _currentReturnDelayTime                  0x20000020   Data           4  dynamixel.o(.data)
    _dxlResult                               0x20000024   Data           2  dynamixel.o(.data)
    nByteToBeRead                            0x2000002c   Data           1  usart.o(.data)
    __stdout                                 0x20000030   Data           4  usart.o(.data)
    USART_RX_STA                             0x20000034   Data           1  usart.o(.data)
    USART2_RX_STA                            0x20000036   Data           2  usart.o(.data)
    mallco_dev                               0x20000038   Data          36  memory_manage.o(.data)
    USART_RX_BUF                             0x2000006c   Data          20  usart.o(.bss)
    USART2_RX_BUF                            0x20000080   Data          20  usart.o(.bss)
    mem1base                                 0x200000a0   Data       102400  memory_manage.o(.bss)
    mem1mapbase                              0x200190a0   Data        6400  memory_manage.o(.bss)
    __libspace_start                         0x2001a9a0   Data          96  libspace.o(.bss)
    __temporary_stack_top$libspace           0x2001aa00   Data           0  libspace.o(.bss)
    mem2base                                 0x68000000   Data       983040  memory_manage.o(.ARM.__AT_0x68000000)
    mem2mapbase                              0x680f0000   Data       61440  memory_manage.o(.ARM.__AT_0x680F0000)



==============================================================================

Memory Map of the image

  Image Entry point : 0x08000189

  Load Region LR_IROM1 (Base: 0x08000000, Size: 0x000061dc, Max: 0x00100000, ABSOLUTE)

    Execution Region ER_IROM1 (Exec base: 0x08000000, Load base: 0x08000000, Size: 0x00006170, Max: 0x00100000, ABSOLUTE)

    Exec Addr    Load Addr    Size         Type   Attr      Idx    E Section Name        Object

    0x08000000   0x08000000   0x00000188   Data   RO          467    RESET               startup_stm32f40_41xxx.o
    0x08000188   0x08000188   0x00000008   Code   RO          725  * !!!main             c_w.l(__main.o)
    0x08000190   0x08000190   0x00000034   Code   RO         1096    !!!scatter          c_w.l(__scatter.o)
    0x080001c4   0x080001c4   0x0000001a   Code   RO         1098    !!handler_copy      c_w.l(__scatter_copy.o)
    0x080001de   0x080001de   0x00000002   PAD
    0x080001e0   0x080001e0   0x0000001c   Code   RO         1100    !!handler_zi        c_w.l(__scatter_zi.o)
    0x080001fc   0x080001fc   0x00000000   Code   RO          720    .ARM.Collect$$_printf_percent$$00000000  c_w.l(_printf_percent.o)
    0x080001fc   0x080001fc   0x00000006   Code   RO          719    .ARM.Collect$$_printf_percent$$00000003  c_w.l(_printf_f.o)
    0x08000202   0x08000202   0x00000006   Code   RO          718    .ARM.Collect$$_printf_percent$$00000009  c_w.l(_printf_d.o)
    0x08000208   0x08000208   0x00000004   Code   RO          827    .ARM.Collect$$_printf_percent$$00000017  c_w.l(_printf_percent_end.o)
    0x0800020c   0x0800020c   0x00000002   Code   RO         1039    .ARM.Collect$$libinit$$00000000  c_w.l(libinit.o)
    0x0800020e   0x0800020e   0x00000004   Code   RO          832    .ARM.Collect$$libinit$$00000001  c_w.l(libinit2.o)
    0x08000212   0x08000212   0x00000000   Code   RO          835    .ARM.Collect$$libinit$$00000004  c_w.l(libinit2.o)
    0x08000212   0x08000212   0x00000008   Code   RO          836    .ARM.Collect$$libinit$$00000005  c_w.l(libinit2.o)
    0x0800021a   0x0800021a   0x00000000   Code   RO          838    .ARM.Collect$$libinit$$0000000A  c_w.l(libinit2.o)
    0x0800021a   0x0800021a   0x00000000   Code   RO          840    .ARM.Collect$$libinit$$0000000C  c_w.l(libinit2.o)
    0x0800021a   0x0800021a   0x00000000   Code   RO          842    .ARM.Collect$$libinit$$0000000E  c_w.l(libinit2.o)
    0x0800021a   0x0800021a   0x00000006   Code   RO          843    .ARM.Collect$$libinit$$0000000F  c_w.l(libinit2.o)
    0x08000220   0x08000220   0x00000000   Code   RO          845    .ARM.Collect$$libinit$$00000011  c_w.l(libinit2.o)
    0x08000220   0x08000220   0x00000000   Code   RO          847    .ARM.Collect$$libinit$$00000013  c_w.l(libinit2.o)
    0x08000220   0x08000220   0x00000000   Code   RO          849    .ARM.Collect$$libinit$$00000015  c_w.l(libinit2.o)
    0x08000220   0x08000220   0x0000000a   Code   RO          850    .ARM.Collect$$libinit$$00000016  c_w.l(libinit2.o)
    0x0800022a   0x0800022a   0x00000000   Code   RO          851    .ARM.Collect$$libinit$$00000017  c_w.l(libinit2.o)
    0x0800022a   0x0800022a   0x00000000   Code   RO          853    .ARM.Collect$$libinit$$00000019  c_w.l(libinit2.o)
    0x0800022a   0x0800022a   0x00000000   Code   RO          855    .ARM.Collect$$libinit$$0000001B  c_w.l(libinit2.o)
    0x0800022a   0x0800022a   0x00000000   Code   RO          857    .ARM.Collect$$libinit$$0000001D  c_w.l(libinit2.o)
    0x0800022a   0x0800022a   0x00000000   Code   RO          859    .ARM.Collect$$libinit$$0000001F  c_w.l(libinit2.o)
    0x0800022a   0x0800022a   0x00000000   Code   RO          861    .ARM.Collect$$libinit$$00000021  c_w.l(libinit2.o)
    0x0800022a   0x0800022a   0x00000000   Code   RO          863    .ARM.Collect$$libinit$$00000023  c_w.l(libinit2.o)
    0x0800022a   0x0800022a   0x00000000   Code   RO          865    .ARM.Collect$$libinit$$00000025  c_w.l(libinit2.o)
    0x0800022a   0x0800022a   0x00000000   Code   RO          869    .ARM.Collect$$libinit$$0000002C  c_w.l(libinit2.o)
    0x0800022a   0x0800022a   0x00000000   Code   RO          871    .ARM.Collect$$libinit$$0000002E  c_w.l(libinit2.o)
    0x0800022a   0x0800022a   0x00000000   Code   RO          873    .ARM.Collect$$libinit$$00000030  c_w.l(libinit2.o)
    0x0800022a   0x0800022a   0x00000000   Code   RO          875    .ARM.Collect$$libinit$$00000032  c_w.l(libinit2.o)
    0x0800022a   0x0800022a   0x00000002   Code   RO          876    .ARM.Collect$$libinit$$00000033  c_w.l(libinit2.o)
    0x0800022c   0x0800022c   0x00000002   Code   RO         1093    .ARM.Collect$$libshutdown$$00000000  c_w.l(libshutdown.o)
    0x0800022e   0x0800022e   0x00000000   Code   RO         1051    .ARM.Collect$$libshutdown$$00000002  c_w.l(libshutdown2.o)
    0x0800022e   0x0800022e   0x00000000   Code   RO         1053    .ARM.Collect$$libshutdown$$00000004  c_w.l(libshutdown2.o)
    0x0800022e   0x0800022e   0x00000000   Code   RO         1056    .ARM.Collect$$libshutdown$$00000007  c_w.l(libshutdown2.o)
    0x0800022e   0x0800022e   0x00000000   Code   RO         1059    .ARM.Collect$$libshutdown$$0000000A  c_w.l(libshutdown2.o)
    0x0800022e   0x0800022e   0x00000000   Code   RO         1061    .ARM.Collect$$libshutdown$$0000000C  c_w.l(libshutdown2.o)
    0x0800022e   0x0800022e   0x00000000   Code   RO         1064    .ARM.Collect$$libshutdown$$0000000F  c_w.l(libshutdown2.o)
    0x0800022e   0x0800022e   0x00000002   Code   RO         1065    .ARM.Collect$$libshutdown$$00000010  c_w.l(libshutdown2.o)
    0x08000230   0x08000230   0x00000000   Code   RO          793    .ARM.Collect$$rtentry$$00000000  c_w.l(__rtentry.o)
    0x08000230   0x08000230   0x00000000   Code   RO          926    .ARM.Collect$$rtentry$$00000002  c_w.l(__rtentry2.o)
    0x08000230   0x08000230   0x00000006   Code   RO          938    .ARM.Collect$$rtentry$$00000004  c_w.l(__rtentry4.o)
    0x08000236   0x08000236   0x00000000   Code   RO          928    .ARM.Collect$$rtentry$$00000009  c_w.l(__rtentry2.o)
    0x08000236   0x08000236   0x00000004   Code   RO          929    .ARM.Collect$$rtentry$$0000000A  c_w.l(__rtentry2.o)
    0x0800023a   0x0800023a   0x00000000   Code   RO          931    .ARM.Collect$$rtentry$$0000000C  c_w.l(__rtentry2.o)
    0x0800023a   0x0800023a   0x00000008   Code   RO          932    .ARM.Collect$$rtentry$$0000000D  c_w.l(__rtentry2.o)
    0x08000242   0x08000242   0x00000002   Code   RO         1040    .ARM.Collect$$rtexit$$00000000  c_w.l(rtexit.o)
    0x08000244   0x08000244   0x00000000   Code   RO         1067    .ARM.Collect$$rtexit$$00000002  c_w.l(rtexit2.o)
    0x08000244   0x08000244   0x00000004   Code   RO         1068    .ARM.Collect$$rtexit$$00000003  c_w.l(rtexit2.o)
    0x08000248   0x08000248   0x00000006   Code   RO         1069    .ARM.Collect$$rtexit$$00000004  c_w.l(rtexit2.o)
    0x0800024e   0x0800024e   0x00000002   PAD
    0x08000250   0x08000250   0x00000000   Code   RO          952    .emb_text           c_w.l(maybetermalloc1.o)
    0x08000250   0x08000250   0x000003c8   Code   RO            3    .text               main.o
    0x08000618   0x08000618   0x0000001a   Code   RO          182    .text               stm32f4xx_it.o
    0x08000632   0x08000632   0x00000002   PAD
    0x08000634   0x08000634   0x00000210   Code   RO          231    .text               system_stm32f4xx.o
    0x08000844   0x08000844   0x00000040   Code   RO          257    .text               led.o
    0x08000884   0x08000884   0x000007ec   Code   RO          318    .text               dynamixel.o
    0x08001070   0x08001070   0x00000064   Code   RO          341    .text               motor.o
    0x080010d4   0x080010d4   0x00000104   Code   RO          364    .text               delay.o
    0x080011d8   0x080011d8   0x000002f8   Code   RO          404    .text               usart.o
    0x080014d0   0x080014d0   0x0000022c   Code   RO          435    .text               memory_manage.o
    0x080016fc   0x080016fc   0x00000040   Code   RO          468    .text               startup_stm32f40_41xxx.o
    0x0800173c   0x0800173c   0x000000e0   Code   RO          474    .text               misc.o
    0x0800181c   0x0800181c   0x00000294   Code   RO          494    .text               stm32f4xx_gpio.o
    0x08001ab0   0x08001ab0   0x0000065c   Code   RO          514    .text               stm32f4xx_rcc.o
    0x0800210c   0x0800210c   0x00000454   Code   RO          556    .text               stm32f4xx_usart.o
    0x08002560   0x08002560   0x00000494   Code   RO          576    .text               hopf_cpg.o
    0x080029f4   0x080029f4   0x00000c22   Code   RO          602    .text               matrix.o
    0x08003616   0x08003616   0x00000002   Code   RO          626    .text               c_w.l(use_no_semi_2.o)
    0x08003618   0x08003618   0x0000005e   Code   RO          632    .text               c_w.l(h1_alloc.o)
    0x08003676   0x08003676   0x0000004e   Code   RO          634    .text               c_w.l(h1_free.o)
    0x080036c4   0x080036c4   0x00000018   Code   RO          692    .text               c_w.l(noretval__2printf.o)
    0x080036dc   0x080036dc   0x00000078   Code   RO          696    .text               c_w.l(_printf_dec.o)
    0x08003754   0x08003754   0x000000b8   Code   RO          701    .text               c_w.l(__printf_ss.o)
    0x0800380c   0x0800380c   0x0000004e   Code   RO          721    .text               c_w.l(rt_memclr_w.o)
    0x0800385a   0x0800385a   0x00000006   Code   RO          723    .text               c_w.l(heapauxi.o)
    0x08003860   0x08003860   0x00000002   Code   RO          789    .text               c_w.l(use_no_semi.o)
    0x08003862   0x08003862   0x00000002   PAD
    0x08003864   0x08003864   0x00000008   Code   RO          797    .text               c_w.l(rt_heap_descriptor_intlibspace.o)
    0x0800386c   0x0800386c   0x00000004   Code   RO          799    .text               c_w.l(hguard.o)
    0x08003870   0x08003870   0x0000008a   Code   RO          801    .text               c_w.l(init_alloc.o)
    0x080038fa   0x080038fa   0x0000000e   Code   RO          805    .text               c_w.l(h1_init.o)
    0x08003908   0x08003908   0x00000016   Code   RO          819    .text               c_w.l(_rserrno.o)
    0x0800391e   0x0800391e   0x000000b2   Code   RO          821    .text               c_w.l(_printf_intcommon.o)
    0x080039d0   0x080039d0   0x0000041e   Code   RO          823    .text               c_w.l(_printf_fp_dec.o)
    0x08003dee   0x08003dee   0x00000002   PAD
    0x08003df0   0x08003df0   0x00000024   Code   RO          825    .text               c_w.l(_printf_char_file.o)
    0x08003e14   0x08003e14   0x00000008   Code   RO          922    .text               c_w.l(libspace.o)
    0x08003e1c   0x08003e1c   0x00000008   Code   RO          943    .text               c_w.l(rt_locale_intlibspace.o)
    0x08003e24   0x08003e24   0x00000008   Code   RO          948    .text               c_w.l(rt_errno_addr_intlibspace.o)
    0x08003e2c   0x08003e2c   0x00000034   Code   RO          954    .text               c_w.l(h1_extend.o)
    0x08003e60   0x08003e60   0x0000008a   Code   RO          958    .text               c_w.l(lludiv10.o)
    0x08003eea   0x08003eea   0x00000002   PAD
    0x08003eec   0x08003eec   0x00000030   Code   RO          960    .text               c_w.l(_printf_char_common.o)
    0x08003f1c   0x08003f1c   0x00000080   Code   RO          962    .text               c_w.l(_printf_fp_infnan.o)
    0x08003f9c   0x08003f9c   0x000000e4   Code   RO          964    .text               c_w.l(bigflt0.o)
    0x08004080   0x08004080   0x00000008   Code   RO          989    .text               c_w.l(ferror.o)
    0x08004088   0x08004088   0x0000000e   Code   RO          996    .text               c_w.l(defsig_rtmem_outer.o)
    0x08004096   0x08004096   0x0000004a   Code   RO         1014    .text               c_w.l(sys_stackheap_outer.o)
    0x080040e0   0x080040e0   0x00000012   Code   RO         1022    .text               c_w.l(exit.o)
    0x080040f2   0x080040f2   0x0000000a   Code   RO         1024    .text               c_w.l(defsig_exit.o)
    0x080040fc   0x080040fc   0x00000050   Code   RO         1026    .text               c_w.l(defsig_rtmem_inner.o)
    0x0800414c   0x0800414c   0x00000080   Code   RO         1028    .text               c_w.l(strcmpv7m.o)
    0x080041cc   0x080041cc   0x00000032   Code   RO         1048    .text               c_w.l(defsig_general.o)
    0x080041fe   0x080041fe   0x0000003e   Code   RO          967    CL$$btod_d2e        c_w.l(btod.o)
    0x0800423c   0x0800423c   0x00000046   Code   RO          969    CL$$btod_d2e_denorm_low  c_w.l(btod.o)
    0x08004282   0x08004282   0x00000060   Code   RO          968    CL$$btod_d2e_norm_op1  c_w.l(btod.o)
    0x080042e2   0x080042e2   0x00000338   Code   RO          977    CL$$btod_div_common  c_w.l(btod.o)
    0x0800461a   0x0800461a   0x000000dc   Code   RO          974    CL$$btod_e2e        c_w.l(btod.o)
    0x080046f6   0x080046f6   0x0000002a   Code   RO          971    CL$$btod_ediv       c_w.l(btod.o)
    0x08004720   0x08004720   0x0000002a   Code   RO          970    CL$$btod_emul       c_w.l(btod.o)
    0x0800474a   0x0800474a   0x00000244   Code   RO          976    CL$$btod_mult_common  c_w.l(btod.o)
    0x0800498e   0x0800498e   0x00000030   Code   RO         1009    i.__ARM_fpclassify  m_wm.l(fpclassify.o)
    0x080049be   0x080049be   0x00000002   PAD
    0x080049c0   0x080049c0   0x000000c8   Code   RO          759    i.__hardfp_cos      m_wm.l(cos.o)
    0x08004a88   0x08004a88   0x00000014   Code   RO          771    i.__hardfp_fabs     m_wm.l(fabs.o)
    0x08004a9c   0x08004a9c   0x00000004   PAD
    0x08004aa0   0x08004aa0   0x000000c8   Code   RO          777    i.__hardfp_sin      m_wm.l(sin.o)
    0x08004b68   0x08004b68   0x00000438   Code   RO          909    i.__ieee754_rem_pio2  m_wm.l(rred.o)
    0x08004fa0   0x08004fa0   0x00000170   Code   RO          892    i.__kernel_cos      m_wm.l(cos_i.o)
    0x08005110   0x08005110   0x000000f8   Code   RO         1011    i.__kernel_poly     m_wm.l(poly.o)
    0x08005208   0x08005208   0x00000130   Code   RO          914    i.__kernel_sin      m_wm.l(sin_i.o)
    0x08005338   0x08005338   0x00000014   Code   RO          896    i.__mathlib_dbl_infnan  m_wm.l(dunder.o)
    0x0800534c   0x0800534c   0x00000004   PAD
    0x08005350   0x08005350   0x00000020   Code   RO          898    i.__mathlib_dbl_invalid  m_wm.l(dunder.o)
    0x08005370   0x08005370   0x00000020   Code   RO          901    i.__mathlib_dbl_underflow  m_wm.l(dunder.o)
    0x08005390   0x08005390   0x00000018   Code   RO          773    i.fabs              m_wm.l(fabs.o)
    0x080053a8   0x080053a8   0x0000002c   Code   RO          994    locale$$code        c_w.l(lc_numeric_c.o)
    0x080053d4   0x080053d4   0x00000018   Code   RO          877    x$fpl$basic         fz_wm.l(basic.o)
    0x080053ec   0x080053ec   0x00000062   Code   RO          727    x$fpl$d2f           fz_wm.l(d2f.o)
    0x0800544e   0x0800544e   0x00000002   PAD
    0x08005450   0x08005450   0x00000150   Code   RO          729    x$fpl$dadd          fz_wm.l(daddsub_clz.o)
    0x080055a0   0x080055a0   0x00000018   Code   RO          879    x$fpl$dcmpinf       fz_wm.l(dcmpi.o)
    0x080055b8   0x080055b8   0x000002b0   Code   RO          736    x$fpl$ddiv          fz_wm.l(ddiv.o)
    0x08005868   0x08005868   0x00000078   Code   RO          739    x$fpl$deqf          fz_wm.l(deqf.o)
    0x080058e0   0x080058e0   0x0000005e   Code   RO          741    x$fpl$dfix          fz_wm.l(dfix.o)
    0x0800593e   0x0800593e   0x0000002e   Code   RO          746    x$fpl$dflt          fz_wm.l(dflt_clz.o)
    0x0800596c   0x0800596c   0x00000026   Code   RO          745    x$fpl$dfltu         fz_wm.l(dflt_clz.o)
    0x08005992   0x08005992   0x00000002   PAD
    0x08005994   0x08005994   0x00000078   Code   RO          881    x$fpl$dleqf         fz_wm.l(dleqf.o)
    0x08005a0c   0x08005a0c   0x00000154   Code   RO          751    x$fpl$dmul          fz_wm.l(dmul.o)
    0x08005b60   0x08005b60   0x0000009c   Code   RO          883    x$fpl$dnaninf       fz_wm.l(dnaninf.o)
    0x08005bfc   0x08005bfc   0x0000000c   Code   RO          885    x$fpl$dretinf       fz_wm.l(dretinf.o)
    0x08005c08   0x08005c08   0x0000006c   Code   RO          753    x$fpl$drleqf        fz_wm.l(drleqf.o)
    0x08005c74   0x08005c74   0x00000016   Code   RO          730    x$fpl$drsb          fz_wm.l(daddsub_clz.o)
    0x08005c8a   0x08005c8a   0x00000002   PAD
    0x08005c8c   0x08005c8c   0x000001d4   Code   RO          731    x$fpl$dsub          fz_wm.l(daddsub_clz.o)
    0x08005e60   0x08005e60   0x00000056   Code   RO          755    x$fpl$f2d           fz_wm.l(f2d.o)
    0x08005eb6   0x08005eb6   0x0000008c   Code   RO          887    x$fpl$fnaninf       fz_wm.l(fnaninf.o)
    0x08005f42   0x08005f42   0x0000000a   Code   RO         1005    x$fpl$fpinit        fz_wm.l(fpinit.o)
    0x08005f4c   0x08005f4c   0x0000000a   Code   RO          889    x$fpl$fretinf       fz_wm.l(fretinf.o)
    0x08005f56   0x08005f56   0x00000004   Code   RO          757    x$fpl$printf1       fz_wm.l(printf1.o)
    0x08005f5a   0x08005f5a   0x00000000   Code   RO          891    x$fpl$usenofp       fz_wm.l(usenofp.o)
    0x08005f5a   0x08005f5a   0x00000002   PAD
    0x08005f5c   0x08005f5c   0x00000024   Data   RO          441    .constdata          memory_manage.o
    0x08005f80   0x08005f80   0x00000030   Data   RO          893    .constdata          m_wm.l(cos_i.o)
    0x08005fb0   0x08005fb0   0x000000c8   Data   RO          911    .constdata          m_wm.l(rred.o)
    0x08006078   0x08006078   0x00000028   Data   RO          915    .constdata          m_wm.l(sin_i.o)
    0x080060a0   0x080060a0   0x00000094   Data   RO          965    .constdata          c_w.l(bigflt0.o)
    0x08006134   0x08006134   0x00000020   Data   RO         1094    Region$$Table       anon$$obj.o
    0x08006154   0x08006154   0x0000001c   Data   RO          993    locale$$data        c_w.l(lc_numeric_c.o)


    Execution Region RW_IRAM1 (Exec base: 0x20000000, Load base: 0x08006170, Size: 0x0001b000, Max: 0x00020000, ABSOLUTE)

    Exec Addr    Load Addr    Size         Type   Attr      Idx    E Section Name        Object

    0x20000000   0x08006170   0x00000014   Data   RW          232    .data               system_stm32f4xx.o
    0x20000014   0x08006184   0x00000012   Data   RW          319    .data               dynamixel.o
    0x20000026   0x08006196   0x00000004   Data   RW          365    .data               delay.o
    0x2000002a   0x0800619a   0x00000002   PAD
    0x2000002c   0x0800619c   0x0000000c   Data   RW          406    .data               usart.o
    0x20000038   0x080061a8   0x00000024   Data   RW          442    .data               memory_manage.o
    0x2000005c   0x080061cc   0x00000010   Data   RW          515    .data               stm32f4xx_rcc.o
    0x2000006c        -       0x00000028   Zero   RW          405    .bss                usart.o
    0x20000094   0x080061dc   0x0000000c   PAD
    0x200000a0        -       0x0001a900   Zero   RW          440    .bss                memory_manage.o
    0x2001a9a0        -       0x00000060   Zero   RW          923    .bss                c_w.l(libspace.o)
    0x2001aa00        -       0x00000200   Zero   RW          466    HEAP                startup_stm32f40_41xxx.o
    0x2001ac00        -       0x00000400   Zero   RW          465    STACK               startup_stm32f40_41xxx.o



  Load Region LR$$.ARM.__AT_0x10000000 (Base: 0x10000000, Size: 0x00000000, Max: 0x0000f000, ABSOLUTE)

    Execution Region ER$$.ARM.__AT_0x10000000 (Exec base: 0x10000000, Load base: 0x10000000, Size: 0x0000f000, Max: 0x0000f000, ABSOLUTE, UNINIT)

    Exec Addr    Load Addr    Size         Type   Attr      Idx    E Section Name        Object

    0x10000000        -       0x0000f000   Zero   RW          436    .ARM.__AT_0x10000000  memory_manage.o



  Load Region LR$$.ARM.__AT_0x1000F000 (Base: 0x1000f000, Size: 0x00000000, Max: 0x00000f00, ABSOLUTE)

    Execution Region ER$$.ARM.__AT_0x1000F000 (Exec base: 0x1000f000, Load base: 0x1000f000, Size: 0x00000f00, Max: 0x00000f00, ABSOLUTE, UNINIT)

    Exec Addr    Load Addr    Size         Type   Attr      Idx    E Section Name        Object

    0x1000f000        -       0x00000f00   Zero   RW          437    .ARM.__AT_0x1000F000  memory_manage.o



  Load Region LR$$.ARM.__AT_0x68000000 (Base: 0x68000000, Size: 0x00000000, Max: 0x000f0000, ABSOLUTE)

    Execution Region ER$$.ARM.__AT_0x68000000 (Exec base: 0x68000000, Load base: 0x68000000, Size: 0x000f0000, Max: 0x000f0000, ABSOLUTE, UNINIT)

    Exec Addr    Load Addr    Size         Type   Attr      Idx    E Section Name        Object

    0x68000000        -       0x000f0000   Zero   RW          438    .ARM.__AT_0x68000000  memory_manage.o



  Load Region LR$$.ARM.__AT_0x680F0000 (Base: 0x680f0000, Size: 0x00000000, Max: 0x0000f000, ABSOLUTE)

    Execution Region ER$$.ARM.__AT_0x680F0000 (Exec base: 0x680f0000, Load base: 0x680f0000, Size: 0x0000f000, Max: 0x0000f000, ABSOLUTE, UNINIT)

    Exec Addr    Load Addr    Size         Type   Attr      Idx    E Section Name        Object

    0x680f0000        -       0x0000f000   Zero   RW          439    .ARM.__AT_0x680F0000  memory_manage.o


==============================================================================

Image component sizes


      Code (inc. data)   RO Data    RW Data    ZI Data      Debug   Object Name

       260          8          0          4          0       1469   delay.o
      2028         60          0         18          0      16141   dynamixel.o
      1172         10          0          0          0       2348   hopf_cpg.o
        64          4          0          0          0        519   led.o
       968         74          0          0          0     264327   main.o
      3106         28          0          0          0       7911   matrix.o
       556         18         36         36    1218560       5093   memory_manage.o
       224         20          0          0          0       1809   misc.o
       100         10          0          0          0       1112   motor.o
        64         26        392          0       1536        828   startup_stm32f40_41xxx.o
       660         44          0          0          0       4149   stm32f4xx_gpio.o
        26          0          0          0          0       1218   stm32f4xx_it.o
      1628         52          0         16          0      13020   stm32f4xx_rcc.o
      1108         34          0          0          0       7872   stm32f4xx_usart.o
       528         46          0         20          0       1763   system_stm32f4xx.o
       760         34          0         12         40       5332   usart.o

    ----------------------------------------------------------------------
     13254        468        460        108    1220148     334911   Object Totals
         0          0         32          0          0          0   (incl. Generated)
         2          0          0          2         12          0   (incl. Padding)

    ----------------------------------------------------------------------

      Code (inc. data)   RO Data    RW Data    ZI Data      Debug   Library Member Name

         8          0          0          0          0         68   __main.o
       184          0          0          0          0         84   __printf_ss.o
         0          0          0          0          0          0   __rtentry.o
        12          0          0          0          0          0   __rtentry2.o
         6          0          0          0          0          0   __rtentry4.o
        52          8          0          0          0          0   __scatter.o
        26          0          0          0          0          0   __scatter_copy.o
        28          0          0          0          0          0   __scatter_zi.o
        48          6          0          0          0         96   _printf_char_common.o
        36          4          0          0          0         80   _printf_char_file.o
         6          0          0          0          0          0   _printf_d.o
       120         16          0          0          0         92   _printf_dec.o
         6          0          0          0          0          0   _printf_f.o
      1054          0          0          0          0        216   _printf_fp_dec.o
       128         16          0          0          0         84   _printf_fp_infnan.o
       178          0          0          0          0         88   _printf_intcommon.o
         0          0          0          0          0          0   _printf_percent.o
         4          0          0          0          0          0   _printf_percent_end.o
        22          0          0          0          0        100   _rserrno.o
       228          4        148          0          0         96   bigflt0.o
      1936        128          0          0          0        672   btod.o
        10          0          0          0          0         68   defsig_exit.o
        50          0          0          0          0         88   defsig_general.o
        80         58          0          0          0         76   defsig_rtmem_inner.o
        14          0          0          0          0         80   defsig_rtmem_outer.o
        18          0          0          0          0         80   exit.o
         8          0          0          0          0         68   ferror.o
        94          0          0          0          0         80   h1_alloc.o
        52          0          0          0          0         68   h1_extend.o
        78          0          0          0          0         80   h1_free.o
        14          0          0          0          0         84   h1_init.o
         6          0          0          0          0        152   heapauxi.o
         4          0          0          0          0        136   hguard.o
       138          0          0          0          0        168   init_alloc.o
        44         10         28          0          0         76   lc_numeric_c.o
         2          0          0          0          0          0   libinit.o
        30          0          0          0          0          0   libinit2.o
         2          0          0          0          0          0   libshutdown.o
         2          0          0          0          0          0   libshutdown2.o
         8          4          0          0         96         68   libspace.o
       138          0          0          0          0         80   lludiv10.o
         0          0          0          0          0          0   maybetermalloc1.o
        24          4          0          0          0         84   noretval__2printf.o
         8          4          0          0          0         68   rt_errno_addr_intlibspace.o
         8          4          0          0          0         68   rt_heap_descriptor_intlibspace.o
         8          4          0          0          0         68   rt_locale_intlibspace.o
        78          0          0          0          0         80   rt_memclr_w.o
         2          0          0          0          0          0   rtexit.o
        10          0          0          0          0          0   rtexit2.o
       128          0          0          0          0         68   strcmpv7m.o
        74          0          0          0          0         80   sys_stackheap_outer.o
         2          0          0          0          0         68   use_no_semi.o
         2          0          0          0          0         68   use_no_semi_2.o
        24          0          0          0          0        164   basic.o
        98          4          0          0          0        140   d2f.o
       826         16          0          0          0        492   daddsub_clz.o
        24          0          0          0          0        116   dcmpi.o
       688        140          0          0          0        256   ddiv.o
       120          4          0          0          0        140   deqf.o
        94          4          0          0          0        140   dfix.o
        84          0          0          0          0        232   dflt_clz.o
       120          4          0          0          0        140   dleqf.o
       340         12          0          0          0        152   dmul.o
       156          4          0          0          0        140   dnaninf.o
        12          0          0          0          0        116   dretinf.o
       108          0          0          0          0        128   drleqf.o
        86          4          0          0          0        132   f2d.o
       140          4          0          0          0        132   fnaninf.o
        10          0          0          0          0        116   fpinit.o
        10          0          0          0          0        116   fretinf.o
         4          0          0          0          0        116   printf1.o
         0          0          0          0          0          0   usenofp.o
       200         20          0          0          0        164   cos.o
       368         46         48          0          0        200   cos_i.o
        84         16          0          0          0        372   dunder.o
        44          0          0          0          0        248   fabs.o
        48          0          0          0          0        124   fpclassify.o
       248          0          0          0          0        152   poly.o
      1080        142        200          0          0        188   rred.o
       200         20          0          0          0        164   sin.o
       304         24         40          0          0        208   sin_i.o

    ----------------------------------------------------------------------
     10766        734        464          0         96       8568   Library Totals
        28          0          0          0          0          0   (incl. Padding)

    ----------------------------------------------------------------------

      Code (inc. data)   RO Data    RW Data    ZI Data      Debug   Library Name

      5218        270        176          0         96       3780   c_w.l
      2944        196          0          0          0       2968   fz_wm.l
      2576        268        288          0          0       1820   m_wm.l

    ----------------------------------------------------------------------
     10766        734        464          0         96       8568   Library Totals

    ----------------------------------------------------------------------

==============================================================================


      Code (inc. data)   RO Data    RW Data    ZI Data      Debug   

     24020       1202        924        108    1220244     335347   Grand Totals
     24020       1202        924        108    1220244     335347   ELF Image Totals
     24020       1202        924        108          0          0   ROM Totals

==============================================================================

    Total RO  Size (Code + RO Data)                24944 (  24.36kB)
    Total RW  Size (RW Data + ZI Data)           1220352 (1191.75kB)
    Total ROM Size (Code + RO Data + RW Data)      25052 (  24.46kB)

==============================================================================

